******************************************************************************
                  TI ARM Linker Unix v18.1.3                   
******************************************************************************
>> Linked Thu Nov  1 20:10:25 2018

OUTPUT FILE NAME:   <p2p.out>
ENTRY POINT SYMBOL: "_c_int00"  address: 01012031


MEMORY CONFIGURATION

         name            origin    length      used     unused   attr    fill
----------------------  --------  ---------  --------  --------  ----  --------
  FLASH_HDR             01000000   000007ff  00000000  000007ff  R  X
  FLASH                 01000800   000ff800  0001509a  000ea766  R  X
  SRAM                  20000000   00040000  0000c41e  00033be2  RW X


SEGMENT ALLOCATION MAP

run origin  load origin   length   init length attrs members
----------  ----------- ---------- ----------- ----- -------
01000800    01000800    000150a0   000150a0    r-x
  01000800    01000800    0000003c   0000003c    r-- .resetVecs
  01000840    01000840    00013eea   00013eea    r-x .text
  0101472c    0101472c    00000edc   00000edc    r-- .const
  01015608    01015608    00000298   00000298    r-- .cinit
20000310    20000310    00008000   00000000    r--
  20000310    20000310    00008000   00000000    r-- .priheap
20008310    20008310    0000202f   00000000    rw-
  20008310    20008310    0000202f   00000000    rw- .data
2000a400    2000a400    00001ce3   00000000    rw-
  2000a400    2000a400    00001ce3   00000000    rw- .bss
2003fc00    2003fc00    00000400   00000000    rw-
  2003fc00    2003fc00    00000400   00000000    rw- .stack


SECTION ALLOCATION MAP

 output                                  attributes/
section   page    origin      length       input sections
--------  ----  ----------  ----------   ----------------
.bootVecs 
*          0    00000000    00000008     DSECT
                  00000000    00000008     boot.aem4 : boot.oem4 (.bootVecs)

.resetVecs 
*          0    01000800    0000003c     
                  01000800    0000003c     release_pem4.oem4 (.resetVecs)

.vecs      0    20000000    0000030c     NOLOAD SECTION
                  20000000    0000030c     release_pem4.oem4 (.vecs)

xdc.meta   0    00000000    0000010e     COPY SECTION
                  00000000    0000010e     release_pem4.oem4 (xdc.meta)

xdc.noload 
*          0    00000000    00000000     COPY SECTION

.text      0    01000840    00013eea     
                  01000840    00000a4a     rtsv7M4_T_le_eabi.lib : _printfi.c.obj (.text:__TI_printfi)
                  0100128a    00000002     drivers_cc32xx.aem4 : UARTCC32XX.oem4 (.text:UARTCC32XX_init)
                  0100128c    00000914     simplelink.a : driver.obj (.text:_SlDrvMsgRead)
                  01001ba0    000004b0                  : sl_socket.obj (.text:_SlSocketHandleAsync_Select)
                  01002050    00000494     network_handler.obj (.text:ConfigureSimpleLinkToDefaultState)
                  010024e4    0000042c     driverlib.a : prcm.obj (.text:PRCMCC3200MCUInit)
                  01002910    000003d6     shelltask.obj (.text:ParseNProcessCmd)
                  01002ce6    00000002     rtsv7M4_T_le_eabi.lib : _lock.c.obj (.text:_nop)
                  01002ce8    000003b4     network_handler.obj (.text:Network_IF_ConnectAP)
                  0100309c    00000384     simplelink.a : driver.obj (.text:_SlDrvMsgWrite)
                  01003420    00000378     network_handler.obj (.text:Network_IF_WifiSetMode)
                  01003798    00000378     tcp.obj (.text:tcp_open_server)
                  01003b10    00000340     main_tirtos.obj (.text:main)
                  01003e50    000002fc     network_handler.obj (.text:Network_IF_provisionAP)
                  0100414c    000002e0     simplelink.a : driver.obj (.text:_SlDrvWaitForPoolObj)
                  0100442c    000002d8                  : driver.obj (.text:_SlDrvRxHdrRead)
                  01004704    000002b4     network_handler.obj (.text:Network_IF_InitDriver)
                  010049b8    000002b4     simplelink.a : sl_socket.obj (.text:sl_Select)
                  01004c6c    000002b0                  : wlan.obj (.text:sl_WlanProfileAdd)
                  01004f1c    00000294                  : driver.obj (.text:_SlDrvReleasePoolObj)
                  010051b0    0000028d     network_handler.obj (.text:SimpleLinkSockEventHandler)
                  0100543d    00000001     --HOLE-- [fill = 0]
                  0100543e    00000002     rtsv7M4_T_le_eabi.lib : div0.asm.obj (.text)
                  01005440    0000027c     simplelink.a : wlan.obj (.text:sl_WlanConnect)
                  010056bc    00000278     drivers_cc32xx.aem4 : UARTCC32XX.oem4 (.text:UARTCC32XX_open)
                  01005934    00000274     simplelink.a : driver.obj (.text:_SlDrvDataReadOp)
                  01005ba8    00000268     rtsv7M4_T_le_eabi.lib : _printfi.c.obj (.text:_pconv_a)
                  01005e10    00000240     system.obj (.text:system_registration)
                  01006050    00000224     simplelink.a : driver.obj (.text:_SlDrvDriverCBInit)
                  01006274    00000218                  : driver.obj (.text:_SlDrvDataWriteOp)
                  0100648c    000001f4                  : driver.obj (.text:_SlDrvMsgReadCmdCtx)
                  01006680    000001f2                  : netapp.obj (.text:_SlNetAppEventHandler)
                  01006872    00000002     release_pem4.oem4 (.text:ti_sysbios_BIOS_nullFunc__I)
                  01006874    000001e1     network_handler.obj (.text:SimpleLinkFatalErrorEventHandler)
                  01006a55    00000001     --HOLE-- [fill = 0]
                  01006a56    00000002     release_pem4.oem4 (.text:xdc_runtime_Startup_reset__I)
                  01006a58    000001d8     network_handler.obj (.text:SimpleLinkWlanEventHandler)
                  01006c30    000001d0     drivers_cc32xx.aem4 : SPICC32XXDMA.oem4 (.text:SPICC32XXDMA_transfer)
                  01006e00    000001cc     rtsv7M4_T_le_eabi.lib : _printfi.c.obj (.text:_pconv_g)
                  01006fcc    000001c8     drivers_cc32xx.aem4 : GPIOCC32XX.oem4 (.text:GPIO_setConfig)
                  01007194    000001bc     simplelink.a : device.obj (.text:sl_Stop)
                  01007350    000001b8     drivers_cc32xx.aem4 : SPICC32XXDMA.oem4 (.text:configDMA)
                  01007508    000001b6     rtsv7M4_T_le_eabi.lib : fd_add_t2.asm.obj (.text)
                  010076be    00000002     --HOLE-- [fill = 0]
                  010076c0    000001b5     shelltask.obj (.text:cmd_set_tcp)
                  01007875    00000003     --HOLE-- [fill = 0]
                  01007878    000001b4     simplelink.a : driver.obj (.text:_SlDrvReleaseAllActivePendingPoolObj)
                  01007a2c    000001b4                  : sl_socket.obj (.text:sl_Accept)
                  01007be0    00000190     system.obj (.text:DisplayUsage)
                  01007d70    0000018c     simplelink.a : sl_socket.obj (.text:_SlDrvRegisterForSelectAsync)
                  01007efc    00000188     sflash.obj (.text:InitFile)
                  01008084    00000184     simplelink.a : driver.obj (.text:_SlDrvFindAndSetActiveObj)
                  01008208    00000158     dpl_cc32xx.aem4 : PowerCC32XX_tirtos.oem4 (.text:PowerCC32XX_sleepPolicy)
                  01008360    00000158     drivers_cc32xx.aem4 : SPICC32XXDMA.oem4 (.text:SPICC32XXDMA_open)
                  010084b8    00000150     network_handler.obj (.text:SimpleLinkNetAppEventHandler)
                  01008608    00000150     drivers_cc32xx.aem4 : PowerCC32XX.oem4 (.text:parkPins)
                  01008758    0000014f     tcp.obj (.text:tcp_read)
                  010088a7    00000001     --HOLE-- [fill = 0]
                  010088a8    00000140     simplelink.a : driver.obj (.text:_SlDrvMsgReadSpawnCtx)
                  010089e8    0000013c                  : driver.obj (.text:_SlDrvDriverCBDeinit)
                  01008b24    0000013c     rtsv7M4_T_le_eabi.lib : _printfi.c.obj (.text:_pconv_e)
                  01008c60    00000138     tcp.obj (.text:TcpThread)
                  01008d98    00000136     rtsv7M4_T_le_eabi.lib : fd_div_t2.asm.obj (.text)
                  01008ece    00000002     --HOLE-- [fill = 0]
                  01008ed0    00000130     simplelink.a : sl_socket.obj (.text:_SlDrvGetNextTimeoutValue)
                  01009000    00000130     sysbios.aem4 : BIOS.obj (.text:ti_sysbios_knl_Semaphore_pend__E)
                  01009130    00000128     simplelink.a : driver.obj (.text:_SlDrvClassifyRxMsg)
                  01009258    00000124     shelltask.obj (.text:cmd_get_tcp)
                  0100937c    00000124     simplelink.a : fs.obj (.text:sl_FsOpen)
                  010094a0    00000122     shelltask.obj (.text:cmd_send_server)
                  010095c2    00000002     --HOLE-- [fill = 0]
                  010095c4    00000121     shelltask.obj (.text:cmd_set_tcp_file)
                  010096e5    00000003     --HOLE-- [fill = 0]
                  010096e8    00000120     drivers_cc32xx.aem4 : UARTCC32XX.oem4 (.text:UARTCC32XX_close)
                  01009808    00000120     simplelink.a : driver.obj (.text:_SlDrvAsyncEventGenericHandler)
                  01009928    00000120     shelltask.obj (.text:cmd_set_wifi)
                  01009a48    00000120     rtsv7M4_T_le_eabi.lib : _printfi.c.obj (.text:fcvt)
                  01009b68    0000011c     simplelink.a : device.obj (.text:sl_Start)
                  01009c84    00000004     dpl_cc32xx.aem4 : ClockP_tirtos.oem4 (.text:ClockP_getCpuFreq)
                  01009c88    0000011c     sysbios.aem4 : BIOS.obj (.text:xdc_runtime_Startup_startMods__I)
                  01009da4    00000118     drivers_cc32xx.aem4 : PowerCC32XX.oem4 (.text:Power_sleep)
                  01009ebc    00000118     simplelink.a : netapp.obj (.text:_SlNetAppHandleAsync_DnsGetHostByService)
                  01009fd4    00000110     shelltask.obj (.text:get_ip)
                  0100a0e4    00000110     rtsv7M4_T_le_eabi.lib : strtoul.c.obj (.text:strtoul)
                  0100a1f4    00000004     dpl_cc32xx.aem4 : ClockP_tirtos.oem4 (.text:ClockP_setTimeout)
                  0100a1f8    00000110     sysbios.aem4 : BIOS.obj (.text:ti_sysbios_knl_Task_postInit__I)
                  0100a308    00000108     network_handler.obj (.text:Network_IF_GetScanRTResult)
                  0100a410    00000104     simplelink.a : device.obj (.text:_SlDeviceEventHandler)
                  0100a514    00000104                  : driver.obj (.text:_SlDrvCmdOp)
                  0100a618    00000104                  : fs.obj (.text:sl_FsRead)
                  0100a71c    00000004     dpl_cc32xx.aem4 : ClockP_tirtos.oem4 (.text:ClockP_start)
                  0100a720    00000104     sysbios.aem4 : BIOS.obj (.text:ti_sysbios_knl_Task_Instance_finalize__E)
                  0100a824    00000100     sflash.obj (.text:ReadFileFromDevice)
                  0100a924    00000100     simplelink.a : driver.obj (.text:_SlDrvObjGlobalLockWaitForever)
                  0100aa24    00000100                  : sl_socket.obj (.text:sl_Close)
                  0100ab24    00000100                  : fs.obj (.text:sl_FsWrite)
                  0100ac24    000000fc     rtsv7M4_T_le_eabi.lib : fd_mul_t2.asm.obj (.text)
                  0100ad20    000000fc     sysbios.aem4 : BIOS.obj (.text:ti_sysbios_knl_Task_Instance_init__E)
                  0100ae1c    000000f8     sflash.obj (.text:WriteFileToDevice)
                  0100af14    000000f8     simplelink.a : fs.obj (.text:sl_FsGetInfo)
                  0100b00c    000000f4     system.obj (.text:ParseString)
                  0100b100    000000f4     simplelink.a : sl_socket.obj (.text:sl_SendTo)
                  0100b1f4    000000f2     drivers_cc32xx.aem4 : SPICC32XXDMA.oem4 (.text:SPICC32XXDMA_transferCancel)
                  0100b2e6    000000f2                         : UARTCC32XX.oem4 (.text:UARTCC32XX_control)
                  0100b3d8    000000ec     network_handler.obj (.text:Network_IF_IpConfigGet)
                  0100b4c4    00000004     dpl_cc32xx.aem4 : ClockP_tirtos.oem4 (.text:ClockP_stop)
                  0100b4c8    000000ec     sysbios.aem4 : BIOS.obj (.text:pthread_create)
                  0100b5b4    000000e8     spi_handler_temp.obj (.text:spi_slave_init_handler)
                  0100b69c    000000e4     spi_handler_temp.obj (.text:spi_tranfer_handler)
                  0100b780    000000e0     simplelink.a : driver.obj (.text:_SlSpawnMsgListInsert)
                  0100b860    000000e0     apconfig.obj (.text:ap_setname)
                  0100b940    000000e0     sysbios.aem4 : BIOS.obj (.text:clock_gettime)
                  0100ba20    000000dc     network_handler.obj (.text:Network_IF_Connect2AP)
                  0100bafc    000000da     userconfig.obj (.text:userconfig_get)
                  0100bbd6    00000002     --HOLE-- [fill = 0]
                  0100bbd8    000000d8     uart_terminal.obj (.text:GetCmd)
                  0100bcb0    000000d8     drivers_cc32xx.aem4 : SPICC32XXDMA.oem4 (.text:SPICC32XXDMA_close)
                  0100bd88    000000d8     simplelink.a : device.obj (.text:_SlDeviceHandleAsync_InitComplete)
                  0100be60    000000d8                  : driver.obj (.text:_SlDrvWaitForInternalAsyncEvent)
                  0100bf38    000000d8                  : netapp.obj (.text:_SlNetAppHandleAsync_NetAppReceive)
                  0100c010    000000d0                  : driver.obj (.text:_SlDrvRemoveFromList)
                  0100c0e0    000000d0                  : netapp.obj (.text:_SlNetAppMDNSRegisterUnregisterService)
                  0100c1b0    000000d0     rtsv7M4_T_le_eabi.lib : s_scalbn.c.obj (.text:scalbn)
                  0100c280    000000d0     sysbios.aem4 : m3_Hwi_asm.obj (.text:ti_sysbios_family_arm_m3_Hwi_dispatch__I)
                  0100c350    000000d0                  : BIOS.obj (.text:ti_sysbios_heaps_HeapMem_alloc__E)
                  0100c420    000000cf     tcp.obj (.text:tcp_write)
                  0100c4ef    00000001     --HOLE-- [fill = 0]
                  0100c4f0    000000c8     simplelink.a : sl_socket.obj (.text:_SlSocketHandleAsync_StartTLS)
                  0100c5b8    000000c8     system.obj (.text:get_wireless_config)
                  0100c680    000000c8     drivers_cc32xx.aem4 : SPICC32XXDMA.oem4 (.text:spiHwiFxn)
                  0100c748    000000c4                         : GPIOCC32XX.oem4 (.text:GPIO_init)
                  0100c80c    000000c4     network_handler.obj (.text:Network_IF_Connect2AP_static_ip)
                  0100c8d0    000000c4     system.obj (.text:system_IsRegistered)
                  0100c994    00000004     dpl_cc32xx.aem4 : HwiP_tirtos.oem4 (.text:HwiP_clearInterrupt)
                  0100c998    000000c4     sysbios.aem4 : BIOS.obj (.text:ti_sysbios_knl_Task_sleep__E)
                  0100ca5c    000000c2     drivers_cc32xx.aem4 : UARTCC32XX.oem4 (.text:UARTCC32XX_write)
                  0100cb1e    00000002     --HOLE-- [fill = 0]
                  0100cb20    000000c0     simplelink.a : cc_pal.obj (.text:NwpPowerOff)
                  0100cbe0    000000c0                  : netcfg.obj (.text:sl_NetCfgGet)
                  0100cca0    000000c0     system.obj (.text:system_init)
                  0100cd60    000000bc     simplelink.a : netapp.obj (.text:_SlNetAppSendResponse)
                  0100ce1c    000000bc                  : sl_socket.obj (.text:sl_Send)
                  0100ced8    000000bc                  : wlan.obj (.text:sl_WlanProvisioning)
                  0100cf94    00000004     dpl_cc32xx.aem4 : HwiP_tirtos.oem4 (.text:HwiP_disable)
                  0100cf98    000000bc     sysbios.aem4 : BIOS.obj (.text:xdc_runtime_Core_createObject__I)
                  0100d054    000000ba     drivers_cc32xx.aem4 : UARTCC32XX.oem4 (.text:UARTCC32XX_readPolling)
                  0100d10e    00000002     --HOLE-- [fill = 0]
                  0100d110    000000b8     simplelink.a : netapp.obj (.text:_SlNetAppHandleAsync_DnsGetHostByName)
                  0100d1c8    000000b8                  : netapp.obj (.text:_SlNetAppHandleAsync_PingResponse)
                  0100d280    000000b8     drivers_cc32xx.aem4 : UARTCC32XX.oem4 (.text:initHw)
                  0100d338    000000b6                         : UARTCC32XX.oem4 (.text:readTaskCallback)
                  0100d3ee    00000002     --HOLE-- [fill = 0]
                  0100d3f0    000000b4     system.obj (.text:PrintIPAddress)
                  0100d4a4    000000b4     simplelink.a : driver.obj (.text:_SlDrvHandleFatalError)
                  0100d558    000000b4                  : netutil.obj (.text:_SlNetUtilHandleAsync_Cmd)
                  0100d60c    000000b4     drivers_cc32xx.aem4 : PowerCC32XX.oem4 (.text:restoreParkedPins)
                  0100d6c0    000000b1     rtsv7M4_T_le_eabi.lib : _printfi.c.obj (.text:_ltostr)
                  0100d771    00000003     --HOLE-- [fill = 0]
                  0100d774    000000b1     shelltask.obj (.text:cmd_get_tcp_file)
                  0100d825    00000001     --HOLE-- [fill = 0]
                  0100d826    000000ae     drivers_cc32xx.aem4 : UARTCC32XX.oem4 (.text:readIsrTextBlocking)
                  0100d8d4    000000ac     simplelink.a : sl_socket.obj (.text:_SlSocketHandleAsync_Close)
                  0100d980    000000ac                  : sl_socket.obj (.text:_SlSocketHandleAsync_Connect)
                  0100da2c    000000ac     cc3220_system.obj (.text:get_mac_address)
                  0100dad8    000000aa     uart_terminal.obj (.text:Report)
                  0100db82    000000aa     userconfig.obj (.text:userconfig_set)
                  0100dc2c    000000a8     driverlib.a : prcm.obj (.text:PRCMPeripheralClockGet)
                  0100dcd4    000000a8     drivers_cc32xx.aem4 : PowerCC32XX.oem4 (.text:PowerCC32XX_configureWakeup)
                  0100dd7c    000000a8                         : UARTCC32XX.oem4 (.text:readTaskBlocking)
                  0100de24    000000a8     system.obj (.text:set_wireless_config)
                  0100decc    000000a8     simplelink.a : fs.obj (.text:sl_FsClose)
                  0100df74    000000a4                  : sl_socket.obj (.text:sl_Bind)
                  0100e018    000000a4     sysbios.aem4 : BIOS.obj (.text:ti_sysbios_knl_Task_setPri__E)
                  0100e0bc    000000a2     drivers_cc32xx.aem4 : UARTCC32XX.oem4 (.text:readIsrTextCallback)
                  0100e15e    000000a2                         : UARTCC32XX.oem4 (.text:writeData)
                  0100e200    000000a0     simplelink.a : fs.obj (.text:FsGetCreateFsMode)
                  0100e2a0    000000a0                  : sl_socket.obj (.text:_SlDrvUnRegisterForSelectAsync)
                  0100e340    000000a0                  : driver.obj (.text:_SlSpawnMsgListProcess)
                  0100e3e0    000000a0     auto_init.aem4 : auto_init.oem4 (.text)
                  0100e480    0000009e     simplelink.a : cc_pal.obj (.text:spi_Read)
                  0100e51e    0000009e                  : cc_pal.obj (.text:spi_Write)
                  0100e5bc    00000004     dpl_cc32xx.aem4 : HwiP_tirtos.oem4 (.text:HwiP_disableInterrupt)
                  0100e5c0    0000009c     sysbios.aem4 : BIOS.obj (.text:_pthread_removeThreadKeys)
                  0100e65c    0000009c     rtsv7M4_T_le_eabi.lib : memcpy_t2.asm.obj (.text)
                  0100e6f8    0000009a     shelltask.obj (.text:ShellThread)
                  0100e792    00000098     uart_terminal.obj (.text:TrimSpace)
                  0100e82a    00000002     --HOLE-- [fill = 0]
                  0100e82c    00000098     drivers_cc32xx.aem4 : GPIOCC32XX.oem4 (.text:powerNotifyFxn)
                  0100e8c4    00000004     dpl_cc32xx.aem4 : HwiP_tirtos.oem4 (.text:HwiP_enableInterrupt)
                  0100e8c8    00000098     sysbios.aem4 : BIOS.obj (.text:ti_sysbios_family_arm_m3_Hwi_Instance_init__E)
                  0100e960    00000096     system.obj (.text:ipv4AddressParse)
                  0100e9f6    00000096     rtsv7M4_T_le_eabi.lib : ull_div_t2.asm.obj (.text)
                  0100ea8c    00000094     simplelink.a : cc_pal.obj (.text:Semaphore_pend_handle)
                  0100eb20    00000094     drivers_cc32xx.aem4 : SPICC32XXDMA.oem4 (.text:initHw)
                  0100ebb4    00000094     simplelink.a : wlan.obj (.text:sl_WlanGetNetworkList)
                  0100ec48    00000094     sysbios.aem4 : BIOS.obj (.text:ti_sysbios_knl_Task_exit__E)
                  0100ecdc    00000090     simplelink.a : device.obj (.text:_SlDeviceHandleAsync_Stop)
                  0100ed6c    00000090                  : sl_socket.obj (.text:_SlSocketHandleAsync_Accept)
                  0100edfc    00000090     drivers_cc32xx.aem4 : PowerCC32XX.oem4 (.text:restoreNVICRegs)
                  0100ee8c    00000090     system.obj (.text:sec_string_to_num)
                  0100ef1c    00000004     drivers_cc32xx.aem4 : SPICC32XXDMA.oem4 (.text:SPICC32XXDMA_init)
                  0100ef20    00000090     sysbios.aem4 : BIOS.obj (.text:ti_sysbios_knl_Task_Module_startup__E)
                  0100efb0    0000008c     simplelink.a : driver.obj (.text:_SlDrvDriverIsApiAllowed)
                  0100f03c    0000008c                  : sl_socket.obj (.text:sl_Recv)
                  0100f0c8    0000008c     sysbios.aem4 : BIOS.obj (.text:xdc_runtime_Memory_alloc__E)
                  0100f154    00000088     driverlib.a : pin.obj (.text:PinConfigSet)
                  0100f1dc    00000088     simplelink.a : driver.obj (.text:_SlDrvProtectAsyncRespSetting)
                  0100f264    00000004     dpl_cc32xx.aem4 : SemaphoreP_tirtos.oem4 (.text:SemaphoreP_post)
                  0100f268    00000088     sysbios.aem4 : BIOS.obj (.text:ti_sysbios_family_arm_m3_Hwi_initNVIC__E)
                  0100f2f0    00000088                  : BIOS.obj (.text:ti_sysbios_family_arm_m3_TaskSupport_start__E)
                  0100f378    00000086     simplelink.a : driver.obj (.text:_SlDrvIsTimeoutExpired)
                  0100f3fe    00000086     rtsv7M4_T_le_eabi.lib : fd_cmp_t2.asm.obj (.text:__aeabi_cdcmple)
                  0100f484    00000086                           : fd_cmp_t2.asm.obj (.text:__aeabi_cdrcmple)
                  0100f50a    00000006     drivers_cc32xx.aem4 : SPICC32XXDMA.oem4 (.text:SPICC32XXDMA_control)
                  0100f510    00000086     sysbios.aem4 : BIOS.obj (.text:xdc_runtime_Core_constructObject__I)
                  0100f596    00000002     --HOLE-- [fill = 0]
                  0100f598    00000084     driverlib.a : prcm.obj (.text:PRCMHibernateIntervalSet)
                  0100f61c    00000084     drivers_cc32xx.aem4 : PowerCC32XX.oem4 (.text:Power_init)
                  0100f6a0    00000084                         : PowerCC32XX.oem4 (.text:saveNVICRegs)
                  0100f724    00000084     simplelink.a : netcfg.obj (.text:sl_NetCfgSet)
                  0100f7a8    00000084                  : sl_socket.obj (.text:sl_SetSockOpt)
                  0100f82c    00000084                  : wlan.obj (.text:sl_WlanSet)
                  0100f8b0    00000084     sysbios.aem4 : BIOS.obj (.text:ti_sysbios_family_arm_m3_Hwi_postInit__I)
                  0100f934    00000004     userconfig.obj (.text:get_userconfig_size)
                  0100f938    00000084     sysbios.aem4 : BIOS.obj (.text:ti_sysbios_heaps_HeapMem_free__E)
                  0100f9bc    00000082     xmlcreate.obj (.text:write_xml_string)
                  0100fa3e    00000002     --HOLE-- [fill = 0]
                  0100fa40    00000080     drivers_cc32xx.aem4 : PowerCC32XX.oem4 (.text:Power_setDependency)
                  0100fac0    00000080     sysbios.aem4 : BIOS.obj (.text:ti_sysbios_knl_Clock_workFunc__E)
                  0100fb40    0000007c     drivers_cc32xx.aem4 : UDMACC32XX.oem4 (.text:UDMACC32XX_open)
                  0100fbbc    00000004     release_pem4.oem4 (.text:ti_sysbios_BIOS_RtsGateProxy_enter__E)
                  0100fbc0    0000007c     sysbios.aem4 : BIOS.obj (.text:_pthread_abstime2ticks)
                  0100fc3c    0000007c     drivers_cc32xx.aem4 : UARTCC32XX.oem4 (.text:readIsrBinaryBlocking)
                  0100fcb8    0000007c     simplelink.a : wlan.obj (.text:sl_WlanPolicySet)
                  0100fd34    0000007a     rtsv7M4_T_le_eabi.lib : memset_t2.asm.obj (.text)
                  0100fdae    00000002     --HOLE-- [fill = 0]
                  0100fdb0    00000078     drivers_cc32xx.aem4 : GPIOCC32XX.oem4 (.text:GPIO_hwiIntFxn)
                  0100fe28    00000078                         : UARTCC32XX.oem4 (.text:readIsrBinaryCallback)
                  0100fea0    00000078     simplelink.a : sl_socket.obj (.text:sl_Socket)
                  0100ff18    00000074     drivers_cc32xx.aem4 : UARTCC32XX.oem4 (.text:UARTCC32XX_hwiIntFxn)
                  0100ff8c    00000004     release_pem4.oem4 (.text:ti_sysbios_BIOS_RtsGateProxy_leave__E)
                  0100ff90    00000074     sysbios.aem4 : BIOS.obj (.text:xdc_runtime_Core_deleteObject__I)
                  01010004    00000070     simplelink.a : driver.obj (.text:_SlDrvCmdSend_noLock)
                  01010074    00000004     release_pem4.oem4 (.text:ti_sysbios_family_arm_m3_Hwi_delete)
                  01010078    00000070     sysbios.aem4 : BIOS.obj (.text:acquireMutexNone$45)
                  010100e8    00000070     userconfig.obj (.text:assign_information)
                  01010158    00000070     sysbios.aem4 : BIOS.obj (.text:ti_sysbios_heaps_HeapMem_initPrimary__I)
                  010101c8    0000006e     rtsv7M4_T_le_eabi.lib : _printfi.c.obj (.text:_mcpy)
                  01010236    00000002     --HOLE-- [fill = 0]
                  01010238    0000006c     simplelink.a : device.obj (.text:_SlDeviceHandleResetRequestInternally)
                  010102a4    0000006c                  : sl_socket.obj (.text:_SlDrvOpenCtrlSocket)
                  01010310    0000006c                  : netapp.obj (.text:_SlNetAppSendTokenValue)
                  0101037c    00000004     release_pem4.oem4 (.text:ti_sysbios_family_arm_m3_TaskSupport_Module__startupDone__S)
                  01010380    0000006c     sysbios.aem4 : BIOS.obj (.text:ti_sysbios_knl_Swi_restoreHwi__E)
                  010103ec    00000068     simplelink.a : driver.obj (.text:_SlSpawnMsgListGetCount)
                  01010454    00000068     rtsv7M4_T_le_eabi.lib : copy_decompress_lzss.c.obj (.text:decompress:lzss:__TI_decompress_lzss)
                  010104bc    00000004     release_pem4.oem4 (.text:ti_sysbios_heaps_HeapMem_Module_GateProxy_enter__E)
                  010104c0    00000068     sysbios.aem4 : BIOS.obj (.text:pthread_exit)
                  01010528    00000068     simplelink.a : cc_pal.obj (.text:spi_Open)
                  01010590    00000066     drivers_cc32xx.aem4 : UARTCC32XX.oem4 (.text:UARTCC32XX_writeCancel)
                  010105f6    00000002     --HOLE-- [fill = 0]
                  010105f8    00000064                         : PowerCC32XX.oem4 (.text:PowerCC32XX_setParkState)
                  0101065c    00000004     release_pem4.oem4 (.text:ti_sysbios_heaps_HeapMem_Module_GateProxy_leave__E)
                  01010660    00000064     sysbios.aem4 : BIOS.obj (.text:ti_sysbios_family_arm_m3_Hwi_dispatchC__I)
                  010106c4    00000062     drivers_cc32xx.aem4 : UARTCC32XX.oem4 (.text:UARTCC32XX_writePolling)
                  01010726    00000002     --HOLE-- [fill = 0]
                  01010728    00000060     driverlib.a : prcm.obj (.text:PRCMSysResetCauseGet)
                  01010788    00000060     sysbios.aem4 : BIOS.obj (.text:ti_sysbios_knl_Semaphore_post__E)
                  010107e8    00000060                  : BIOS.obj (.text:ti_sysbios_knl_Swi_run__I)
                  01010848    0000005c     simplelink.a : spawn.obj (.text:_SlInternalSpawn)
                  010108a4    0000005c     rtsv7M4_T_le_eabi.lib : s_frexp.c.obj (.text:frexp)
                  01010900    0000005c     sysbios.aem4 : BIOS.obj (.text:ti_sysbios_family_arm_m3_Timer_start__E)
                  0101095c    00000004     release_pem4.oem4 (.text:ti_sysbios_knl_Clock_TimerProxy_getMaxTicks__E)
                  01010960    0000005c     sysbios.aem4 : BIOS.obj (.text:ti_sysbios_knl_Swi_schedule__I)
                  010109bc    00000004     release_pem4.oem4 (.text:ti_sysbios_knl_Clock_TimerProxy_setPeriodMicroSecs__E)
                  010109c0    0000005c     sysbios.aem4 : BIOS.obj (.text:ti_sysbios_knl_Task_startCore__E)
                  01010a1c    00000004     release_pem4.oem4 (.text:ti_sysbios_knl_Clock_TimerProxy_start__E)
                  01010a20    0000005c     sysbios.aem4 : BIOS.obj (.text:xdc_runtime_Startup_exec__E)
                  01010a7c    0000005a     apconfig.obj (.text:ap_config)
                  01010ad6    00000002     --HOLE-- [fill = 0]
                  01010ad8    00000058     drivers_cc32xx.aem4 : GPIOCC32XX.oem4 (.text:GPIO_setCallback)
                  01010b30    00000058                         : GPIOCC32XX.oem4 (.text:GPIO_write)
                  01010b88    00000058     driverlib.a : prcm.obj (.text:PRCMPeripheralReset)
                  01010be0    00000058     drivers_cc32xx.aem4 : PowerCC32XX.oem4 (.text:Power_releaseDependency)
                  01010c38    00000058     simplelink.a : sl_socket.obj (.text:_SlDrvClearCtrlSocket)
                  01010c90    00000058                  : sl_socket.obj (.text:sl_Listen)
                  01010ce8    00000058     sysbios.aem4 : BIOS.obj (.text:ti_sysbios_family_arm_cc32xx_Seconds_getCount__I)
                  01010d40    00000056     rtsv7M4_T_le_eabi.lib : _printfi.c.obj (.text:_pconv_f)
                  01010d96    00000002     --HOLE-- [fill = 0]
                  01010d98    00000056     xmlcreate.obj (.text:mxmlEntityGetName)
                  01010dee    00000002     --HOLE-- [fill = 0]
                  01010df0    00000054     uart_terminal.obj (.text:InitTerm)
                  01010e44    00000054     simplelink.a : driver.obj (.text:_SlDrvRxIrqHandler)
                  01010e98    00000054     rtsv7M4_T_le_eabi.lib : ltoa.c.obj (.text:ltoa)
                  01010eec    00000054     drivers_cc32xx.aem4 : UARTCC32XX.oem4 (.text:ringBufGet)
                  01010f40    00000054     release_pem4.oem4 (.text:ti_sysbios_family_arm_m3_Hwi_create)
                  01010f94    00000004     release_pem4.oem4 (.text:ti_sysbios_knl_Clock_TimerProxy_stop__E)
                  01010f98    00000054     sysbios.aem4 : BIOS.obj (.text:ti_sysbios_family_arm_m3_Timer_setPeriod__E)
                  01010fec    00000004     release_pem4.oem4 (.text:ti_sysbios_knl_Clock_delete)
                  01010ff0    00000054     sysbios.aem4 : BIOS.obj (.text:xdc_runtime_Core_assignLabel__I)
                  01011044    00000052     drivers_cc32xx.aem4 : PowerCC32XX.oem4 (.text:PowerCC32XX_parkPin)
                  01011096    00000052                         : PowerCC32XX_asm.oem4 (.text:PowerCC32XX_resumeLPDS)
                  010110e8    00000052     rtsv7M4_T_le_eabi.lib : _printfi.c.obj (.text:_ecpy)
                  0101113a    00000002     --HOLE-- [fill = 0]
                  0101113c    00000050     dpl_cc32xx.aem4 : ClockP_tirtos.oem4 (.text:ClockP_create)
                  0101118c    00000050     simplelink.a : cc_pal.obj (.text:NwpRegisterInterruptHandler)
                  010111dc    00000050                  : sl_socket.obj (.text:_SlDrvCloseCtrlSocket)
                  0101122c    00000050                  : driver.obj (.text:_SlDrvCmdSend_noWait)
                  0101127c    00000050                  : driver.obj (.text:_SlDrvUpdateApiInProgress)
                  010112cc    00000050                  : spawn.obj (.text:_SlInternalSpawnTaskEntry)
                  0101131c    00000050                  : eventreg.obj (.text:_SlNetAppHttpServerHdlr)
                  0101136c    00000050                  : eventreg.obj (.text:_SlNetAppRequestHdlr)
                  010113bc    00000004     release_pem4.oem4 (.text:ti_sysbios_knl_Semaphore_delete)
                  010113c0    00000050     sysbios.aem4 : BIOS.obj (.text:ti_sysbios_family_arm_cc32xx_Seconds_getTime__E)
                  01011410    00000050                  : BIOS.obj (.text:ti_sysbios_family_arm_m3_Hwi_Module_startup__E)
                  01011460    00000050     release_pem4.oem4 (.text:ti_sysbios_knl_Task_create)
                  010114b0    0000004e     system.obj (.text:fw_version_format)
                  010114fe    00000002     --HOLE-- [fill = 0]
                  01011500    0000004c     drivers_cc32xx.aem4 : GPIOCC32XX.oem4 (.text:GPIO_enableInt)
                  0101154c    0000004c     simplelink.a : cc_pal.obj (.text:NwpWaitForShutDownInd)
                  01011598    0000004c     rtsv7M4_T_le_eabi.lib : atoi.c.obj (.text:atoi)
                  010115e4    0000004c                           : cpy_tbl.c.obj (.text:copy_in)
                  01011630    0000004c     drivers_cc32xx.aem4 : PowerCC32XX.oem4 (.text:restorePeriphClocks)
                  0101167c    0000004c     simplelink.a : netapp.obj (.text:sl_NetAppMDNSUnRegisterService)
                  010116c8    0000004c                  : wlan.obj (.text:sl_WlanProfileDel)
                  01011714    0000004c                  : wlan.obj (.text:sl_WlanSetMode)
                  01011760    0000004c     rtsv7M4_T_le_eabi.lib : snprintf.c.obj (.text:snprintf)
                  010117ac    00000004     release_pem4.oem4 (.text:ti_sysbios_knl_Task_delete)
                  010117b0    0000004c     sysbios.aem4 : BIOS.obj (.text:ti_sysbios_heaps_HeapMem_getStats__E)
                  010117fc    00000004     release_pem4.oem4 (.text:xdc_runtime_System_Module_GateProxy_enter__E)
                  01011800    0000004c     sysbios.aem4 : BIOS.obj (.text:ti_sysbios_knl_Swi_runLoop__I)
                  0101184c    00000004     release_pem4.oem4 (.text:xdc_runtime_System_Module_GateProxy_leave__E)
                  01011850    0000004c     sysbios.aem4 : BIOS.obj (.text:ti_sysbios_knl_Task_allBlockedFunction__I)
                  0101189c    00000004     --HOLE-- [fill = 0]
                  010118a0    0000004c                  : BIOS.obj (.text:ti_sysbios_knl_Task_schedule__I)
                  010118ec    00000048     driverlib.a : flash.obj (.text:FlashDisable)
                  01011934    00000048                 : prcm.obj (.text:PRCMHibernateWakeupSourceEnable)
                  0101197c    00000048                 : prcm.obj (.text:PRCMLPDSEnter)
                  010119c4    00000048                 : prcm.obj (.text:PRCMPeripheralClkEnable)
                  01011a0c    00000048     drivers_cc32xx.aem4 : PowerCC32XX.oem4 (.text:Power_releaseConstraint)
                  01011a54    00000048     simplelink.a : eventreg.obj (.text:_SlDeviceFatalErrorEvtHdlr)
                  01011a9c    00000048                  : eventreg.obj (.text:_SlDeviceGeneralEvtHdlr)
                  01011ae4    00000048                  : driver.obj (.text:_SlDrvBasicCmd)
                  01011b2c    00000048                  : driver.obj (.text:_SlDrvSyncObjWaitTimeout)
                  01011b74    00000048                  : eventreg.obj (.text:_SlNetAppEvtHdlr)
                  01011bbc    00000048                  : eventreg.obj (.text:_SlNetAppRequestMemFree)
                  01011c04    00000048                  : eventreg.obj (.text:_SlSockEvtHdlr)
                  01011c4c    00000048                  : eventreg.obj (.text:_SlWlanEvtHdlr)
                  01011c94    00000004     --HOLE-- [fill = 0]
                  01011c98    00000048     sysbios.aem4 : BIOS.obj (.text:pthread_mutex_init)
                  01011ce0    00000048     rtsv7M4_T_le_eabi.lib : fd_toi_t2.asm.obj (.text)
                  01011d28    00000048     sysbios.aem4 : BIOS.obj (.text:ti_sysbios_family_arm_m3_Hwi_disableInterrupt__E)
                  01011d70    00000048                  : BIOS.obj (.text:ti_sysbios_family_arm_m3_Hwi_enableInterrupt__E)
                  01011db8    00000048                  : m3_Hwi_asm_switch.obj (.text:ti_sysbios_family_arm_m3_Hwi_initStacks__E)
                  01011e00    00000048                  : BIOS.obj (.text:ti_sysbios_family_arm_m3_Timer_initDevice__I)
                  01011e48    00000048                  : BIOS.obj (.text:ti_sysbios_knl_Mailbox_Module_startup__E)
                  01011e90    00000048                  : BIOS.obj (.text:xdc_runtime_Core_assignParams__I)
                  01011ed8    00000046     drivers_cc32xx.aem4 : RingBuf.oem4 (.text:RingBuf_put)
                  01011f1e    00000002     --HOLE-- [fill = 0]
                  01011f20    00000044     driverlib.a : prcm.obj (.text:PRCMLPDSRestoreInfoSet)
                  01011f64    00000044     drivers_cc32xx.aem4 : PowerCC32XX_asm.oem4 (.text:PowerCC32XX_enterLPDS)
                  01011fa8    00000044                         : SPI.oem4 (.text:SPI_init)
                  01011fec    00000044                         : UART.oem4 (.text:UART_init)
                  01012030    00000044     boot.aem4 : boot.oem4 (.text)
                  01012074    00000004     --HOLE-- [fill = 0]
                  01012078    00000044     sysbios.aem4 : BIOS.obj (.text:ti_sysbios_family_arm_m3_Hwi_getStackInfo__E)
                  010120bc    00000004     --HOLE-- [fill = 0]
                  010120c0    00000044                  : BIOS.obj (.text:ti_sysbios_knl_Mailbox_postInit__I)
                  01012104    00000004     --HOLE-- [fill = 0]
                  01012108    00000044                  : BIOS.obj (.text:ti_sysbios_knl_Swi_post__E)
                  0101214c    00000004     --HOLE-- [fill = 0]
                  01012150    00000044                  : BIOS.obj (.text:xdc_runtime_System_atexit__E)
                  01012194    00000042     userconfig.obj (.text:simple_cksum)
                  010121d6    00000042     simplelink.a : sl_socket.obj (.text:sl_Htonl)
                  01012218    00000040                  : sl_socket.obj (.text:CountSetBits)
                  01012258    00000040     dpl_cc32xx.aem4 : HwiP_tirtos.oem4 (.text:HwiP_create)
                  01012298    00000040     network_handler.obj (.text:InitializeAppVariables)
                  010122d8    00000040     driverlib.a : pin.obj (.text:PinModeSet)
                  01012318    00000040     drivers_cc32xx.aem4 : RingBuf.oem4 (.text:RingBuf_get)
                  01012358    00000040     network_handler.obj (.text:SimpleLinkGeneralEventHandler)
                  01012398    00000040     drivers_cc32xx.aem4 : UARTCC32XX.oem4 (.text:UARTCC32XX_read)
                  010123d8    00000040                         : UDMACC32XX.oem4 (.text:UDMACC32XX_init)
                  01012418    00000040     simplelink.a : driver.obj (.text:_SlDrvGlobalObjUnLock)
                  01012458    00000040                  : driver.obj (.text:_SlFindAndReleasePendingCmd)
                  01012498    00000040                  : spawn.obj (.text:_SlInternalSpawnWaitForEvent)
                  010124d8    00000040                  : eventreg.obj (.text:_SlIsEventRegistered)
                  01012518    00000040     rtsv7M4_T_le_eabi.lib : sprintf.c.obj (.text:sprintf)
                  01012558    00000040                           : strtok.c.obj (.text:strtok)
                  01012598    00000040     sysbios.aem4 : BIOS.obj (.text:ti_sysbios_family_arm_cc32xx_Seconds_set__E)
                  010125d8    00000040                  : BIOS.obj (.text:ti_sysbios_heaps_HeapMem_Instance_init__E)
                  01012618    00000040                  : BIOS.obj (.text:ti_sysbios_knl_Clock_Instance_init__E)
                  01012658    00000040     rtsv7M4_T_le_eabi.lib : vsnprintf.c.obj (.text:vsnprintf)
                  01012698    0000003e     simplelink.a : sl_socket.obj (.text:_SlSocketBuildAddress)
                  010126d6    0000003e     rtsv7M4_T_le_eabi.lib : _printfi.c.obj (.text:_fcpy)
                  01012714    0000003e     release_pem4.oem4 (.text:realloc)
                  01012752    00000006     driverlib.a : utils.obj (.text:UtilsDelay)
                  01012758    0000003e     sysbios.aem4 : BIOS.obj (.text:sem_timedwait)
                  01012796    00000002     --HOLE-- [fill = 0]
                  01012798    0000003c     network_handler.obj (.text:Network_IF_DisconnectFromAP)
                  010127d4    0000003c     drivers_cc32xx.aem4 : PowerCC32XX.oem4 (.text:Power_setConstraint)
                  01012810    0000003c                         : SPI.oem4 (.text:SPI_open)
                  0101284c    0000003c     dpl_cc32xx.aem4 : SemaphoreP_tirtos.oem4 (.text:SemaphoreP_create)
                  01012888    0000003c     drivers_cc32xx.aem4 : UART.oem4 (.text:UART_open)
                  010128c4    0000003c     simplelink.a : netapp.obj (.text:_SlNetAppCopyPingResultsToReport)
                  01012900    0000003c     dpl_cc32xx.aem4 : PowerCC32XX_tirtos.oem4 (.text:getCountsRTC)
                  0101293c    00000004     --HOLE-- [fill = 0]
                  01012940    0000003c     sysbios.aem4 : BIOS.obj (.text:pthread_mutex_unlock)
                  0101297c    0000003c     simplelink.a : sl_socket.obj (.text:sl_Htons)
                  010129b8    0000003c     sysbios.aem4 : BIOS.obj (.text:ti_sysbios_family_arm_m3_Hwi_Instance_finalize__E)
                  010129f4    00000004     --HOLE-- [fill = 0]
                  010129f8    0000003c                  : BIOS.obj (.text:ti_sysbios_family_arm_m3_Timer_setPeriodMicroSecs__E)
                  01012a34    0000003c     release_pem4.oem4 (.text:ti_sysbios_knl_Clock_create)
                  01012a70    0000003c     sysbios.aem4 : BIOS.obj (.text:ti_sysbios_knl_Clock_walkQueuePeriodic__E)
                  01012aac    00000004     --HOLE-- [fill = 0]
                  01012ab0    0000003c                  : BIOS.obj (.text:ti_sysbios_knl_Swi_restore__E)
                  01012aec    00000004     --HOLE-- [fill = 0]
                  01012af0    0000003c                  : BIOS.obj (.text:xdc_runtime_System_processAtExit__E)
                  01012b2c    00000038     driverlib.a : prcm.obj (.text:PRCMLPDSEnterKeepDebugIf)
                  01012b64    00000004     --HOLE-- [fill = 0]
                  01012b68    00000038     sysbios.aem4 : BIOS.obj (.text:clock_settime)
                  01012ba0    00000038     drivers_cc32xx.aem4 : PowerCC32XX.oem4 (.text:notify)
                  01012bd8    00000038     sysbios.aem4 : BIOS.obj (.text:ti_sysbios_knl_Task_processVitalTaskFlag__I)
                  01012c10    00000038                  : BIOS.obj (.text:usleep)
                  01012c48    00000037     network_handler.obj (.text:Network_IF_DeInitDriver)
                  01012c7f    00000001     --HOLE-- [fill = 0]
                  01012c80    00000036     drivers_cc32xx.aem4 : PowerCC32XX.oem4 (.text:PowerCC32XX_restoreParkedPin)
                  01012cb6    00000036                         : UARTCC32XX.oem4 (.text:UARTCC32XX_readCancel)
                  01012cec    00000036     rtsv7M4_T_le_eabi.lib : strncpy.c.obj (.text:strncpy)
                  01012d22    00000002     --HOLE-- [fill = 0]
                  01012d24    00000034     driverlib.a : pin.obj (.text:PinModeGet)
                  01012d58    00000034     drivers_cc32xx.aem4 : PowerCC32XX.oem4 (.text:PowerCC32XX_restoreParkState)
                  01012d8c    00000034                         : UDMACC32XX.oem4 (.text:UDMACC32XX_close)
                  01012dc0    00000034     rtsv7M4_T_le_eabi.lib : strstr.c.obj (.text:strstr)
                  01012df4    00000004     --HOLE-- [fill = 0]
                  01012df8    00000034     sysbios.aem4 : BIOS.obj (.text:ti_sysbios_family_arm_m3_Timer_periodicStub__I)
                  01012e2c    00000034     release_pem4.oem4 (.text:ti_sysbios_knl_Semaphore_create)
                  01012e60    00000032     sysbios.aem4 : BIOS.obj (.text:ti_sysbios_hal_Hwi_initStack)
                  01012e92    00000030     simplelink.a : fs.obj (.text:_SlFsStrlen)
                  01012ec2    00000030     rtsv7M4_T_le_eabi.lib : snprintf.c.obj (.text:_outs)
                  01012ef2    00000030                           : vsnprintf.c.obj (.text:_outs)
                  01012f22    00000030     userconfig.obj (.text:feed_data)
                  01012f52    00000030     system.obj (.text:printBorder)
                  01012f82    00000002     --HOLE-- [fill = 0]
                  01012f84    00000030     system.obj (.text:system_reboot)
                  01012fb4    00000030     release_pem4.oem4 (.text:ti_sysbios_BIOS_atExitFunc__I)
                  01012fe4    00000030     release_pem4.oem4 (.text:ti_sysbios_BIOS_startFunc__I)
                  01013014    00000030     release_pem4.oem4 (.text:ti_sysbios_gates_GateHwi_Object__create__S)
                  01013044    00000030     release_pem4.oem4 (.text:ti_sysbios_gates_GateMutex_Object__create__S)
                  01013074    00000004     --HOLE-- [fill = 0]
                  01013078    00000030     sysbios.aem4 : BIOS.obj (.text:ti_sysbios_gates_GateMutex_enter__E)
                  010130a8    00000030     release_pem4.oem4 (.text:ti_sysbios_heaps_HeapMem_Object__create__S)
                  010130d8    00000030     release_pem4.oem4 (.text:ti_sysbios_knl_Semaphore_construct)
                  01013108    00000030     sysbios.aem4 : BIOS.obj (.text:ti_sysbios_knl_Semaphore_pendTimeout__I)
                  01013138    00000030                  : BIOS.obj (.text:ti_sysbios_knl_Task_restore__E)
                  01013168    00000030                  : BIOS.obj (.text:ti_sysbios_knl_Task_unblockI__E)
                  01013198    00000030     simplelink.a : sl_socket.obj (.text:to_mSec)
                  010131c8    0000002e                  : cc_pal.obj (.text:Mutex_create_handle)
                  010131f6    0000002e     rtsv7M4_T_le_eabi.lib : i_tofd_t2.asm.obj (.text)
                  01013224    0000002e     release_pem4.oem4 (.text:ti_sysbios_rts_MemAlloc_alloc)
                  01013252    00000002     --HOLE-- [fill = 0]
                  01013254    0000002c     simplelink.a : cc_pal.obj (.text:NwpPowerOn)
                  01013280    0000002c     drivers_cc32xx.aem4 : PowerCC32XX.oem4 (.text:PowerCC32XX_getParkState)
                  010132ac    0000002c     dpl_cc32xx.aem4 : SemaphoreP_tirtos.oem4 (.text:SemaphoreP_createBinary)
                  010132d8    0000002c     simplelink.a : driver.obj (.text:_SlDrvSyncObjWaitForever)
                  01013304    00000004     --HOLE-- [fill = 0]
                  01013308    0000002c     sysbios.aem4 : BIOS.obj (.text:_pthread_cleanupFxn)
                  01013334    00000004     --HOLE-- [fill = 0]
                  01013338    0000002c                  : BIOS.obj (.text:_pthread_delete$41)
                  01013364    00000004     --HOLE-- [fill = 0]
                  01013368    0000002c                  : BIOS.obj (.text:clockFxn$39)
                  01013394    0000002c     release_pem4.oem4 (.text:ti_sysbios_knl_Clock_doTick__I)
                  010133c0    0000002c     release_pem4.oem4 (.text:ti_sysbios_knl_Queue_construct)
                  010133ec    0000002c     spi_handler_temp.obj (.text:transferFxn1)
                  01013418    0000002a     sysbios.aem4 : BIOS.obj (.text:sem_init)
                  01013442    0000002a     rtsv7M4_T_le_eabi.lib : strspn.c.obj (.text:strspn)
                  0101346c    00000028     driverlib.a : prcm.obj (.text:PRCMPeripheralClkDisable)
                  01013494    00000028     dpl_cc32xx.aem4 : PowerCC32XX_tirtos.oem4 (.text:PowerCC32XX_initPolicy)
                  010134bc    00000028     drivers_cc32xx.aem4 : PowerCC32XX.oem4 (.text:Power_registerNotify)
                  010134e4    00000028     simplelink.a : driver.obj (.text:_SlDrvProtectionObjLockWaitForever)
                  0101350c    00000028                  : driver.obj (.text:_SlDrvProtectionObjUnLock)
                  01013534    00000028                  : flowcont.obj (.text:_SlFlowContSet)
                  0101355c    00000004     --HOLE-- [fill = 0]
                  01013560    00000028     sysbios.aem4 : BIOS.obj (.text:ti_sysbios_knl_Clock_addI__E)
                  01013588    00000028                  : BIOS.obj (.text:ti_sysbios_knl_Swi_Module_startup__E)
                  010135b0    00000028     userconfig.obj (.text:userconfig_init)
                  010135d8    00000026     drivers_cc32xx.aem4 : List.oem4 (.text:List_put)
                  010135fe    00000026                         : List.oem4 (.text:List_remove)
                  01013624    00000024     simplelink.a : driver.obj (.text:_SlDrvIsApiInProgress)
                  01013648    00000024                  : driver.obj (.text:_SlDrvStartMeasureTimeout)
                  0101366c    00000024     rtsv7M4_T_le_eabi.lib : memmov.c.obj (.text:memmove)
                  01013690    00000024     sysbios.aem4 : BIOS.obj (.text:pthread_attr_init)
                  010136b4    00000024     simplelink.a : wlan.obj (.text:sl_WlanDisconnect)
                  010136d8    00000024     rtsv7M4_T_le_eabi.lib : strcspn.c.obj (.text:strcspn)
                  010136fc    00000024     release_pem4.oem4 (.text:ti_sysbios_BIOS_registerRTSLock__I)
                  01013720    00000024     release_pem4.oem4 (.text:ti_sysbios_BIOS_removeRTSLock__I)
                  01013744    00000004     --HOLE-- [fill = 0]
                  01013748    00000024     sysbios.aem4 : BIOS.obj (.text:ti_sysbios_family_arm_m3_Timer_postInit__I)
                  0101376c    00000004     --HOLE-- [fill = 0]
                  01013770    00000024                  : BIOS.obj (.text:ti_sysbios_family_arm_m3_Timer_startup__E)
                  01013794    00000024     release_pem4.oem4 (.text:ti_sysbios_gates_GateMutex_Object__delete__S)
                  010137b8    00000024     sysbios.aem4 : BIOS.obj (.text:ti_sysbios_knl_Clock_Module_startup__E)
                  010137dc    00000024     release_pem4.oem4 (.text:ti_sysbios_knl_Clock_Object__delete__S)
                  01013800    00000024     sysbios.aem4 : BIOS.obj (.text:ti_sysbios_knl_Clock_start__E)
                  01013824    00000004     --HOLE-- [fill = 0]
                  01013828    00000024                  : BIOS.obj (.text:ti_sysbios_knl_Semaphore_Instance_init__E)
                  0101384c    00000024     release_pem4.oem4 (.text:ti_sysbios_knl_Semaphore_Object__delete__S)
                  01013870    00000024     sysbios.aem4 : BIOS.obj (.text:ti_sysbios_knl_Task_restoreHwi__E)
                  01013894    00000024     userconfig.obj (.text:userconfig_flash_read)
                  010138b8    00000024     sysbios.aem4 : BIOS.obj (.text:xdc_runtime_Error_policyMin__E)
                  010138dc    00000022     simplelink.a : sl_socket.obj (.text:SL_SOCKET_FD_SET)
                  010138fe    00000002     --HOLE-- [fill = 0]
                  01013900    00000020     drivers_cc32xx.aem4 : PowerCC32XX.oem4 (.text:Power_unregisterNotify)
                  01013920    00000020                         : RingBuf.oem4 (.text:RingBuf_peek)
                  01013940    00000020                         : SPICC32XXDMA.oem4 (.text:getPowerMgrId)
                  01013960    00000020                         : UARTCC32XX.oem4 (.text:getPowerMgrId)
                  01013980    00000020     sysbios.aem4 : BIOS.obj (.text:sleep)
                  010139a0    00000020     release_pem4.oem4 (.text:ti_sysbios_BIOS_rtsLock__I)
                  010139c0    00000020     release_pem4.oem4 (.text:ti_sysbios_family_arm_m3_Hwi_Object__delete__S)
                  010139e0    00000020     sysbios.aem4 : BIOS.obj (.text:ti_sysbios_family_arm_m3_Hwi_clearInterrupt__E)
                  01013a00    00000020                  : m3_Hwi_asm.obj (.text:ti_sysbios_family_arm_m3_Hwi_excHandlerAsm__I)
                  01013a20    00000020                  : BIOS.obj (.text:ti_sysbios_family_arm_m3_Hwi_excHandler__I)
                  01013a40    00000020     release_pem4.oem4 (.text:ti_sysbios_gates_GateHwi_Object__delete__S)
                  01013a60    00000020     release_pem4.oem4 (.text:ti_sysbios_heaps_HeapMem_Object__delete__S)
                  01013a80    00000020     sysbios.aem4 : BIOS.obj (.text:ti_sysbios_knl_Idle_run__E)
                  01013aa0    00000020     release_pem4.oem4 (.text:ti_sysbios_knl_Semaphore_destruct)
                  01013ac0    00000020     release_pem4.oem4 (.text:ti_sysbios_knl_Task_Object__delete__S)
                  01013ae0    00000020     userconfig.obj (.text:userconfig_flash_write)
                  01013b00    0000001e     simplelink.a : driver.obj (.text:_SlDrvObjLockWaitForever)
                  01013b1e    0000001e                  : driver.obj (.text:_SlDrvObjUnLock)
                  01013b3c    0000001e                  : driver.obj (.text:_SlDrvSyncObjSignal)
                  01013b5a    0000001e     userconfig.obj (.text:feed_len)
                  01013b78    0000001e     drivers_cc32xx.aem4 : UDMACC32XX.oem4 (.text:postNotifyFxn)
                  01013b96    0000001e     sysbios.aem4 : m3_Hwi_asm_switch.obj (.text:ti_sysbios_family_xxx_Hwi_switchAndRunFunc)
                  01013bb4    0000001c     uart_terminal.obj (.text:Message)
                  01013bd0    0000001c     driverlib.a : pin.obj (.text:PinToPadGet)
                  01013bec    0000001c     simplelink.a : device.obj (.text:_SlDeviceGetStartResponseConvert)
                  01013c08    0000001c                  : spawn.obj (.text:_SlInternalIsItSpawnThread)
                  01013c24    0000001c     rtsv7M4_T_le_eabi.lib : memccpy.c.obj (.text:memccpy)
                  01013c40    0000001c     userconfig.obj (.text:need_checksum)
                  01013c5c    00000004     --HOLE-- [fill = 0]
                  01013c60    0000001c     sysbios.aem4 : BIOS.obj (.text:ti_sysbios_family_arm_m3_Timer_Module_startup__E)
                  01013c7c    00000004     --HOLE-- [fill = 0]
                  01013c80    0000001c                  : BIOS.obj (.text:ti_sysbios_family_arm_m3_Timer_stop__E)
                  01013c9c    00000004     --HOLE-- [fill = 0]
                  01013ca0    0000001c                  : BIOS.obj (.text:ti_sysbios_gates_GateMutex_Instance_init__E)
                  01013cbc    00000004     --HOLE-- [fill = 0]
                  01013cc0    0000001c                  : BIOS.obj (.text:ti_sysbios_knl_Clock_Instance_finalize__E)
                  01013cdc    0000001c     release_pem4.oem4 (.text:ti_sysbios_knl_Queue_destruct)
                  01013cf8    0000001c     sysbios.aem4 : BIOS.obj (.text:ti_sysbios_knl_Queue_put__E)
                  01013d14    00000004     --HOLE-- [fill = 0]
                  01013d18    0000001c                  : BIOS.obj (.text:ti_sysbios_knl_Task_enter__I)
                  01013d34    0000001a     release_pem4.oem4 (.text:free)
                  01013d4e    0000001a     sysbios.aem4 : m3_Hwi_asm.obj (.text:ti_sysbios_family_arm_m3_Hwi_pendSV__I)
                  01013d68    00000018     drivers_cc32xx.aem4 : PowerCC32XX.oem4 (.text:Power_idleFunc)
                  01013d80    00000018     driverlib.a : uart.obj (.text:UARTBusy)
                  01013d98    00000018                 : uart.obj (.text:UARTIntEnable)
                  01013db0    00000018     drivers_cc32xx.aem4 : UART.oem4 (.text:UART_Params_init)
                  01013dc8    00000018     rtsv7M4_T_le_eabi.lib : args_main.c.obj (.text:_args_main)
                  01013de0    00000018                           : snprintf.c.obj (.text:_outc)
                  01013df8    00000018                           : vsnprintf.c.obj (.text:_outc)
                  01013e10    00000018                           : sprintf.c.obj (.text:_outs)
                  01013e28    00000018     cc3220_system.obj (.text:get_version)
                  01013e40    00000018     uart_terminal.obj (.text:putch)
                  01013e58    00000018     rtsv7M4_T_le_eabi.lib : ll_mul_t2.asm.obj (.text)
                  01013e70    00000018                           : strcmp.c.obj (.text:strcmp)
                  01013e88    00000018     release_pem4.oem4 (.text:ti_sysbios_BIOS_rtsUnlock__I)
                  01013ea0    00000018     release_pem4.oem4 (.text:ti_sysbios_family_arm_m3_Hwi_Module__startupDone__F)
                  01013eb8    00000018     release_pem4.oem4 (.text:ti_sysbios_family_arm_m3_Timer_Module__startupDone__F)
                  01013ed0    00000018     release_pem4.oem4 (.text:ti_sysbios_gates_GateHwi_Handle__label__S)
                  01013ee8    00000018     release_pem4.oem4 (.text:ti_sysbios_gates_GateMutex_Handle__label__S)
                  01013f00    00000018     sysbios.aem4 : BIOS.obj (.text:ti_sysbios_gates_GateMutex_leave__E)
                  01013f18    00000018     release_pem4.oem4 (.text:ti_sysbios_heaps_HeapMem_Handle__label__S)
                  01013f30    00000018     sysbios.aem4 : BIOS.obj (.text:ti_sysbios_knl_Task_sleepTimeout__I)
                  01013f48    00000018                  : BIOS.obj (.text:ti_sysbios_rts_ti_ReentSupport_getReent__F)
                  01013f60    00000018     release_pem4.oem4 (.text:ti_sysbios_rts_ti_ReentSupport_getTlsAddr__I)
                  01013f78    00000018     sysbios.aem4 : BIOS.obj (.text:xdc_runtime_Error_init__E)
                  01013f90    00000018                  : BIOS.obj (.text:xdc_runtime_System_exit__E)
                  01013fa8    00000016     driverlib.a : prcm.obj (.text:PRCMHIBRegRead)
                  01013fbe    00000016                 : prcm.obj (.text:PRCMHIBRegWrite)
                  01013fd4    00000016     simplelink.a : driver.obj (.text:_SlDrvMemZero)
                  01013fea    00000006     --HOLE-- [fill = 0]
                  01013ff0    00000016     sysbios.aem4 : BIOS.obj (.text:pthread_mutex_destroy)
                  01014006    00000016     rtsv7M4_T_le_eabi.lib : strchr.c.obj (.text:strchr)
                  0101401c    00000016     release_pem4.oem4 (.text:ti_sysbios_BIOS_exitFunc__I)
                  01014032    00000002     --HOLE-- [fill = 0]
                  01014034    00000014     uart_terminal.obj (.text:ClearTerm)
                  01014048    00000014     driverlib.a : prcm.obj (.text:PRCMHibernateEnter)
                  0101405c    00000014     drivers_cc32xx.aem4 : PowerCC32XX.oem4 (.text:Power_getDependencyCount)
                  01014070    00000014                         : SPI.oem4 (.text:SPI_Params_init)
                  01014084    00000004     --HOLE-- [fill = 0]
                  01014088    00000014     sysbios.aem4 : BIOS.obj (.text:pthread_attr_setschedparam)
                  0101409c    00000014     drivers_cc32xx.aem4 : UARTCC32XX.oem4 (.text:releasePowerConstraint)
                  010140b0    00000014     rtsv7M4_T_le_eabi.lib : strcpy.c.obj (.text:strcpy)
                  010140c4    00000014                           : strlen.c.obj (.text:strlen)
                  010140d8    00000014     release_pem4.oem4 (.text:ti_sysbios_family_arm_m3_Hwi_Object__get__S)
                  010140ec    00000004     --HOLE-- [fill = 0]
                  010140f0    00000014     sysbios.aem4 : BIOS.obj (.text:ti_sysbios_family_arm_m3_Hwi_switchFromBootStack__E)
                  01014104    00000014                  : m3_TaskSupport_asm.obj (.text:ti_sysbios_family_arm_m3_TaskSupport_swap__E)
                  01014118    00000014     release_pem4.oem4 (.text:ti_sysbios_heaps_HeapMem_Object__get__S)
                  0101412c    00000004     --HOLE-- [fill = 0]
                  01014130    00000014     sysbios.aem4 : BIOS.obj (.text:ti_sysbios_knl_Clock_tickReconfig__E)
                  01014144    00000014     release_pem4.oem4 (.text:ti_sysbios_knl_Swi_Object__get__S)
                  01014158    00000012     drivers_cc32xx.aem4 : RingBuf.oem4 (.text:RingBuf_construct)
                  0101416a    00000012     dpl_cc32xx.aem4 : SemaphoreP_tirtos.oem4 (.text:SemaphoreP_pend)
                  0101417c    00000004     --HOLE-- [fill = 0]
                  01014180    00000012     sysbios.aem4 : BIOS.obj (.text:_pthread_runStub$41)
                  01014192    00000006     --HOLE-- [fill = 0]
                  01014198    00000012                  : BIOS.obj (.text:ti_sysbios_hal_Hwi_Module_startup__E)
                  010141aa    00000012     rtsv7M4_T_le_eabi.lib : wcslen.c.obj (.text:wcslen)
                  010141bc    00000012     release_pem4.oem4 (.text:xdc_runtime_Startup_exec__I)
                  010141ce    00000010     dpl_cc32xx.aem4 : HwiP_tirtos.oem4 (.text:HwiP_Params_init)
                  010141de    00000010     simplelink.a : sl_socket.obj (.text:SL_SOCKET_FD_ZERO)
                  010141ee    00000010                  : driver.obj (.text:_SlDrvDispatchHttpServerEvents)
                  010141fe    00000010                  : driver.obj (.text:_SlDrvDispatchNetAppRequestEvents)
                  0101420e    00000010                  : driver.obj (.text:_SlDrvIsSpawnOwnGlobalLock)
                  0101421e    00000010     CC3220SF_LAUNCHXL.obj (.text:dmaErrorFxn)
                  0101422e    00000002     --HOLE-- [fill = 0]
                  01014230    00000010     rtsv7M4_T_le_eabi.lib : isspace.c.obj (.text:isspace)
                  01014240    00000010                           : isxdigit.c.obj (.text:isxdigit)
                  01014250    00000010     sysbios.aem4 : BIOS.obj (.text:pthread_mutexattr_init)
                  01014260    00000010                  : BIOS.obj (.text:pthread_mutexattr_settype)
                  01014270    00000010     drivers_cc32xx.aem4 : UARTCC32XX.oem4 (.text:readBlockingTimeout)
                  01014280    00000010     sysbios.aem4 : BIOS.obj (.text:ti_sysbios_BIOS_getCpuFreq__E)
                  01014290    00000010                  : BIOS.obj (.text:ti_sysbios_BIOS_setThreadType__E)
                  010142a0    00000010                  : BIOS.obj (.text:ti_sysbios_BIOS_start__E)
                  010142b0    00000010                  : m3_TaskSupport_asm.obj (.text:ti_sysbios_family_arm_m3_TaskSupport_glue)
                  010142c0    00000010                  : BIOS.obj (.text:ti_sysbios_gates_GateMutex_Instance_finalize__E)
                  010142d0    00000010     release_pem4.oem4 (.text:ti_sysbios_knl_Mailbox_Object__get__S)
                  010142e0    00000010     sysbios.aem4 : BIOS.obj (.text:ti_sysbios_knl_Semaphore_Instance_finalize__E)
                  010142f0    00000010                  : BIOS.obj (.text:ti_sysbios_knl_Swi_disable__E)
                  01014300    00000010     release_pem4.oem4 (.text:ti_sysbios_knl_Task_Object__get__S)
                  01014310    00000010     sysbios.aem4 : BIOS.obj (.text:ti_sysbios_knl_Task_disable__E)
                  01014320    00000010     rtsv7M4_T_le_eabi.lib : tolower.c.obj (.text:tolower)
                  01014330    00000010                           : toupper.c.obj (.text:toupper)
                  01014340    00000010     sysbios.aem4 : BIOS.obj (.text:xdc_runtime_Memory_free__E)
                  01014350    00000010                  : BIOS.obj (.text:xdc_runtime_SysCallback_abort__E)
                  01014360    00000010                  : BIOS.obj (.text:xdc_runtime_SysCallback_exit__E)
                  01014370    0000000e     drivers_cc32xx.aem4 : RingBuf.oem4 (.text:RingBuf_isFull)
                  0101437e    0000000e     spi_handler_temp.obj (.text:SlaveHandleTask)
                  0101438c    0000000e     simplelink.a : driver.obj (.text:_SlDrvResetCmdExt)
                  0101439a    0000000e     rtsv7M4_T_le_eabi.lib : copy_decompress_none.c.obj (.text:decompress:none:__TI_decompress_none)
                  010143a8    0000000e     drivers_cc32xx.aem4 : SPICC32XXDMA.oem4 (.text:postNotifyFxn)
                  010143b6    00000002     --HOLE-- [fill = 0]
                  010143b8    0000000e     sysbios.aem4 : BIOS.obj (.text:sem_wait)
                  010143c6    0000000e     simplelink.a : cc_pal.obj (.text:spi_Close)
                  010143d4    00000004     --HOLE-- [fill = 0]
                  010143d8    0000000e     sysbios.aem4 : BIOS.obj (.text:ti_sysbios_knl_Idle_loop__E)
                  010143e6    00000002     --HOLE-- [fill = 0]
                  010143e8    0000000e                  : BIOS.obj (.text:ti_sysbios_knl_Queue_empty__E)
                  010143f6    0000000c     CC3220SF_LAUNCHXL.obj (.text:CC3220SF_LAUNCHXL_initGeneral)
                  01014402    0000000c     dpl_cc32xx.aem4 : ClockP_tirtos.oem4 (.text:ClockP_delete)
                  0101440e    0000000c                     : HwiP_tirtos.oem4 (.text:HwiP_delete)
                  0101441a    00000002     --HOLE-- [fill = 0]
                  0101441c    0000000c     network_handler.obj (.text:Network_IF_ResetMCUStateMachine)
                  01014428    0000000c     simplelink.a : cc_pal.obj (.text:NwpMaskInterrupt)
                  01014434    0000000c                  : cc_pal.obj (.text:NwpUnMaskInterrupt)
                  01014440    0000000c     drivers_cc32xx.aem4 : PowerCC32XX.oem4 (.text:Power_getConstraintMask)
                  0101444c    0000000c     dpl_cc32xx.aem4 : SemaphoreP_tirtos.oem4 (.text:SemaphoreP_delete)
                  01014458    0000000c     network_handler.obj (.text:SimpleLinkHttpServerEventHandler)
                  01014464    0000000c     network_handler.obj (.text:SimpleLinkNetAppRequestEventHandler)
                  01014470    0000000c     simplelink.a : device.obj (.text:_SlDeviceResetRequestInitCompletedCB)
                  0101447c    0000000c     rtsv7M4_T_le_eabi.lib : _lock.c.obj (.text:_register_lock)
                  01014488    0000000c                           : _lock.c.obj (.text:_register_unlock)
                  01014494    0000000c                           : copy_zero_init.c.obj (.text:decompress:ZI:__TI_zero_init)
                  010144a0    0000000c     drivers_cc32xx.aem4 : UARTCC32XX.oem4 (.text:postNotifyFxn)
                  010144ac    00000004     --HOLE-- [fill = 0]
                  010144b0    0000000c     sysbios.aem4 : BIOS.obj (.text:pthread_self)
                  010144bc    0000000c     release_pem4.oem4 (.text:ti_sysbios_family_arm_m3_Hwi_Params__init__S)
                  010144c8    0000000c     sysbios.aem4 : BIOS.obj (.text:ti_sysbios_family_arm_m3_Hwi_disableFxn__E)
                  010144d4    00000004     --HOLE-- [fill = 0]
                  010144d8    0000000c                  : BIOS.obj (.text:ti_sysbios_family_arm_m3_TaskSupport_getStackAlignment__E)
                  010144e4    00000004     --HOLE-- [fill = 0]
                  010144e8    0000000c                  : BIOS.obj (.text:ti_sysbios_gates_GateHwi_enter__E)
                  010144f4    0000000c     release_pem4.oem4 (.text:ti_sysbios_knl_Clock_Params__init__S)
                  01014500    0000000c     sysbios.aem4 : BIOS.obj (.text:ti_sysbios_knl_Clock_getTicks__E)
                  0101450c    00000004     --HOLE-- [fill = 0]
                  01014510    0000000c                  : BIOS.obj (.text:ti_sysbios_knl_Clock_setTicks__E)
                  0101451c    00000004     --HOLE-- [fill = 0]
                  01014520    0000000c                  : BIOS.obj (.text:ti_sysbios_knl_Clock_tickStart__E)
                  0101452c    00000004     --HOLE-- [fill = 0]
                  01014530    0000000c                  : BIOS.obj (.text:ti_sysbios_knl_Clock_tickStop__E)
                  0101453c    0000000c     release_pem4.oem4 (.text:ti_sysbios_knl_Queue_Object__get__S)
                  01014548    0000000c     release_pem4.oem4 (.text:ti_sysbios_knl_Semaphore_Params__init__S)
                  01014554    0000000c     release_pem4.oem4 (.text:ti_sysbios_knl_Task_Params__init__S)
                  01014560    0000000c     sysbios.aem4 : BIOS.obj (.text:ti_sysbios_knl_Task_self__E)
                  0101456c    00000004     --HOLE-- [fill = 0]
                  01014570    0000000c                  : BIOS.obj (.text:ti_sysbios_rts_ti_ReentSupport_taskRegHook__I)
                  0101457c    0000000c     driverlib.a : udma.obj (.text:uDMAErrorStatusClear)
                  01014588    0000000c                 : udma.obj (.text:uDMAErrorStatusGet)
                  01014594    00000004     --HOLE-- [fill = 0]
                  01014598    0000000c     sysbios.aem4 : BIOS.obj (.text:xdc_runtime_Startup_rtsDone__E)
                  010145a4    0000000a     dpl_cc32xx.aem4 : ClockP_tirtos.oem4 (.text:ClockP_Params_init)
                  010145ae    0000000a     drivers_cc32xx.aem4 : SPI.oem4 (.text:SPI_close)
                  010145b8    0000000a                         : SPI.oem4 (.text:SPI_transfer)
                  010145c2    0000000a     network_handler.obj (.text:SimpleLinkNetAppRequestMemFreeEventHandler)
                  010145cc    0000000a     drivers_cc32xx.aem4 : UART.oem4 (.text:UART_control)
                  010145d6    0000000a                         : UART.oem4 (.text:UART_readPolling)
                  010145e0    0000000a                         : UART.oem4 (.text:UART_writePolling)
                  010145ea    0000000a     rtsv7M4_T_le_eabi.lib : sprintf.c.obj (.text:_outc)
                  010145f4    00000004     --HOLE-- [fill = 0]
                  010145f8    0000000a     sysbios.aem4 : BIOS.obj (.text:sem_destroy)
                  01014602    00000006     --HOLE-- [fill = 0]
                  01014608    0000000a                  : BIOS.obj (.text:sem_post)
                  01014612    0000000a     simplelink.a : device.obj (.text:sl_Task)
                  0101461c    0000000a     release_pem4.oem4 (.text:xdc_runtime_IHeap_alloc)
                  01014626    0000000a     release_pem4.oem4 (.text:xdc_runtime_IHeap_free)
                  01014630    00000008     dpl_cc32xx.aem4 : SemaphoreP_tirtos.oem4 (.text:SemaphoreP_Params_init)
                  01014638    00000008     simplelink.a : cc_pal.obj (.text:TimerGetCurrentTimestamp)
                  01014640    00000008     drivers_cc32xx.aem4 : SPICC32XXDMA.oem4 (.text:blockingTransferCallback)
                  01014648    00000008     rtsv7M4_T_le_eabi.lib : s_copysign.c.obj (.text:copysign)
                  01014650    00000008     userconfig.obj (.text:get_userconfig_pointer)
                  01014658    00000008     sysbios.aem4 : BIOS.obj (.text:pthread_attr_setstacksize)
                  01014660    00000008                  : BIOS.obj (.text:pthread_mutex_lock)
                  01014668    00000008     drivers_cc32xx.aem4 : UARTCC32XX.oem4 (.text:readSemCallback)
                  01014670    00000008     sysbios.aem4 : BIOS.obj (.text:ti_sysbios_family_arm_m3_Hwi_doSwiRestore__I)
                  01014678    00000008                  : BIOS.obj (.text:ti_sysbios_family_arm_m3_Hwi_startup__E)
                  01014680    00000008     drivers_cc32xx.aem4 : UARTCC32XX.oem4 (.text:writeSemCallback)
                  01014688    00000006     sysbios.aem4 : BIOS.obj (.text:ti_sysbios_family_arm_m3_Hwi_doTaskRestore__I)
                  0101468e    00000002     --HOLE-- [fill = 0]
                  01014690    00000006                  : BIOS.obj (.text:ti_sysbios_family_arm_m3_Hwi_restoreFxn__E)
                  01014696    00000002     --HOLE-- [fill = 0]
                  01014698    00000006                  : BIOS.obj (.text:ti_sysbios_gates_GateHwi_leave__E)
                  0101469e    00000002     --HOLE-- [fill = 0]
                  010146a0    00000006                  : BIOS.obj (.text:ti_sysbios_heaps_HeapMem_isBlocking__E)
                  010146a6    00000002     --HOLE-- [fill = 0]
                  010146a8    00000006                  : BIOS.obj (.text:ti_sysbios_knl_Clock_stop__E)
                  010146ae    00000002     --HOLE-- [fill = 0]
                  010146b0    00000006                  : BIOS.obj (.text:ti_sysbios_knl_Queue_Instance_init__E)
                  010146b6    00000002     --HOLE-- [fill = 0]
                  010146b8    00000006                  : BIOS.obj (.text:ti_sysbios_knl_Swi_startup__E)
                  010146be    00000002     --HOLE-- [fill = 0]
                  010146c0    00000006                  : BIOS.obj (.text:xdc_runtime_System_Module_startup__E)
                  010146c6    00000002     --HOLE-- [fill = 0]
                  010146c8    00000004                  : BIOS.obj (.text:__aeabi_errno_addr)
                  010146cc    00000004     --HOLE-- [fill = 0]
                  010146d0    00000004                  : BIOS.obj (.text:ti_sysbios_family_arm_m3_Timer_getMaxTicks__E)
                  010146d4    00000004     --HOLE-- [fill = 0]
                  010146d8    00000004                  : BIOS.obj (.text:ti_sysbios_gates_GateHwi_query__E)
                  010146dc    00000004     --HOLE-- [fill = 0]
                  010146e0    00000004                  : BIOS.obj (.text:ti_sysbios_gates_GateMutex_query__E)
                  010146e4    00000004     --HOLE-- [fill = 0]
                  010146e8    00000004                  : BIOS.obj (.text:ti_sysbios_knl_Clock_setTimeout__E)
                  010146ec    00000004     --HOLE-- [fill = 0]
                  010146f0    00000004                  : BIOS.obj (.text:ti_sysbios_knl_Task_startup__E)
                  010146f4    00000004     --HOLE-- [fill = 0]
                  010146f8    00000002                  : BIOS.obj (.text:ti_sysbios_BIOS_linkedWithIncorrectBootLibrary__E)
                  010146fa    00000006     --HOLE-- [fill = 0]
                  01014700    00000002                  : BIOS.obj (.text:ti_sysbios_gates_GateHwi_Instance_init__E)
                  01014702    00000006     --HOLE-- [fill = 0]
                  01014708    00000002                  : BIOS.obj (.text:ti_sysbios_knl_Clock_logTick__E)
                  0101470a    00000006     --HOLE-- [fill = 0]
                  01014710    00000002                  : BIOS.obj (.text:xdc_runtime_SysCallback_defaultAbort)
                  01014712    00000006     --HOLE-- [fill = 0]
                  01014718    00000002                  : BIOS.obj (.text:xdc_runtime_SysCallback_defaultExit)
                  0101471a    00000006     --HOLE-- [fill = 0]
                  01014720    00000002                  : BIOS.obj (.text:xdc_runtime_System_abortSpin__E)
                  01014722    00000006     --HOLE-- [fill = 0]
                  01014728    00000002                  : BIOS.obj (.text:xdc_runtime_System_exitSpin__E)

.const     0    0101472c    00000edc     
                  0101472c    00000101     rtsv7M4_T_le_eabi.lib : ctype.c.obj (.const:.string:_ctypes_)
                  0101482d    00000001     release_pem4.oem4 (.const:ti_sysbios_knl_Clock_tickMode__C)
                  0101482e    00000002     release_pem4.oem4 (.const:ti_sysbios_family_arm_m3_Hwi_Module__id__C)
                  01014830    00000100     driverlib.a : pin.obj (.const:g_ulPinToPadMap)
                  01014930    000000c8     network_handler.obj (.const:.string:$P$T12$13)
                  010149f8    000000a8     driverlib.a : prcm.obj (.const:PRCM_PeriphRegsList)
                  01014aa0    00000078     CC3220SF_LAUNCHXL.obj (.const:spiCC3220SDMAHWAttrs)
                  01014b18    00000070     simplelink.a : driver.obj (.const:OpcodeTranslateTable)
                  01014b88    00000064     network_handler.obj (.const:.string:$P$T13$14)
                  01014bec    00000058     release_pem4.oem4 (.const:.string)
                  01014c44    00000058     simplelink.a : driver.obj (.const:_SlActionLookupTable)
                  01014c9c    00000048     CC3220SF_LAUNCHXL.obj (.const:uartCC3220SHWAttrs)
                  01014ce4    00000044     release_pem4.oem4 (.const:ti_sysbios_knl_Task_Object__PARAMS__C)
                  01014d28    00000040     system.obj (.const:.string:$P$T3$4)
                  01014d68    00000040     CC3220SF_LAUNCHXL.obj (.const:PowerCC32XX_config)
                  01014da8    00000030     release_pem4.oem4 (.const:ti_sysbios_family_arm_m3_Hwi_Object__PARAMS__C)
                  01014dd8    00000028     drivers_cc32xx.aem4 : UARTCC32XX.oem4 (.const:UARTCC32XX_fxnTable)
                  01014e00    00000028     release_pem4.oem4 (.const:ti_sysbios_heaps_HeapMem_Module__FXNS__C)
                  01014e28    00000024     drivers_cc32xx.aem4 : UART.oem4 (.const:UART_defaultParams)
                  01014e4c    00000024     release_pem4.oem4 (.const:ti_sysbios_gates_GateHwi_Module__FXNS__C)
                  01014e70    00000024     release_pem4.oem4 (.const:ti_sysbios_gates_GateMutex_Module__FXNS__C)
                  01014e94    00000024     release_pem4.oem4 (.const:ti_sysbios_heaps_HeapMem_Object__PARAMS__C)
                  01014eb8    00000024     release_pem4.oem4 (.const:ti_sysbios_knl_Clock_Object__PARAMS__C)
                  01014edc    00000024     release_pem4.oem4 (.const:ti_sysbios_knl_Semaphore_Object__PARAMS__C)
                  01014f00    00000022     network_handler.obj (.const:.string:$P$T9$10)
                  01014f22    00000021     drivers_cc32xx.aem4 : GPIOCC32XX.oem4 (.const:.string:pinTable)
                  01014f43    00000020     system.obj (.const:.string:$P$T2$3)
                  01014f63    00000001     release_pem4.oem4 (.const:ti_sysbios_knl_Clock_tickSource__C)
                  01014f64    00000020     simplelink.a : fs.obj (.const:FlagsTranslate)
                  01014f84    00000020                  : driver.obj (.const:RxMsgClassLUT)
                  01014fa4    00000020     drivers_cc32xx.aem4 : SPI.oem4 (.const:SPI_defaultParams)
                  01014fc4    00000020     simplelink.a : device.obj (.const:StartResponseLUT)
                  01014fe4    00000020     drivers_cc32xx.aem4 : UARTCC32XX.oem4 (.const:staticFxnTable)
                  01015004    00000020     release_pem4.oem4 (.const:ti_sysbios_family_arm_m3_Hwi_Object__DESC__C)
                  01015024    00000020     release_pem4.oem4 (.const:ti_sysbios_gates_GateHwi_Object__DESC__C)
                  01015044    00000020     release_pem4.oem4 (.const:ti_sysbios_gates_GateMutex_Object__DESC__C)
                  01015064    00000020     release_pem4.oem4 (.const:ti_sysbios_heaps_HeapMem_Object__DESC__C)
                  01015084    00000020     release_pem4.oem4 (.const:ti_sysbios_knl_Clock_Object__DESC__C)
                  010150a4    00000020     release_pem4.oem4 (.const:ti_sysbios_knl_Queue_Object__DESC__C)
                  010150c4    00000020     release_pem4.oem4 (.const:ti_sysbios_knl_Semaphore_Object__DESC__C)
                  010150e4    00000020     release_pem4.oem4 (.const:ti_sysbios_knl_Task_Object__DESC__C)
                  01015104    00000020     release_pem4.oem4 (.const:xdc_runtime_Startup_sfxnTab__A)
                  01015124    00000018     drivers_cc32xx.aem4 : SPICC32XXDMA.oem4 (.const:SPICC32XXDMA_fxnTable)
                  0101513c    00000018     CC3220SF_LAUNCHXL.obj (.const:SPI_config)
                  01015154    00000018     CC3220SF_LAUNCHXL.obj (.const:UART_config)
                  0101516c    00000018     release_pem4.oem4 (.const:ti_sysbios_gates_GateHwi_Object__PARAMS__C)
[...]
010146f1  ti_sysbios_knl_Task_startup__E                                  
010146f9  ti_sysbios_BIOS_linkedWithIncorrectBootLibrary__E               
01014701  ti_sysbios_gates_GateHwi_Instance_init__E                       
01014709  ti_sysbios_knl_Clock_logTick__E                                 
01014711  xdc_runtime_SysCallback_defaultAbort                            
01014719  xdc_runtime_SysCallback_defaultExit                             
01014721  xdc_runtime_System_abortSpin__E                                 
01014729  xdc_runtime_System_exitSpin__E                                  
0101472c  _ctypes_                                                        
0101482d  ti_sysbios_knl_Clock_tickMode__C                                
0101482e  ti_sysbios_family_arm_m3_Hwi_Module__id__C                      
01014aa0  spiCC3220SDMAHWAttrs                                            
01014b18  OpcodeTranslateTable                                            
01014c44  _SlActionLookupTable                                            
01014c9c  uartCC3220SHWAttrs                                              
01014ce4  ti_sysbios_knl_Task_Object__PARAMS__C                           
01014d68  PowerCC32XX_config                                              
01014da8  ti_sysbios_family_arm_m3_Hwi_Object__PARAMS__C                  
01014dd8  UARTCC32XX_fxnTable                                             
01014e00  ti_sysbios_heaps_HeapMem_Module__FXNS__C                        
01014e28  UART_defaultParams                                              
01014e4c  ti_sysbios_gates_GateHwi_Module__FXNS__C                        
01014e70  ti_sysbios_gates_GateMutex_Module__FXNS__C                      
01014e94  ti_sysbios_heaps_HeapMem_Object__PARAMS__C                      
01014eb8  ti_sysbios_knl_Clock_Object__PARAMS__C                          
01014edc  ti_sysbios_knl_Semaphore_Object__PARAMS__C                      
01014f63  ti_sysbios_knl_Clock_tickSource__C                              
01014f64  FlagsTranslate                                                  
01014fa4  SPI_defaultParams                                               
01015004  ti_sysbios_family_arm_m3_Hwi_Object__DESC__C                    
01015024  ti_sysbios_gates_GateHwi_Object__DESC__C                        
01015044  ti_sysbios_gates_GateMutex_Object__DESC__C                      
01015064  ti_sysbios_heaps_HeapMem_Object__DESC__C                        
01015084  ti_sysbios_knl_Clock_Object__DESC__C                            
010150a4  ti_sysbios_knl_Queue_Object__DESC__C                            
010150c4  ti_sysbios_knl_Semaphore_Object__DESC__C                        
010150e4  ti_sysbios_knl_Task_Object__DESC__C                             
01015104  xdc_runtime_Startup_sfxnTab__A                                  
01015124  SPICC32XXDMA_fxnTable                                           
0101513c  SPI_config                                                      
01015154  UART_config                                                     
0101516c  ti_sysbios_gates_GateHwi_Object__PARAMS__C                      
01015184  ti_sysbios_gates_GateMutex_Object__PARAMS__C                    
0101519c  ti_sysbios_knl_Queue_Object__PARAMS__C                          
010151b4  ti_sysbios_knl_Task_hooks__A                                    
01015225  xdc_runtime_Error_policy__C                                     
01015226  ti_sysbios_family_arm_m3_Timer_Module__id__C                    
010152c8  GPIOCC32XX_config                                               
0101533d  xdc_runtime_Text_charTab__A                                     
0101533e  ti_sysbios_heaps_HeapMem_Module__id__C                          
01015390  xdc_runtime_Startup_sfxnRts__A                                  
010153ad  ADC_count                                                       
010153ae  Capture_count                                                   
010153af  CryptoCC32XX_count                                              
010153b0  Display_count                                                   
010153b1  I2C_count                                                       
010153b2  I2S_count                                                       
010153b3  PWM_count                                                       
010153b4  SDFatFS_count                                                   
010153b5  SD_count                                                        
010153b6  SPI_count                                                       
010153b7  Timer_count                                                     
010153b8  UART_count                                                      
010153b9  Watchdog_count                                                  
010153ba  xdc_runtime_Memory_Module__id__C                                
010153f8  udmaCC3220SHWAttrs                                              
01015404  xdc_runtime_Startup_firstFxns__A                                
0101543c  UDMACC32XX_config                                               
0101545c  outPinTypes                                                     
0101546c  ti_sysbios_knl_Idle_funcList__A                                 
01015474  ti_sysbios_knl_Idle_funcList__C                                 
0101547c  ti_sysbios_knl_Task_hooks__C                                    
01015484  xdc_runtime_Startup_firstFxns__C                                
0101548c  xdc_runtime_Startup_lastFxns__C                                 
010154a2  inPinTypes                                                      
010154a8  outPinStrengths                                                 
010154e4  _SlNetAppSendResponseCmdCtrl                                    
010154e8  _SlNetAppSendTokenValueCmdCtrl                                  
010154fc  _SlProvisioningCmdCtrl                                          
01015530  ti_sysbios_family_arm_m3_Hwi_E_alreadyDefined__C                
01015534  ti_sysbios_family_arm_m3_Hwi_NUM_INTERRUPTS__C                  
01015538  ti_sysbios_family_arm_m3_Hwi_Object__count__C                   
0101553c  ti_sysbios_family_arm_m3_Hwi_ccr__C                             
01015540  ti_sysbios_family_arm_m3_Hwi_excHandlerFunc__C                  
01015544  ti_sysbios_family_arm_m3_Hwi_nullIsrFunc__C                     
01015548  ti_sysbios_family_arm_m3_Hwi_priGroup__C                        
0101554c  ti_sysbios_family_arm_m3_Hwi_swiDisable__C                      
01015550  ti_sysbios_family_arm_m3_Hwi_swiRestoreHwi__C                   
01015554  ti_sysbios_family_arm_m3_TaskSupport_stackAlignment__C          
01015558  ti_sysbios_family_arm_m3_Timer_E_cannotSupport__C               
0101555c  ti_sysbios_family_arm_m3_Timer_startupNeeded__C                 
01015560  ti_sysbios_gates_GateMutex_Instance_State_sem__O                
01015564  ti_sysbios_heaps_HeapMem_E_memory__C                            
01015568  ti_sysbios_heaps_HeapMem_Module__gateObj__C                     
0101556c  ti_sysbios_heaps_HeapMem_Object__count__C                       
01015570  ti_sysbios_heaps_HeapMem_primaryHeapBaseAddr__C                 
01015574  ti_sysbios_heaps_HeapMem_primaryHeapEndAddr__C                  
01015578  ti_sysbios_heaps_HeapMem_reqAlign__C                            
0101557c  ti_sysbios_knl_Clock_Module_State_clockQ__O                     
01015580  ti_sysbios_knl_Clock_tickPeriod__C                              
01015584  ti_sysbios_knl_Mailbox_Instance_State_freeQue__O                
01015588  ti_sysbios_knl_Mailbox_Object__count__C                         
0101558c  ti_sysbios_knl_Mailbox_maxTypeAlign__C                          
01015590  ti_sysbios_knl_Semaphore_Instance_State_pendQ__O                
01015594  ti_sysbios_knl_Swi_Object__count__C                             
01015598  ti_sysbios_knl_Task_Module_State_inactiveQ__O                   
0101559c  ti_sysbios_knl_Task_Object__count__C                            
010155a0  ti_sysbios_knl_Task_Object__heap__C                             
010155a4  ti_sysbios_knl_Task_allBlockedFunc__C                           
010155a8  ti_sysbios_knl_Task_defaultStackHeap__C                         
010155ac  ti_sysbios_knl_Task_defaultStackSize__C                         
010155b0  ti_sysbios_knl_Task_numConstructedTasks__C                      
010155b4  xdc_runtime_Error_E_memory__C                                   
010155b8  xdc_runtime_Error_policyFxn__C                                  
010155bc  xdc_runtime_IGateProvider_Interface__BASE__C                    
010155c0  xdc_runtime_IHeap_Interface__BASE__C                            
010155c4  xdc_runtime_IModule_Interface__BASE__C                          
010155c8  xdc_runtime_Memory_defaultHeapInstance__C                       
010155cc  xdc_runtime_Startup_execImpl__C                                 
010155d0  xdc_runtime_Startup_maxPasses__C                                
010155d4  xdc_runtime_Startup_sfxnRts__C                                  
010155d8  xdc_runtime_Startup_sfxnTab__C                                  
010155dc  xdc_runtime_SysCallback_abortFxn__C                             
010155e0  xdc_runtime_SysCallback_exitFxn__C                              
010155e4  xdc_runtime_System_Module__gateObj__C                           
010155e8  xdc_runtime_System_abortFxn__C                                  
010155ec  xdc_runtime_System_exitFxn__C                                   
010155f0  xdc_runtime_System_maxAtexitHandlers__C                         
010155f4  xdc_runtime_Text_charTab__C                                     
010155f8  xdc_runtime_Text_nameEmpty__C                                   
010155fc  xdc_runtime_Text_nameStatic__C                                  
01015600  xdc_runtime_Text_nameUnknown__C                                 
01015604  xdc_runtime_Text_charCnt__C                                     
01015606  xdc_runtime_Text_isLoaded__C                                    
01015608  __TI_static_base__                                              
0101587c  __TI_Handler_Table_Base                                         
01015888  __TI_Handler_Table_Limit                                        
01015890  __TI_CINIT_Base                                                 
010158a0  __TI_CINIT_Limit                                                
20000000  ti_sysbios_family_arm_m3_Hwi_ramVectors                         
20000310  __primary_heap_start__                                          
20008310  __primary_heap_end__                                            
20008310  router_list                                                     
20008b10  rx_buffer_tcp                                                   
20009170  gBuff_rx                                                        
200094a0  rx_buffer_spi                                                   
200097d0  tx_buffer_spi                                                   
20009b00  PowerCC32XX_module                                              
20009c6c  parkInfo                                                        
20009dec  ti_sysbios_knl_Swi_Module_State_0_readyQ__A                     
20009e6c  ti_sysbios_knl_Task_Module_State_0_readyQ__A                    
20009eec  ti_sysbios_knl_Task_Object__table__V                            
20009f48  ti_sysbios_gates_GateMutex_Object__table__V                     
20009f9c  ti_sysbios_knl_Task_Module__state__V                            
20009fe4  ap_pass                                                         
2000a024  ti_sysbios_family_arm_m3_Hwi_Module__state__V                   
2000a058  ti_sysbios_family_arm_m3_Timer_Object__table__V                 
2000a088  ti_sysbios_knl_Swi_Object__table__V                             
2000a0b8  ti_sysbios_knl_Clock_Module__state__V                           
2000a0e4  g_LibsEvents                                                    
2000a108  g_UserEvents                                                    
2000a12c  ti_sysbios_BIOS_Module__state__V                                
2000a150  ap_ssid                                                         
2000a170  gpioPinConfigs                                                  
2000a190  xdc_runtime_Error_IgnoreBlock                                   
2000a1b0  uip1                                                            
2000a1b4  gMode                                                           
2000a1b8  g_pos_read                                                      
2000a1bc  g_pos_write                                                     
2000a1c0  connectserver                                                   
2000a1c4  iStatus_tcp_done                                                
2000a1c8  iStatus_init_client                                             
2000a1cc  ti_sysbios_knl_Swi_Module__state__V                             
2000a1e8  ti_sysbios_family_arm_m3_Hwi_Object__table__V                   
2000a200  ti_sysbios_heaps_HeapMem_Object__table__V                       
2000a218  grecv_pos_write                                                 
2000a21c  grecv_pos_read                                                  
2000a220  gsend_pos_write                                                 
2000a224  gsend_pos_read                                                  
2000a228  spi_slave_init                                                  
2000a22c  g_uiPortNum                                                     
2000a230  g_ulPacketCount                                                 
2000a234  g_ucConnectionStatus                                            
2000a235  g_ucSimplelinkstarted                                           
2000a238  g_ulIpAddr                                                      
2000a23c  audio_mode                                                      
2000a240  gpioCallbackFunctions                                           
2000a250  thread_tcp                                                      
2000a254  thread_spi                                                      
2000a258  thread_cli                                                      
2000a25c  spawnThread                                                     
2000a26d  lineBreak                                                       
2000a270  g_ulStaIp                                                       
2000a274  g_ulGatewayIP                                                   
2000a278  g_ulStatus                                                      
2000a27c  gGlobalLockCntRequested                                         
2000a27d  gGlobalLockCntReleased                                          
2000a27e  g_SlDeviceStatus                                                
2000a280  g_pCB                                                           
2000a284  pPingCallBackFunc                                               
2000a288  ti_sysbios_family_arm_m3_Timer_Module__state__V                 
2000a2a0  _lock                                                           
2000a2a4  _unlock                                                         
2000a2a8  ap_sec                                                          
2000a2b8  ti_sysbios_family_arm_cc32xx_Seconds_Module__state__V           
2000a2c0  ti_sysbios_family_arm_m3_Hwi_Module__root__V                    
2000a2c8  ti_sysbios_gates_GateHwi_Module__root__V                        
2000a2d0  ti_sysbios_gates_GateMutex_Module__root__V                      
2000a2d8  ti_sysbios_heaps_HeapMem_Module__root__V                        
2000a2e0  ti_sysbios_knl_Clock_Module__root__V                            
2000a2e8  ti_sysbios_knl_Queue_Module__root__V                            
2000a2f0  ti_sysbios_knl_Semaphore_Module__root__V                        
2000a2f8  ti_sysbios_knl_Task_Module__root__V                             
2000a300  xdc_runtime_Startup_Module__state__V                            
2000a308  xdc_runtime_System_Module_State_0_atexitHandlers__A             
2000a310  xdc_runtime_System_Module__state__V                             
2000a318  main_func_sp                                                    
2000a320  g_intHandle                                                     
2000a324  ti_sysbios_family_arm_m3_Hwi_Module_State_0_excContext__A       
2000a328  ti_sysbios_family_arm_m3_Hwi_Module_State_0_excStack__A         
2000a32c  ti_sysbios_gates_GateHwi_Object__table__V                       
2000a330  ti_sysbios_knl_Task_Module_State_0_idleTask__A                  
2000a334  ti_sysbios_rts_ti_ReentSupport_Module__state__V                 
2000a338  xdc_runtime_Memory_Module__state__V                             
2000a33c  ti_sysbios_family_arm_m3_Hwi_Module_State_0_excActive__A        
2000a400  app_CB                                                          
2000b000  g_CB                                                            
2000b3fc  ti_sysbios_family_arm_m3_Hwi_dispatchTable                      
2000b708  g_NetEntries                                                    
2000b9c8  ti_sysbios_knl_Task_Instance_State_0_stack__A                   
2000bbc8  PowerCC32XX_contextSave                                         
2000bcf4  uartCC3220SObjects                                              
2000bdfc  spiCC3220SDMAObjects                                            
2000be84  USERCONFIG                                                      
2000bef0  uartCC3220SRingBuffer                                           
2000bf30  GlobalLockObj                                                   
2000bf5c  clientMutex                                                     
2000bf88  g_SlInternalSpawnCB                                             
2000bfb0  g_ucConnectionSSID                                              
2000bff4  wifi_name                                                       
2000c014  clientsem                                                       
2000c030  guserconfig_init                                                
2000c04c  slave                                                           
2000c090  DeviceCB                                                        
2000c09c  Msg                                                             
2000c0b0  g_ucConnectionBSSID                                             
2000c0b8  udmaCC3220SObject                                               
2000c0c0  spiCC3220SDMAscratchBuf                                         
2000c0cc  ClockP_tickPeriod                                               
2000c0d0  iSockID                                                         
2000c0d4  iSockIDServer                                                   
2000c0d8  slaveSpi1                                                       
2000c0dc  ti_sysbios_knl_Task_Instance_State_0_hookEnv__A                 
2000c0e0  g_usConnectIndex                                                
2000c0e2  RxIrqCnt                                                        
2003fc00  __stack                                                         
20040000  __STACK_END                                                     
e000e000  ti_sysbios_family_arm_m3_Hwi_nvic                               
ffffffff  __TI_pprof_out_hndl                                             
ffffffff  __TI_prof_data_size                                             
ffffffff  __TI_prof_data_start                                            
ffffffff  __binit__                                                       
ffffffff  __c_args__                                                      
ffffffff  binit                                                           
UNDEFED   SHT$$INIT_ARRAY$$Base                                           
UNDEFED   SHT$$INIT_ARRAY$$Limit                                          

[909 symbols]
