******************************************************************************
                  TI ARM Linker Unix v18.1.3                   
******************************************************************************
>> Linked Fri Nov  2 11:35:14 2018

OUTPUT FILE NAME:   <p2p.out>
ENTRY POINT SYMBOL: "_c_int00"  address: 010124a1


MEMORY CONFIGURATION

         name            origin    length      used     unused   attr    fill
----------------------  --------  ---------  --------  --------  ----  --------
  FLASH_HDR             01000000   000007ff  00000000  000007ff  R  X
  FLASH                 01000800   000ff800  00015510  000ea2f0  R  X
  SRAM                  20000000   00040000  0000c0ee  00033f12  RW X


SEGMENT ALLOCATION MAP

run origin  load origin   length   init length attrs members
----------  ----------- ---------- ----------- ----- -------
01000800    01000800    00015518   00015518    r-x
  01000800    01000800    0000003c   0000003c    r-- .resetVecs
  01000840    01000840    00014352   00014352    r-x .text
  01014b94    01014b94    00000eea   00000eea    r-- .const
  01015a80    01015a80    00000298   00000298    r-- .cinit
20000310    20000310    00008000   00000000    r--
  20000310    20000310    00008000   00000000    r-- .priheap
20008310    20008310    00001cff   00000000    rw-
  20008310    20008310    00001cff   00000000    rw- .data
2000a400    2000a400    00001ce3   00000000    rw-
  2000a400    2000a400    00001ce3   00000000    rw- .bss
2003fc00    2003fc00    00000400   00000000    rw-
  2003fc00    2003fc00    00000400   00000000    rw- .stack


SECTION ALLOCATION MAP

 output                                  attributes/
section   page    origin      length       input sections
--------  ----  ----------  ----------   ----------------
.bootVecs 
*          0    00000000    00000008     DSECT
                  00000000    00000008     boot.aem4 : boot.oem4 (.bootVecs)

.resetVecs 
*          0    01000800    0000003c     
                  01000800    0000003c     release_pem4.oem4 (.resetVecs)

.vecs      0    20000000    0000030c     NOLOAD SECTION
                  20000000    0000030c     release_pem4.oem4 (.vecs)

xdc.meta   0    00000000    0000010e     COPY SECTION
                  00000000    0000010e     release_pem4.oem4 (xdc.meta)

xdc.noload 
*          0    00000000    00000000     COPY SECTION

.text      0    01000840    00014352     
                  01000840    00000a4a     rtsv7M4_T_le_eabi.lib : _printfi.c.obj (.text:__TI_printfi)
                  0100128a    00000002     drivers_cc32xx.aem4 : UARTCC32XX.oem4 (.text:UARTCC32XX_init)
                  0100128c    00000914     simplelink.a : driver.obj (.text:_SlDrvMsgRead)
                  01001ba0    000004b0                  : sl_socket.obj (.text:_SlSocketHandleAsync_Select)
                  01002050    00000494     network_handler.obj (.text:ConfigureSimpleLinkToDefaultState)
                  010024e4    0000042c     driverlib.a : prcm.obj (.text:PRCMCC3200MCUInit)
                  01002910    000003d6     shelltask.obj (.text:ParseNProcessCmd)
                  01002ce6    00000002     rtsv7M4_T_le_eabi.lib : _lock.c.obj (.text:_nop)
                  01002ce8    000003b4     network_handler.obj (.text:Network_IF_ConnectAP)
                  0100309c    00000384     simplelink.a : driver.obj (.text:_SlDrvMsgWrite)
                  01003420    00000378     network_handler.obj (.text:Network_IF_WifiSetMode)
                  01003798    00000340     main_tirtos.obj (.text:main)
                  01003ad8    00000318     tcp.obj (.text:tcp_open_server)
                  01003df0    000002fc     network_handler.obj (.text:Network_IF_provisionAP)
                  010040ec    000002e0     simplelink.a : driver.obj (.text:_SlDrvWaitForPoolObj)
                  010043cc    000002d8                  : driver.obj (.text:_SlDrvRxHdrRead)
                  010046a4    000002b4     network_handler.obj (.text:Network_IF_InitDriver)
                  01004958    000002b4     simplelink.a : sl_socket.obj (.text:sl_Select)
                  01004c0c    000002b0                  : wlan.obj (.text:sl_WlanProfileAdd)
                  01004ebc    00000294                  : driver.obj (.text:_SlDrvReleasePoolObj)
                  01005150    00000290     tcp.obj (.text:tcp_client)
                  010053e0    0000028d     network_handler.obj (.text:SimpleLinkSockEventHandler)
                  0100566d    00000001     --HOLE-- [fill = 0]
                  0100566e    00000002     rtsv7M4_T_le_eabi.lib : div0.asm.obj (.text)
                  01005670    0000027c     simplelink.a : wlan.obj (.text:sl_WlanConnect)
                  010058ec    00000278     drivers_cc32xx.aem4 : UARTCC32XX.oem4 (.text:UARTCC32XX_open)
                  01005b64    00000274     simplelink.a : driver.obj (.text:_SlDrvDataReadOp)
                  01005dd8    00000268     rtsv7M4_T_le_eabi.lib : _printfi.c.obj (.text:_pconv_a)
                  01006040    00000240     system.obj (.text:system_registration)
                  01006280    00000224     simplelink.a : driver.obj (.text:_SlDrvDriverCBInit)
                  010064a4    00000218                  : driver.obj (.text:_SlDrvDataWriteOp)
                  010066bc    0000020c     tcp.obj (.text:TcpThread)
                  010068c8    000001f4     simplelink.a : driver.obj (.text:_SlDrvMsgReadCmdCtx)
                  01006abc    000001f2                  : netapp.obj (.text:_SlNetAppEventHandler)
                  01006cae    00000002     release_pem4.oem4 (.text:ti_sysbios_BIOS_nullFunc__I)
                  01006cb0    000001e1     network_handler.obj (.text:SimpleLinkFatalErrorEventHandler)
                  01006e91    00000001     --HOLE-- [fill = 0]
                  01006e92    00000002     release_pem4.oem4 (.text:xdc_runtime_Startup_reset__I)
                  01006e94    000001d8     network_handler.obj (.text:SimpleLinkWlanEventHandler)
                  0100706c    000001d0     drivers_cc32xx.aem4 : SPICC32XXDMA.oem4 (.text:SPICC32XXDMA_transfer)
                  0100723c    000001cc     rtsv7M4_T_le_eabi.lib : _printfi.c.obj (.text:_pconv_g)
                  01007408    000001c8     drivers_cc32xx.aem4 : GPIOCC32XX.oem4 (.text:GPIO_setConfig)
                  010075d0    000001bc     simplelink.a : device.obj (.text:sl_Stop)
                  0100778c    000001b8     drivers_cc32xx.aem4 : SPICC32XXDMA.oem4 (.text:configDMA)
                  01007944    000001b6     rtsv7M4_T_le_eabi.lib : fd_add_t2.asm.obj (.text)
                  01007afa    00000002     --HOLE-- [fill = 0]
                  01007afc    000001b5     shelltask.obj (.text:cmd_set_tcp)
                  01007cb1    00000003     --HOLE-- [fill = 0]
                  01007cb4    000001b4     simplelink.a : driver.obj (.text:_SlDrvReleaseAllActivePendingPoolObj)
                  01007e68    000001b4                  : sl_socket.obj (.text:sl_Accept)
                  0100801c    00000190     system.obj (.text:DisplayUsage)
                  010081ac    0000018c     simplelink.a : sl_socket.obj (.text:_SlDrvRegisterForSelectAsync)
                  01008338    00000188     sflash.obj (.text:InitFile)
                  010084c0    00000184     simplelink.a : driver.obj (.text:_SlDrvFindAndSetActiveObj)
                  01008644    00000184                  : sl_socket.obj (.text:sl_Connect)
                  010087c8    00000158     dpl_cc32xx.aem4 : PowerCC32XX_tirtos.oem4 (.text:PowerCC32XX_sleepPolicy)
                  01008920    00000158     drivers_cc32xx.aem4 : SPICC32XXDMA.oem4 (.text:SPICC32XXDMA_open)
                  01008a78    00000150     network_handler.obj (.text:SimpleLinkNetAppEventHandler)
                  01008bc8    00000150     drivers_cc32xx.aem4 : PowerCC32XX.oem4 (.text:parkPins)
                  01008d18    0000014f     tcp.obj (.text:tcp_read)
                  01008e67    00000001     --HOLE-- [fill = 0]
                  01008e68    00000140     simplelink.a : driver.obj (.text:_SlDrvMsgReadSpawnCtx)
                  01008fa8    0000013c                  : driver.obj (.text:_SlDrvDriverCBDeinit)
                  010090e4    0000013c     rtsv7M4_T_le_eabi.lib : _printfi.c.obj (.text:_pconv_e)
                  01009220    00000136                           : fd_div_t2.asm.obj (.text)
                  01009356    00000002     --HOLE-- [fill = 0]
                  01009358    00000130     simplelink.a : sl_socket.obj (.text:_SlDrvGetNextTimeoutValue)
                  01009488    00000130     sysbios.aem4 : BIOS.obj (.text:ti_sysbios_knl_Semaphore_pend__E)
                  010095b8    00000128     simplelink.a : driver.obj (.text:_SlDrvClassifyRxMsg)
                  010096e0    00000124     shelltask.obj (.text:cmd_get_tcp)
                  01009804    00000124     simplelink.a : fs.obj (.text:sl_FsOpen)
                  01009928    00000122     shelltask.obj (.text:cmd_send_server)
                  01009a4a    00000002     --HOLE-- [fill = 0]
                  01009a4c    00000121     shelltask.obj (.text:cmd_set_tcp_file)
                  01009b6d    00000003     --HOLE-- [fill = 0]
                  01009b70    00000120     drivers_cc32xx.aem4 : UARTCC32XX.oem4 (.text:UARTCC32XX_close)
                  01009c90    00000120     simplelink.a : driver.obj (.text:_SlDrvAsyncEventGenericHandler)
                  01009db0    00000120     shelltask.obj (.text:cmd_set_wifi)
                  01009ed0    00000120     rtsv7M4_T_le_eabi.lib : _printfi.c.obj (.text:fcvt)
                  01009ff0    0000011c     simplelink.a : device.obj (.text:sl_Start)
                  0100a10c    00000004     dpl_cc32xx.aem4 : ClockP_tirtos.oem4 (.text:ClockP_getCpuFreq)
                  0100a110    0000011c     sysbios.aem4 : BIOS.obj (.text:xdc_runtime_Startup_startMods__I)
                  0100a22c    00000118     drivers_cc32xx.aem4 : PowerCC32XX.oem4 (.text:Power_sleep)
                  0100a344    00000118     simplelink.a : netapp.obj (.text:_SlNetAppHandleAsync_DnsGetHostByService)
                  0100a45c    00000110     shelltask.obj (.text:get_ip)
                  0100a56c    00000110     rtsv7M4_T_le_eabi.lib : strtoul.c.obj (.text:strtoul)
                  0100a67c    00000004     dpl_cc32xx.aem4 : ClockP_tirtos.oem4 (.text:ClockP_setTimeout)
                  0100a680    00000110     sysbios.aem4 : BIOS.obj (.text:ti_sysbios_knl_Task_postInit__I)
                  0100a790    00000108     network_handler.obj (.text:Network_IF_GetScanRTResult)
                  0100a898    00000104     simplelink.a : device.obj (.text:_SlDeviceEventHandler)
                  0100a99c    00000104                  : driver.obj (.text:_SlDrvCmdOp)
                  0100aaa0    00000104                  : fs.obj (.text:sl_FsRead)
                  0100aba4    00000004     dpl_cc32xx.aem4 : ClockP_tirtos.oem4 (.text:ClockP_start)
                  0100aba8    00000104     sysbios.aem4 : BIOS.obj (.text:ti_sysbios_knl_Task_Instance_finalize__E)
                  0100acac    00000100     sflash.obj (.text:ReadFileFromDevice)
                  0100adac    00000100     simplelink.a : driver.obj (.text:_SlDrvObjGlobalLockWaitForever)
                  0100aeac    00000100                  : sl_socket.obj (.text:sl_Close)
                  0100afac    00000100                  : fs.obj (.text:sl_FsWrite)
                  0100b0ac    000000fc     rtsv7M4_T_le_eabi.lib : fd_mul_t2.asm.obj (.text)
                  0100b1a8    000000fc     sysbios.aem4 : BIOS.obj (.text:ti_sysbios_knl_Task_Instance_init__E)
                  0100b2a4    000000f8     sflash.obj (.text:WriteFileToDevice)
                  0100b39c    000000f8     simplelink.a : fs.obj (.text:sl_FsGetInfo)
                  0100b494    000000f4     system.obj (.text:ParseString)
                  0100b588    000000f4     simplelink.a : sl_socket.obj (.text:sl_SendTo)
                  0100b67c    000000f2     drivers_cc32xx.aem4 : SPICC32XXDMA.oem4 (.text:SPICC32XXDMA_transferCancel)
                  0100b76e    000000f2                         : UARTCC32XX.oem4 (.text:UARTCC32XX_control)
                  0100b860    000000ec     network_handler.obj (.text:Network_IF_IpConfigGet)
                  0100b94c    00000004     dpl_cc32xx.aem4 : ClockP_tirtos.oem4 (.text:ClockP_stop)
                  0100b950    000000ec     sysbios.aem4 : BIOS.obj (.text:pthread_create)
                  0100ba3c    000000e8     spi_handler_temp.obj (.text:spi_slave_init_handler)
                  0100bb24    000000e0     simplelink.a : driver.obj (.text:_SlSpawnMsgListInsert)
                  0100bc04    000000e0     apconfig.obj (.text:ap_setname)
                  0100bce4    00000004     dpl_cc32xx.aem4 : HwiP_tirtos.oem4 (.text:HwiP_clearInterrupt)
                  0100bce8    000000e0     sysbios.aem4 : BIOS.obj (.text:clock_gettime)
                  0100bdc8    000000dc     network_handler.obj (.text:Network_IF_Connect2AP)
                  0100bea4    000000da     userconfig.obj (.text:userconfig_get)
                  0100bf7e    00000002     --HOLE-- [fill = 0]
                  0100bf80    000000d8     uart_terminal.obj (.text:GetCmd)
                  0100c058    000000d8     drivers_cc32xx.aem4 : SPICC32XXDMA.oem4 (.text:SPICC32XXDMA_close)
                  0100c130    000000d8     simplelink.a : device.obj (.text:_SlDeviceHandleAsync_InitComplete)
                  0100c208    000000d8                  : driver.obj (.text:_SlDrvWaitForInternalAsyncEvent)
                  0100c2e0    000000d8                  : netapp.obj (.text:_SlNetAppHandleAsync_NetAppReceive)
                  0100c3b8    000000d0                  : driver.obj (.text:_SlDrvRemoveFromList)
                  0100c488    000000d0                  : netapp.obj (.text:_SlNetAppMDNSRegisterUnregisterService)
                  0100c558    000000d0     rtsv7M4_T_le_eabi.lib : s_scalbn.c.obj (.text:scalbn)
                  0100c628    000000d0     sysbios.aem4 : m3_Hwi_asm.obj (.text:ti_sysbios_family_arm_m3_Hwi_dispatch__I)
                  0100c6f8    000000d0                  : BIOS.obj (.text:ti_sysbios_heaps_HeapMem_alloc__E)
                  0100c7c8    000000cf     tcp.obj (.text:tcp_write)
                  0100c897    00000001     --HOLE-- [fill = 0]
                  0100c898    000000c8     simplelink.a : sl_socket.obj (.text:_SlSocketHandleAsync_StartTLS)
                  0100c960    000000c8     system.obj (.text:get_wireless_config)
                  0100ca28    000000c8     drivers_cc32xx.aem4 : SPICC32XXDMA.oem4 (.text:spiHwiFxn)
                  0100caf0    000000c8     spi_handler_temp.obj (.text:spi_tranfer_handler)
                  0100cbb8    000000c4     drivers_cc32xx.aem4 : GPIOCC32XX.oem4 (.text:GPIO_init)
                  0100cc7c    000000c4     network_handler.obj (.text:Network_IF_Connect2AP_static_ip)
                  0100cd40    000000c4     system.obj (.text:system_IsRegistered)
                  0100ce04    00000004     dpl_cc32xx.aem4 : HwiP_tirtos.oem4 (.text:HwiP_disable)
                  0100ce08    000000c4     sysbios.aem4 : BIOS.obj (.text:ti_sysbios_knl_Task_sleep__E)
                  0100cecc    000000c2     drivers_cc32xx.aem4 : UARTCC32XX.oem4 (.text:UARTCC32XX_write)
                  0100cf8e    00000002     --HOLE-- [fill = 0]
                  0100cf90    000000c0     simplelink.a : cc_pal.obj (.text:NwpPowerOff)
                  0100d050    000000c0                  : netcfg.obj (.text:sl_NetCfgGet)
                  0100d110    000000c0     system.obj (.text:system_init)
                  0100d1d0    000000bc     simplelink.a : netapp.obj (.text:_SlNetAppSendResponse)
                  0100d28c    000000bc                  : sl_socket.obj (.text:sl_Send)
                  0100d348    000000bc                  : wlan.obj (.text:sl_WlanProvisioning)
                  0100d404    00000004     dpl_cc32xx.aem4 : HwiP_tirtos.oem4 (.text:HwiP_disableInterrupt)
                  0100d408    000000bc     sysbios.aem4 : BIOS.obj (.text:xdc_runtime_Core_createObject__I)
                  0100d4c4    000000ba     drivers_cc32xx.aem4 : UARTCC32XX.oem4 (.text:UARTCC32XX_readPolling)
                  0100d57e    00000002     --HOLE-- [fill = 0]
                  0100d580    000000b8     simplelink.a : netapp.obj (.text:_SlNetAppHandleAsync_DnsGetHostByName)
                  0100d638    000000b8                  : netapp.obj (.text:_SlNetAppHandleAsync_PingResponse)
                  0100d6f0    000000b8     drivers_cc32xx.aem4 : UARTCC32XX.oem4 (.text:initHw)
                  0100d7a8    000000b6                         : UARTCC32XX.oem4 (.text:readTaskCallback)
                  0100d85e    00000002     --HOLE-- [fill = 0]
                  0100d860    000000b4     system.obj (.text:PrintIPAddress)
                  0100d914    000000b4     simplelink.a : driver.obj (.text:_SlDrvHandleFatalError)
                  0100d9c8    000000b4                  : netutil.obj (.text:_SlNetUtilHandleAsync_Cmd)
                  0100da7c    000000b4     drivers_cc32xx.aem4 : PowerCC32XX.oem4 (.text:restoreParkedPins)
                  0100db30    000000b1     rtsv7M4_T_le_eabi.lib : _printfi.c.obj (.text:_ltostr)
                  0100dbe1    00000003     --HOLE-- [fill = 0]
                  0100dbe4    000000b1     shelltask.obj (.text:cmd_get_tcp_file)
                  0100dc95    00000001     --HOLE-- [fill = 0]
                  0100dc96    000000ae     drivers_cc32xx.aem4 : UARTCC32XX.oem4 (.text:readIsrTextBlocking)
                  0100dd44    000000ac     simplelink.a : sl_socket.obj (.text:_SlSocketHandleAsync_Close)
                  0100ddf0    000000ac                  : sl_socket.obj (.text:_SlSocketHandleAsync_Connect)
                  0100de9c    000000ac     cc3220_system.obj (.text:get_mac_address)
                  0100df48    000000aa     uart_terminal.obj (.text:Report)
                  0100dff2    000000aa     userconfig.obj (.text:userconfig_set)
                  0100e09c    000000a8     driverlib.a : prcm.obj (.text:PRCMPeripheralClockGet)
                  0100e144    000000a8     drivers_cc32xx.aem4 : PowerCC32XX.oem4 (.text:PowerCC32XX_configureWakeup)
                  0100e1ec    000000a8                         : UARTCC32XX.oem4 (.text:readTaskBlocking)
                  0100e294    000000a8     system.obj (.text:set_wireless_config)
                  0100e33c    000000a8     simplelink.a : fs.obj (.text:sl_FsClose)
                  0100e3e4    000000a4                  : sl_socket.obj (.text:sl_Bind)
                  0100e488    000000a4     sysbios.aem4 : BIOS.obj (.text:ti_sysbios_knl_Task_setPri__E)
                  0100e52c    000000a2     drivers_cc32xx.aem4 : UARTCC32XX.oem4 (.text:readIsrTextCallback)
                  0100e5ce    000000a2                         : UARTCC32XX.oem4 (.text:writeData)
                  0100e670    000000a0     simplelink.a : fs.obj (.text:FsGetCreateFsMode)
                  0100e710    000000a0                  : sl_socket.obj (.text:_SlDrvUnRegisterForSelectAsync)
                  0100e7b0    000000a0                  : driver.obj (.text:_SlSpawnMsgListProcess)
                  0100e850    000000a0     auto_init.aem4 : auto_init.oem4 (.text)
                  0100e8f0    0000009e     simplelink.a : cc_pal.obj (.text:spi_Read)
                  0100e98e    0000009e                  : cc_pal.obj (.text:spi_Write)
                  0100ea2c    00000004     dpl_cc32xx.aem4 : HwiP_tirtos.oem4 (.text:HwiP_enableInterrupt)
                  0100ea30    0000009c     sysbios.aem4 : BIOS.obj (.text:_pthread_removeThreadKeys)
                  0100eacc    0000009c     rtsv7M4_T_le_eabi.lib : memcpy_t2.asm.obj (.text)
                  0100eb68    0000009a     shelltask.obj (.text:ShellThread)
                  0100ec02    00000098     uart_terminal.obj (.text:TrimSpace)
                  0100ec9a    00000002     --HOLE-- [fill = 0]
                  0100ec9c    00000098     drivers_cc32xx.aem4 : GPIOCC32XX.oem4 (.text:powerNotifyFxn)
                  0100ed34    00000004                         : SPICC32XXDMA.oem4 (.text:SPICC32XXDMA_init)
                  0100ed38    00000098     sysbios.aem4 : BIOS.obj (.text:ti_sysbios_family_arm_m3_Hwi_Instance_init__E)
                  0100edd0    00000096     system.obj (.text:ipv4AddressParse)
                  0100ee66    00000096     rtsv7M4_T_le_eabi.lib : ull_div_t2.asm.obj (.text)
                  0100eefc    00000094     simplelink.a : cc_pal.obj (.text:Semaphore_pend_handle)
                  0100ef90    00000094     drivers_cc32xx.aem4 : SPICC32XXDMA.oem4 (.text:initHw)
                  0100f024    00000094     simplelink.a : wlan.obj (.text:sl_WlanGetNetworkList)
                  0100f0b8    00000094     sysbios.aem4 : BIOS.obj (.text:ti_sysbios_knl_Task_exit__E)
                  0100f14c    00000090     simplelink.a : device.obj (.text:_SlDeviceHandleAsync_Stop)
                  0100f1dc    00000090                  : sl_socket.obj (.text:_SlSocketHandleAsync_Accept)
                  0100f26c    00000090     drivers_cc32xx.aem4 : PowerCC32XX.oem4 (.text:restoreNVICRegs)
                  0100f2fc    00000090     system.obj (.text:sec_string_to_num)
                  0100f38c    00000004     dpl_cc32xx.aem4 : SemaphoreP_tirtos.oem4 (.text:SemaphoreP_post)
                  0100f390    00000090     sysbios.aem4 : BIOS.obj (.text:ti_sysbios_knl_Task_Module_startup__E)
                  0100f420    0000008c     simplelink.a : driver.obj (.text:_SlDrvDriverIsApiAllowed)
                  0100f4ac    0000008c                  : sl_socket.obj (.text:sl_Recv)
                  0100f538    0000008c     sysbios.aem4 : BIOS.obj (.text:xdc_runtime_Memory_alloc__E)
                  0100f5c4    00000088     driverlib.a : pin.obj (.text:PinConfigSet)
                  0100f64c    00000088     simplelink.a : driver.obj (.text:_SlDrvProtectAsyncRespSetting)
                  0100f6d4    00000004     userconfig.obj (.text:get_userconfig_size)
                  0100f6d8    00000088     sysbios.aem4 : BIOS.obj (.text:ti_sysbios_family_arm_m3_Hwi_initNVIC__E)
                  0100f760    00000088                  : BIOS.obj (.text:ti_sysbios_family_arm_m3_TaskSupport_start__E)
                  0100f7e8    00000086     simplelink.a : driver.obj (.text:_SlDrvIsTimeoutExpired)
                  0100f86e    00000086     rtsv7M4_T_le_eabi.lib : fd_cmp_t2.asm.obj (.text:__aeabi_cdcmple)
                  0100f8f4    00000086                           : fd_cmp_t2.asm.obj (.text:__aeabi_cdrcmple)
                  0100f97a    00000006     drivers_cc32xx.aem4 : SPICC32XXDMA.oem4 (.text:SPICC32XXDMA_control)
                  0100f980    00000086     sysbios.aem4 : BIOS.obj (.text:xdc_runtime_Core_constructObject__I)
                  0100fa06    00000002     --HOLE-- [fill = 0]
                  0100fa08    00000084     driverlib.a : prcm.obj (.text:PRCMHibernateIntervalSet)
                  0100fa8c    00000084     drivers_cc32xx.aem4 : PowerCC32XX.oem4 (.text:Power_init)
                  0100fb10    00000084                         : PowerCC32XX.oem4 (.text:saveNVICRegs)
                  0100fb94    00000084     simplelink.a : netcfg.obj (.text:sl_NetCfgSet)
                  0100fc18    00000084                  : sl_socket.obj (.text:sl_SetSockOpt)
                  0100fc9c    00000084                  : wlan.obj (.text:sl_WlanSet)
                  0100fd20    00000084     sysbios.aem4 : BIOS.obj (.text:ti_sysbios_family_arm_m3_Hwi_postInit__I)
                  0100fda4    00000004     release_pem4.oem4 (.text:ti_sysbios_BIOS_RtsGateProxy_enter__E)
                  0100fda8    00000084     sysbios.aem4 : BIOS.obj (.text:ti_sysbios_heaps_HeapMem_free__E)
                  0100fe2c    00000082     xmlcreate.obj (.text:write_xml_string)
                  0100feae    00000002     --HOLE-- [fill = 0]
                  0100feb0    00000080     drivers_cc32xx.aem4 : PowerCC32XX.oem4 (.text:Power_setDependency)
                  0100ff30    00000080     sysbios.aem4 : BIOS.obj (.text:ti_sysbios_knl_Clock_workFunc__E)
                  0100ffb0    0000007c     drivers_cc32xx.aem4 : UDMACC32XX.oem4 (.text:UDMACC32XX_open)
                  0101002c    00000004     release_pem4.oem4 (.text:ti_sysbios_BIOS_RtsGateProxy_leave__E)
                  01010030    0000007c     sysbios.aem4 : BIOS.obj (.text:_pthread_abstime2ticks)
                  010100ac    0000007c     drivers_cc32xx.aem4 : UARTCC32XX.oem4 (.text:readIsrBinaryBlocking)
                  01010128    0000007c     simplelink.a : wlan.obj (.text:sl_WlanPolicySet)
                  010101a4    0000007a     rtsv7M4_T_le_eabi.lib : memset_t2.asm.obj (.text)
                  0101021e    00000002     --HOLE-- [fill = 0]
                  01010220    00000078     drivers_cc32xx.aem4 : GPIOCC32XX.oem4 (.text:GPIO_hwiIntFxn)
                  01010298    00000078                         : UARTCC32XX.oem4 (.text:readIsrBinaryCallback)
                  01010310    00000078     simplelink.a : sl_socket.obj (.text:sl_Socket)
                  01010388    00000074     drivers_cc32xx.aem4 : UARTCC32XX.oem4 (.text:UARTCC32XX_hwiIntFxn)
                  010103fc    00000004     release_pem4.oem4 (.text:ti_sysbios_family_arm_m3_Hwi_delete)
                  01010400    00000074     sysbios.aem4 : BIOS.obj (.text:xdc_runtime_Core_deleteObject__I)
                  01010474    00000070     simplelink.a : driver.obj (.text:_SlDrvCmdSend_noLock)
                  010104e4    00000004     release_pem4.oem4 (.text:ti_sysbios_family_arm_m3_TaskSupport_Module__startupDone__S)
                  010104e8    00000070     sysbios.aem4 : BIOS.obj (.text:acquireMutexNone$45)
                  01010558    00000070     userconfig.obj (.text:assign_information)
                  010105c8    00000070     sysbios.aem4 : BIOS.obj (.text:ti_sysbios_heaps_HeapMem_initPrimary__I)
                  01010638    0000006e     rtsv7M4_T_le_eabi.lib : _printfi.c.obj (.text:_mcpy)
                  010106a6    00000002     --HOLE-- [fill = 0]
                  010106a8    0000006c     simplelink.a : device.obj (.text:_SlDeviceHandleResetRequestInternally)
                  01010714    0000006c                  : sl_socket.obj (.text:_SlDrvOpenCtrlSocket)
                  01010780    0000006c                  : netapp.obj (.text:_SlNetAppSendTokenValue)
                  010107ec    00000004     release_pem4.oem4 (.text:ti_sysbios_heaps_HeapMem_Module_GateProxy_enter__E)
                  010107f0    0000006c     sysbios.aem4 : BIOS.obj (.text:ti_sysbios_knl_Swi_restoreHwi__E)
                  0101085c    00000068     simplelink.a : driver.obj (.text:_SlSpawnMsgListGetCount)
                  010108c4    00000068     rtsv7M4_T_le_eabi.lib : copy_decompress_lzss.c.obj (.text:decompress:lzss:__TI_decompress_lzss)
                  0101092c    00000004     release_pem4.oem4 (.text:ti_sysbios_heaps_HeapMem_Module_GateProxy_leave__E)
                  01010930    00000068     sysbios.aem4 : BIOS.obj (.text:pthread_exit)
                  01010998    00000068     simplelink.a : cc_pal.obj (.text:spi_Open)
                  01010a00    00000066     drivers_cc32xx.aem4 : UARTCC32XX.oem4 (.text:UARTCC32XX_writeCancel)
                  01010a66    00000002     --HOLE-- [fill = 0]
                  01010a68    00000064                         : PowerCC32XX.oem4 (.text:PowerCC32XX_setParkState)
                  01010acc    00000004     release_pem4.oem4 (.text:ti_sysbios_knl_Clock_TimerProxy_getMaxTicks__E)
                  01010ad0    00000064     sysbios.aem4 : BIOS.obj (.text:ti_sysbios_family_arm_m3_Hwi_dispatchC__I)
                  01010b34    00000062     drivers_cc32xx.aem4 : UARTCC32XX.oem4 (.text:UARTCC32XX_writePolling)
                  01010b96    00000002     --HOLE-- [fill = 0]
                  01010b98    00000060     driverlib.a : prcm.obj (.text:PRCMSysResetCauseGet)
                  01010bf8    00000060     sysbios.aem4 : BIOS.obj (.text:ti_sysbios_knl_Semaphore_post__E)
                  01010c58    00000060                  : BIOS.obj (.text:ti_sysbios_knl_Swi_run__I)
                  01010cb8    0000005c     simplelink.a : spawn.obj (.text:_SlInternalSpawn)
                  01010d14    0000005c     rtsv7M4_T_le_eabi.lib : s_frexp.c.obj (.text:frexp)
                  01010d70    0000005c     sysbios.aem4 : BIOS.obj (.text:ti_sysbios_family_arm_m3_Timer_start__E)
                  01010dcc    00000004     release_pem4.oem4 (.text:ti_sysbios_knl_Clock_TimerProxy_setPeriodMicroSecs__E)
                  01010dd0    0000005c     sysbios.aem4 : BIOS.obj (.text:ti_sysbios_knl_Swi_schedule__I)
                  01010e2c    00000004     release_pem4.oem4 (.text:ti_sysbios_knl_Clock_TimerProxy_start__E)
                  01010e30    0000005c     sysbios.aem4 : BIOS.obj (.text:ti_sysbios_knl_Task_startCore__E)
                  01010e8c    00000004     release_pem4.oem4 (.text:ti_sysbios_knl_Clock_TimerProxy_stop__E)
                  01010e90    0000005c     sysbios.aem4 : BIOS.obj (.text:xdc_runtime_Startup_exec__E)
                  01010eec    0000005a     apconfig.obj (.text:ap_config)
                  01010f46    00000002     --HOLE-- [fill = 0]
                  01010f48    00000058     drivers_cc32xx.aem4 : GPIOCC32XX.oem4 (.text:GPIO_setCallback)
                  01010fa0    00000058                         : GPIOCC32XX.oem4 (.text:GPIO_write)
                  01010ff8    00000058     driverlib.a : prcm.obj (.text:PRCMPeripheralReset)
                  01011050    00000058     drivers_cc32xx.aem4 : PowerCC32XX.oem4 (.text:Power_releaseDependency)
                  010110a8    00000058     simplelink.a : sl_socket.obj (.text:_SlDrvClearCtrlSocket)
                  01011100    00000058                  : sl_socket.obj (.text:sl_Listen)
                  01011158    00000058     sysbios.aem4 : BIOS.obj (.text:ti_sysbios_family_arm_cc32xx_Seconds_getCount__I)
                  010111b0    00000056     rtsv7M4_T_le_eabi.lib : _printfi.c.obj (.text:_pconv_f)
                  01011206    00000002     --HOLE-- [fill = 0]
                  01011208    00000056     xmlcreate.obj (.text:mxmlEntityGetName)
                  0101125e    00000002     --HOLE-- [fill = 0]
                  01011260    00000054     uart_terminal.obj (.text:InitTerm)
                  010112b4    00000054     simplelink.a : driver.obj (.text:_SlDrvRxIrqHandler)
                  01011308    00000054     rtsv7M4_T_le_eabi.lib : ltoa.c.obj (.text:ltoa)
                  0101135c    00000054     drivers_cc32xx.aem4 : UARTCC32XX.oem4 (.text:ringBufGet)
                  010113b0    00000054     release_pem4.oem4 (.text:ti_sysbios_family_arm_m3_Hwi_create)
                  01011404    00000004     release_pem4.oem4 (.text:ti_sysbios_knl_Clock_delete)
                  01011408    00000054     sysbios.aem4 : BIOS.obj (.text:ti_sysbios_family_arm_m3_Timer_setPeriod__E)
                  0101145c    00000004     release_pem4.oem4 (.text:ti_sysbios_knl_Semaphore_delete)
                  01011460    00000054     sysbios.aem4 : BIOS.obj (.text:xdc_runtime_Core_assignLabel__I)
                  010114b4    00000052     drivers_cc32xx.aem4 : PowerCC32XX.oem4 (.text:PowerCC32XX_parkPin)
                  01011506    00000052                         : PowerCC32XX_asm.oem4 (.text:PowerCC32XX_resumeLPDS)
                  01011558    00000052     rtsv7M4_T_le_eabi.lib : _printfi.c.obj (.text:_ecpy)
                  010115aa    00000002     --HOLE-- [fill = 0]
                  010115ac    00000050     dpl_cc32xx.aem4 : ClockP_tirtos.oem4 (.text:ClockP_create)
                  010115fc    00000050     simplelink.a : cc_pal.obj (.text:NwpRegisterInterruptHandler)
                  0101164c    00000050                  : sl_socket.obj (.text:_SlDrvCloseCtrlSocket)
                  0101169c    00000050                  : driver.obj (.text:_SlDrvCmdSend_noWait)
                  010116ec    00000050                  : driver.obj (.text:_SlDrvUpdateApiInProgress)
                  0101173c    00000050                  : spawn.obj (.text:_SlInternalSpawnTaskEntry)
                  0101178c    00000050                  : eventreg.obj (.text:_SlNetAppHttpServerHdlr)
                  010117dc    00000050                  : eventreg.obj (.text:_SlNetAppRequestHdlr)
                  0101182c    00000004     release_pem4.oem4 (.text:ti_sysbios_knl_Task_delete)
                  01011830    00000050     sysbios.aem4 : BIOS.obj (.text:ti_sysbios_family_arm_cc32xx_Seconds_getTime__E)
                  01011880    00000050                  : BIOS.obj (.text:ti_sysbios_family_arm_m3_Hwi_Module_startup__E)
                  010118d0    00000050     release_pem4.oem4 (.text:ti_sysbios_knl_Task_create)
                  01011920    0000004e     system.obj (.text:fw_version_format)
                  0101196e    00000002     --HOLE-- [fill = 0]
                  01011970    0000004c     drivers_cc32xx.aem4 : GPIOCC32XX.oem4 (.text:GPIO_enableInt)
                  010119bc    0000004c     simplelink.a : cc_pal.obj (.text:NwpWaitForShutDownInd)
                  01011a08    0000004c     rtsv7M4_T_le_eabi.lib : atoi.c.obj (.text:atoi)
                  01011a54    0000004c                           : cpy_tbl.c.obj (.text:copy_in)
                  01011aa0    0000004c     drivers_cc32xx.aem4 : PowerCC32XX.oem4 (.text:restorePeriphClocks)
                  01011aec    0000004c     simplelink.a : netapp.obj (.text:sl_NetAppMDNSUnRegisterService)
                  01011b38    0000004c                  : wlan.obj (.text:sl_WlanProfileDel)
                  01011b84    0000004c                  : wlan.obj (.text:sl_WlanSetMode)
                  01011bd0    0000004c     rtsv7M4_T_le_eabi.lib : snprintf.c.obj (.text:snprintf)
                  01011c1c    00000004     release_pem4.oem4 (.text:xdc_runtime_System_Module_GateProxy_enter__E)
                  01011c20    0000004c     sysbios.aem4 : BIOS.obj (.text:ti_sysbios_heaps_HeapMem_getStats__E)
                  01011c6c    00000004     release_pem4.oem4 (.text:xdc_runtime_System_Module_GateProxy_leave__E)
                  01011c70    0000004c     sysbios.aem4 : BIOS.obj (.text:ti_sysbios_knl_Swi_runLoop__I)
                  01011cbc    00000004     --HOLE-- [fill = 0]
                  01011cc0    0000004c                  : BIOS.obj (.text:ti_sysbios_knl_Task_allBlockedFunction__I)
                  01011d0c    00000004     --HOLE-- [fill = 0]
                  01011d10    0000004c                  : BIOS.obj (.text:ti_sysbios_knl_Task_schedule__I)
                  01011d5c    00000048     driverlib.a : flash.obj (.text:FlashDisable)
                  01011da4    00000048                 : prcm.obj (.text:PRCMHibernateWakeupSourceEnable)
                  01011dec    00000048                 : prcm.obj (.text:PRCMLPDSEnter)
                  01011e34    00000048                 : prcm.obj (.text:PRCMPeripheralClkEnable)
                  01011e7c    00000048     drivers_cc32xx.aem4 : PowerCC32XX.oem4 (.text:Power_releaseConstraint)
                  01011ec4    00000048     simplelink.a : eventreg.obj (.text:_SlDeviceFatalErrorEvtHdlr)
                  01011f0c    00000048                  : eventreg.obj (.text:_SlDeviceGeneralEvtHdlr)
                  01011f54    00000048                  : driver.obj (.text:_SlDrvBasicCmd)
                  01011f9c    00000048                  : driver.obj (.text:_SlDrvSyncObjWaitTimeout)
                  01011fe4    00000048                  : eventreg.obj (.text:_SlNetAppEvtHdlr)
                  0101202c    00000048                  : eventreg.obj (.text:_SlNetAppRequestMemFree)
                  01012074    00000048                  : eventreg.obj (.text:_SlSockEvtHdlr)
                  010120bc    00000048                  : eventreg.obj (.text:_SlWlanEvtHdlr)
                  01012104    00000004     --HOLE-- [fill = 0]
                  01012108    00000048     sysbios.aem4 : BIOS.obj (.text:pthread_mutex_init)
                  01012150    00000048     rtsv7M4_T_le_eabi.lib : fd_toi_t2.asm.obj (.text)
                  01012198    00000048     sysbios.aem4 : BIOS.obj (.text:ti_sysbios_family_arm_m3_Hwi_disableInterrupt__E)
                  010121e0    00000048                  : BIOS.obj (.text:ti_sysbios_family_arm_m3_Hwi_enableInterrupt__E)
                  01012228    00000048                  : m3_Hwi_asm_switch.obj (.text:ti_sysbios_family_arm_m3_Hwi_initStacks__E)
                  01012270    00000048                  : BIOS.obj (.text:ti_sysbios_family_arm_m3_Timer_initDevice__I)
                  010122b8    00000048                  : BIOS.obj (.text:ti_sysbios_knl_Mailbox_Module_startup__E)
                  01012300    00000048                  : BIOS.obj (.text:xdc_runtime_Core_assignParams__I)
                  01012348    00000046     drivers_cc32xx.aem4 : RingBuf.oem4 (.text:RingBuf_put)
                  0101238e    00000002     --HOLE-- [fill = 0]
                  01012390    00000044     driverlib.a : prcm.obj (.text:PRCMLPDSRestoreInfoSet)
                  010123d4    00000044     drivers_cc32xx.aem4 : PowerCC32XX_asm.oem4 (.text:PowerCC32XX_enterLPDS)
                  01012418    00000044                         : SPI.oem4 (.text:SPI_init)
                  0101245c    00000044                         : UART.oem4 (.text:UART_init)
                  010124a0    00000044     boot.aem4 : boot.oem4 (.text)
                  010124e4    00000004     --HOLE-- [fill = 0]
                  010124e8    00000044     sysbios.aem4 : BIOS.obj (.text:ti_sysbios_family_arm_m3_Hwi_getStackInfo__E)
                  0101252c    00000004     --HOLE-- [fill = 0]
                  01012530    00000044                  : BIOS.obj (.text:ti_sysbios_knl_Mailbox_postInit__I)
                  01012574    00000004     --HOLE-- [fill = 0]
                  01012578    00000044                  : BIOS.obj (.text:ti_sysbios_knl_Swi_post__E)
                  010125bc    00000004     --HOLE-- [fill = 0]
                  010125c0    00000044                  : BIOS.obj (.text:xdc_runtime_System_atexit__E)
                  01012604    00000042     userconfig.obj (.text:simple_cksum)
                  01012646    00000042     simplelink.a : sl_socket.obj (.text:sl_Htonl)
                  01012688    00000040                  : sl_socket.obj (.text:CountSetBits)
                  010126c8    00000040     dpl_cc32xx.aem4 : HwiP_tirtos.oem4 (.text:HwiP_create)
                  01012708    00000040     network_handler.obj (.text:InitializeAppVariables)
                  01012748    00000040     driverlib.a : pin.obj (.text:PinModeSet)
                  01012788    00000040     drivers_cc32xx.aem4 : RingBuf.oem4 (.text:RingBuf_get)
                  010127c8    00000040     network_handler.obj (.text:SimpleLinkGeneralEventHandler)
                  01012808    00000040     drivers_cc32xx.aem4 : UARTCC32XX.oem4 (.text:UARTCC32XX_read)
                  01012848    00000040                         : UDMACC32XX.oem4 (.text:UDMACC32XX_init)
                  01012888    00000040     simplelink.a : driver.obj (.text:_SlDrvGlobalObjUnLock)
                  010128c8    00000040                  : driver.obj (.text:_SlFindAndReleasePendingCmd)
                  01012908    00000040                  : spawn.obj (.text:_SlInternalSpawnWaitForEvent)
                  01012948    00000040                  : eventreg.obj (.text:_SlIsEventRegistered)
                  01012988    00000040     rtsv7M4_T_le_eabi.lib : sprintf.c.obj (.text:sprintf)
                  010129c8    00000040                           : strtok.c.obj (.text:strtok)
                  01012a08    00000040     sysbios.aem4 : BIOS.obj (.text:ti_sysbios_family_arm_cc32xx_Seconds_set__E)
                  01012a48    00000040                  : BIOS.obj (.text:ti_sysbios_heaps_HeapMem_Instance_init__E)
                  01012a88    00000040                  : BIOS.obj (.text:ti_sysbios_knl_Clock_Instance_init__E)
                  01012ac8    00000040     rtsv7M4_T_le_eabi.lib : vsnprintf.c.obj (.text:vsnprintf)
                  01012b08    0000003e     simplelink.a : sl_socket.obj (.text:_SlSocketBuildAddress)
                  01012b46    0000003e     rtsv7M4_T_le_eabi.lib : _printfi.c.obj (.text:_fcpy)
                  01012b84    0000003e     release_pem4.oem4 (.text:realloc)
                  01012bc2    00000006     driverlib.a : utils.obj (.text:UtilsDelay)
                  01012bc8    0000003e     sysbios.aem4 : BIOS.obj (.text:sem_timedwait)
                  01012c06    00000002     --HOLE-- [fill = 0]
                  01012c08    0000003c     network_handler.obj (.text:Network_IF_DisconnectFromAP)
                  01012c44    0000003c     drivers_cc32xx.aem4 : PowerCC32XX.oem4 (.text:Power_setConstraint)
                  01012c80    0000003c                         : SPI.oem4 (.text:SPI_open)
                  01012cbc    0000003c     dpl_cc32xx.aem4 : SemaphoreP_tirtos.oem4 (.text:SemaphoreP_create)
                  01012cf8    0000003c     drivers_cc32xx.aem4 : UART.oem4 (.text:UART_open)
                  01012d34    0000003c     simplelink.a : netapp.obj (.text:_SlNetAppCopyPingResultsToReport)
                  01012d70    0000003c     dpl_cc32xx.aem4 : PowerCC32XX_tirtos.oem4 (.text:getCountsRTC)
                  01012dac    00000004     --HOLE-- [fill = 0]
                  01012db0    0000003c     sysbios.aem4 : BIOS.obj (.text:pthread_mutex_unlock)
                  01012dec    0000003c     simplelink.a : sl_socket.obj (.text:sl_Htons)
                  01012e28    0000003c     sysbios.aem4 : BIOS.obj (.text:ti_sysbios_family_arm_m3_Hwi_Instance_finalize__E)
                  01012e64    00000004     --HOLE-- [fill = 0]
                  01012e68    0000003c                  : BIOS.obj (.text:ti_sysbios_family_arm_m3_Timer_setPeriodMicroSecs__E)
                  01012ea4    0000003c     release_pem4.oem4 (.text:ti_sysbios_knl_Clock_create)
                  01012ee0    0000003c     sysbios.aem4 : BIOS.obj (.text:ti_sysbios_knl_Clock_walkQueuePeriodic__E)
                  01012f1c    00000004     --HOLE-- [fill = 0]
                  01012f20    0000003c                  : BIOS.obj (.text:ti_sysbios_knl_Swi_restore__E)
                  01012f5c    00000004     --HOLE-- [fill = 0]
                  01012f60    0000003c                  : BIOS.obj (.text:xdc_runtime_System_processAtExit__E)
                  01012f9c    00000038     driverlib.a : prcm.obj (.text:PRCMLPDSEnterKeepDebugIf)
                  01012fd4    00000004     --HOLE-- [fill = 0]
                  01012fd8    00000038     sysbios.aem4 : BIOS.obj (.text:clock_settime)
                  01013010    00000038     drivers_cc32xx.aem4 : PowerCC32XX.oem4 (.text:notify)
                  01013048    00000038     sysbios.aem4 : BIOS.obj (.text:ti_sysbios_knl_Task_processVitalTaskFlag__I)
                  01013080    00000038                  : BIOS.obj (.text:usleep)
                  010130b8    00000037     network_handler.obj (.text:Network_IF_DeInitDriver)
                  010130ef    00000001     --HOLE-- [fill = 0]
                  010130f0    00000036     drivers_cc32xx.aem4 : PowerCC32XX.oem4 (.text:PowerCC32XX_restoreParkedPin)
                  01013126    00000036                         : UARTCC32XX.oem4 (.text:UARTCC32XX_readCancel)
                  0101315c    00000036     rtsv7M4_T_le_eabi.lib : strncpy.c.obj (.text:strncpy)
                  01013192    00000002     --HOLE-- [fill = 0]
                  01013194    00000034     driverlib.a : pin.obj (.text:PinModeGet)
                  010131c8    00000034     drivers_cc32xx.aem4 : PowerCC32XX.oem4 (.text:PowerCC32XX_restoreParkState)
                  010131fc    00000034                         : UDMACC32XX.oem4 (.text:UDMACC32XX_close)
                  01013230    00000034     rtsv7M4_T_le_eabi.lib : strstr.c.obj (.text:strstr)
                  01013264    00000004     --HOLE-- [fill = 0]
                  01013268    00000034     sysbios.aem4 : BIOS.obj (.text:ti_sysbios_family_arm_m3_Timer_periodicStub__I)
                  0101329c    00000034     release_pem4.oem4 (.text:ti_sysbios_knl_Semaphore_create)
                  010132d0    00000032     sysbios.aem4 : BIOS.obj (.text:ti_sysbios_hal_Hwi_initStack)
                  01013302    00000030     simplelink.a : fs.obj (.text:_SlFsStrlen)
                  01013332    00000030     rtsv7M4_T_le_eabi.lib : snprintf.c.obj (.text:_outs)
                  01013362    00000030                           : vsnprintf.c.obj (.text:_outs)
                  01013392    00000030     userconfig.obj (.text:feed_data)
                  010133c2    00000030     system.obj (.text:printBorder)
                  010133f2    00000002     --HOLE-- [fill = 0]
                  010133f4    00000030     system.obj (.text:system_reboot)
                  01013424    00000030     release_pem4.oem4 (.text:ti_sysbios_BIOS_atExitFunc__I)
                  01013454    00000030     release_pem4.oem4 (.text:ti_sysbios_BIOS_startFunc__I)
                  01013484    00000030     release_pem4.oem4 (.text:ti_sysbios_gates_GateHwi_Object__create__S)
                  010134b4    00000030     release_pem4.oem4 (.text:ti_sysbios_gates_GateMutex_Object__create__S)
                  010134e4    00000004     --HOLE-- [fill = 0]
                  010134e8    00000030     sysbios.aem4 : BIOS.obj (.text:ti_sysbios_gates_GateMutex_enter__E)
                  01013518    00000030     release_pem4.oem4 (.text:ti_sysbios_heaps_HeapMem_Object__create__S)
                  01013548    00000030     release_pem4.oem4 (.text:ti_sysbios_knl_Semaphore_construct)
                  01013578    00000030     sysbios.aem4 : BIOS.obj (.text:ti_sysbios_knl_Semaphore_pendTimeout__I)
                  010135a8    00000030                  : BIOS.obj (.text:ti_sysbios_knl_Task_restore__E)
                  010135d8    00000030                  : BIOS.obj (.text:ti_sysbios_knl_Task_unblockI__E)
                  01013608    00000030     simplelink.a : sl_socket.obj (.text:to_mSec)
                  01013638    0000002e                  : cc_pal.obj (.text:Mutex_create_handle)
                  01013666    0000002e     rtsv7M4_T_le_eabi.lib : i_tofd_t2.asm.obj (.text)
                  01013694    0000002e     release_pem4.oem4 (.text:ti_sysbios_rts_MemAlloc_alloc)
                  010136c2    00000002     --HOLE-- [fill = 0]
                  010136c4    0000002c     simplelink.a : cc_pal.obj (.text:NwpPowerOn)
                  010136f0    0000002c     drivers_cc32xx.aem4 : PowerCC32XX.oem4 (.text:PowerCC32XX_getParkState)
                  0101371c    0000002c     dpl_cc32xx.aem4 : SemaphoreP_tirtos.oem4 (.text:SemaphoreP_createBinary)
                  01013748    0000002c     simplelink.a : driver.obj (.text:_SlDrvSyncObjWaitForever)
                  01013774    00000004     --HOLE-- [fill = 0]
                  01013778    0000002c     sysbios.aem4 : BIOS.obj (.text:_pthread_cleanupFxn)
                  010137a4    00000004     --HOLE-- [fill = 0]
                  010137a8    0000002c                  : BIOS.obj (.text:_pthread_delete$41)
                  010137d4    00000004     --HOLE-- [fill = 0]
                  010137d8    0000002c                  : BIOS.obj (.text:clockFxn$39)
                  01013804    0000002c     release_pem4.oem4 (.text:ti_sysbios_knl_Clock_doTick__I)
                  01013830    0000002c     release_pem4.oem4 (.text:ti_sysbios_knl_Queue_construct)
                  0101385c    0000002c     spi_handler_temp.obj (.text:transferFxn1)
                  01013888    0000002a     sysbios.aem4 : BIOS.obj (.text:sem_init)
                  010138b2    0000002a     rtsv7M4_T_le_eabi.lib : strspn.c.obj (.text:strspn)
                  010138dc    00000028     driverlib.a : prcm.obj (.text:PRCMPeripheralClkDisable)
                  01013904    00000028     dpl_cc32xx.aem4 : PowerCC32XX_tirtos.oem4 (.text:PowerCC32XX_initPolicy)
                  0101392c    00000028     drivers_cc32xx.aem4 : PowerCC32XX.oem4 (.text:Power_registerNotify)
                  01013954    00000028     simplelink.a : driver.obj (.text:_SlDrvProtectionObjLockWaitForever)
                  0101397c    00000028                  : driver.obj (.text:_SlDrvProtectionObjUnLock)
                  010139a4    00000028                  : flowcont.obj (.text:_SlFlowContSet)
                  010139cc    00000004     --HOLE-- [fill = 0]
                  010139d0    00000028     sysbios.aem4 : BIOS.obj (.text:ti_sysbios_knl_Clock_addI__E)
                  010139f8    00000028                  : BIOS.obj (.text:ti_sysbios_knl_Swi_Module_startup__E)
                  01013a20    00000028     userconfig.obj (.text:userconfig_init)
                  01013a48    00000026     drivers_cc32xx.aem4 : List.oem4 (.text:List_put)
                  01013a6e    00000026                         : List.oem4 (.text:List_remove)
                  01013a94    00000024     simplelink.a : driver.obj (.text:_SlDrvIsApiInProgress)
                  01013ab8    00000024                  : driver.obj (.text:_SlDrvStartMeasureTimeout)
                  01013adc    00000024     rtsv7M4_T_le_eabi.lib : memmov.c.obj (.text:memmove)
                  01013b00    00000024     sysbios.aem4 : BIOS.obj (.text:pthread_attr_init)
                  01013b24    00000024     simplelink.a : wlan.obj (.text:sl_WlanDisconnect)
                  01013b48    00000024     rtsv7M4_T_le_eabi.lib : strcspn.c.obj (.text:strcspn)
                  01013b6c    00000024     release_pem4.oem4 (.text:ti_sysbios_BIOS_registerRTSLock__I)
                  01013b90    00000024     release_pem4.oem4 (.text:ti_sysbios_BIOS_removeRTSLock__I)
                  01013bb4    00000004     --HOLE-- [fill = 0]
                  01013bb8    00000024     sysbios.aem4 : BIOS.obj (.text:ti_sysbios_family_arm_m3_Timer_postInit__I)
                  01013bdc    00000004     --HOLE-- [fill = 0]
                  01013be0    00000024                  : BIOS.obj (.text:ti_sysbios_family_arm_m3_Timer_startup__E)
                  01013c04    00000024     release_pem4.oem4 (.text:ti_sysbios_gates_GateMutex_Object__delete__S)
                  01013c28    00000024     sysbios.aem4 : BIOS.obj (.text:ti_sysbios_knl_Clock_Module_startup__E)
                  01013c4c    00000024     release_pem4.oem4 (.text:ti_sysbios_knl_Clock_Object__delete__S)
                  01013c70    00000024     sysbios.aem4 : BIOS.obj (.text:ti_sysbios_knl_Clock_start__E)
                  01013c94    00000004     --HOLE-- [fill = 0]
                  01013c98    00000024                  : BIOS.obj (.text:ti_sysbios_knl_Semaphore_Instance_init__E)
                  01013cbc    00000024     release_pem4.oem4 (.text:ti_sysbios_knl_Semaphore_Object__delete__S)
                  01013ce0    00000024     sysbios.aem4 : BIOS.obj (.text:ti_sysbios_knl_Task_restoreHwi__E)
                  01013d04    00000024     userconfig.obj (.text:userconfig_flash_read)
                  01013d28    00000024     sysbios.aem4 : BIOS.obj (.text:xdc_runtime_Error_policyMin__E)
                  01013d4c    00000022     simplelink.a : sl_socket.obj (.text:SL_SOCKET_FD_SET)
                  01013d6e    00000002     --HOLE-- [fill = 0]
                  01013d70    00000020     drivers_cc32xx.aem4 : PowerCC32XX.oem4 (.text:Power_unregisterNotify)
                  01013d90    00000020                         : RingBuf.oem4 (.text:RingBuf_peek)
                  01013db0    00000020                         : SPICC32XXDMA.oem4 (.text:getPowerMgrId)
                  01013dd0    00000020                         : UARTCC32XX.oem4 (.text:getPowerMgrId)
                  01013df0    00000020     sysbios.aem4 : BIOS.obj (.text:sleep)
                  01013e10    00000020     release_pem4.oem4 (.text:ti_sysbios_BIOS_rtsLock__I)
                  01013e30    00000020     release_pem4.oem4 (.text:ti_sysbios_family_arm_m3_Hwi_Object__delete__S)
                  01013e50    00000020     sysbios.aem4 : BIOS.obj (.text:ti_sysbios_family_arm_m3_Hwi_clearInterrupt__E)
                  01013e70    00000020                  : m3_Hwi_asm.obj (.text:ti_sysbios_family_arm_m3_Hwi_excHandlerAsm__I)
                  01013e90    00000020                  : BIOS.obj (.text:ti_sysbios_family_arm_m3_Hwi_excHandler__I)
                  01013eb0    00000020     release_pem4.oem4 (.text:ti_sysbios_gates_GateHwi_Object__delete__S)
                  01013ed0    00000020     release_pem4.oem4 (.text:ti_sysbios_heaps_HeapMem_Object__delete__S)
                  01013ef0    00000020     sysbios.aem4 : BIOS.obj (.text:ti_sysbios_knl_Idle_run__E)
                  01013f10    00000020     release_pem4.oem4 (.text:ti_sysbios_knl_Semaphore_destruct)
                  01013f30    00000020     release_pem4.oem4 (.text:ti_sysbios_knl_Task_Object__delete__S)
                  01013f50    00000020     userconfig.obj (.text:userconfig_flash_write)
                  01013f70    0000001e     simplelink.a : driver.obj (.text:_SlDrvObjLockWaitForever)
                  01013f8e    0000001e                  : driver.obj (.text:_SlDrvObjUnLock)
                  01013fac    0000001e                  : driver.obj (.text:_SlDrvSyncObjSignal)
                  01013fca    0000001e     userconfig.obj (.text:feed_len)
                  01013fe8    0000001e     drivers_cc32xx.aem4 : UDMACC32XX.oem4 (.text:postNotifyFxn)
                  01014006    0000001e     sysbios.aem4 : m3_Hwi_asm_switch.obj (.text:ti_sysbios_family_xxx_Hwi_switchAndRunFunc)
                  01014024    0000001c     uart_terminal.obj (.text:Message)
                  01014040    0000001c     driverlib.a : pin.obj (.text:PinToPadGet)
                  0101405c    0000001c     simplelink.a : device.obj (.text:_SlDeviceGetStartResponseConvert)
                  01014078    0000001c                  : spawn.obj (.text:_SlInternalIsItSpawnThread)
                  01014094    0000001c     rtsv7M4_T_le_eabi.lib : memccpy.c.obj (.text:memccpy)
                  010140b0    0000001c     userconfig.obj (.text:need_checksum)
                  010140cc    00000004     --HOLE-- [fill = 0]
                  010140d0    0000001c     sysbios.aem4 : BIOS.obj (.text:ti_sysbios_family_arm_m3_Timer_Module_startup__E)
                  010140ec    00000004     --HOLE-- [fill = 0]
                  010140f0    0000001c                  : BIOS.obj (.text:ti_sysbios_family_arm_m3_Timer_stop__E)
                  0101410c    00000004     --HOLE-- [fill = 0]
                  01014110    0000001c                  : BIOS.obj (.text:ti_sysbios_gates_GateMutex_Instance_init__E)
                  0101412c    00000004     --HOLE-- [fill = 0]
                  01014130    0000001c                  : BIOS.obj (.text:ti_sysbios_knl_Clock_Instance_finalize__E)
                  0101414c    0000001c     release_pem4.oem4 (.text:ti_sysbios_knl_Queue_destruct)
                  01014168    0000001c     sysbios.aem4 : BIOS.obj (.text:ti_sysbios_knl_Queue_put__E)
                  01014184    00000004     --HOLE-- [fill = 0]
                  01014188    0000001c                  : BIOS.obj (.text:ti_sysbios_knl_Task_enter__I)
                  010141a4    0000001a     release_pem4.oem4 (.text:free)
                  010141be    0000001a     sysbios.aem4 : m3_Hwi_asm.obj (.text:ti_sysbios_family_arm_m3_Hwi_pendSV__I)
                  010141d8    00000018     drivers_cc32xx.aem4 : PowerCC32XX.oem4 (.text:Power_idleFunc)
                  010141f0    00000018     driverlib.a : uart.obj (.text:UARTBusy)
                  01014208    00000018                 : uart.obj (.text:UARTIntEnable)
                  01014220    00000018     drivers_cc32xx.aem4 : UART.oem4 (.text:UART_Params_init)
                  01014238    00000018     rtsv7M4_T_le_eabi.lib : args_main.c.obj (.text:_args_main)
                  01014250    00000018                           : snprintf.c.obj (.text:_outc)
                  01014268    00000018                           : vsnprintf.c.obj (.text:_outc)
                  01014280    00000018                           : sprintf.c.obj (.text:_outs)
                  01014298    00000018     cc3220_system.obj (.text:get_version)
                  010142b0    00000018     uart_terminal.obj (.text:putch)
                  010142c8    00000018     rtsv7M4_T_le_eabi.lib : ll_mul_t2.asm.obj (.text)
                  010142e0    00000018                           : strcmp.c.obj (.text:strcmp)
                  010142f8    00000018     release_pem4.oem4 (.text:ti_sysbios_BIOS_rtsUnlock__I)
                  01014310    00000018     release_pem4.oem4 (.text:ti_sysbios_family_arm_m3_Hwi_Module__startupDone__F)
                  01014328    00000018     release_pem4.oem4 (.text:ti_sysbios_family_arm_m3_Timer_Module__startupDone__F)
                  01014340    00000018     release_pem4.oem4 (.text:ti_sysbios_gates_GateHwi_Handle__label__S)
                  01014358    00000018     release_pem4.oem4 (.text:ti_sysbios_gates_GateMutex_Handle__label__S)
                  01014370    00000018     sysbios.aem4 : BIOS.obj (.text:ti_sysbios_gates_GateMutex_leave__E)
                  01014388    00000018     release_pem4.oem4 (.text:ti_sysbios_heaps_HeapMem_Handle__label__S)
                  010143a0    00000018     sysbios.aem4 : BIOS.obj (.text:ti_sysbios_knl_Task_sleepTimeout__I)
                  010143b8    00000018                  : BIOS.obj (.text:ti_sysbios_rts_ti_ReentSupport_getReent__F)
                  010143d0    00000018     release_pem4.oem4 (.text:ti_sysbios_rts_ti_ReentSupport_getTlsAddr__I)
                  010143e8    00000018     sysbios.aem4 : BIOS.obj (.text:xdc_runtime_Error_init__E)
                  01014400    00000018                  : BIOS.obj (.text:xdc_runtime_System_exit__E)
                  01014418    00000016     driverlib.a : prcm.obj (.text:PRCMHIBRegRead)
                  0101442e    00000016                 : prcm.obj (.text:PRCMHIBRegWrite)
                  01014444    00000016     simplelink.a : driver.obj (.text:_SlDrvMemZero)
                  0101445a    00000006     --HOLE-- [fill = 0]
                  01014460    00000016     sysbios.aem4 : BIOS.obj (.text:pthread_mutex_destroy)
                  01014476    00000016     rtsv7M4_T_le_eabi.lib : strchr.c.obj (.text:strchr)
                  0101448c    00000016     release_pem4.oem4 (.text:ti_sysbios_BIOS_exitFunc__I)
                  010144a2    00000002     --HOLE-- [fill = 0]
                  010144a4    00000014     uart_terminal.obj (.text:ClearTerm)
                  010144b8    00000014     driverlib.a : prcm.obj (.text:PRCMHibernateEnter)
                  010144cc    00000014     drivers_cc32xx.aem4 : PowerCC32XX.oem4 (.text:Power_getDependencyCount)
                  010144e0    00000014                         : SPI.oem4 (.text:SPI_Params_init)
                  010144f4    00000004     --HOLE-- [fill = 0]
                  010144f8    00000014     sysbios.aem4 : BIOS.obj (.text:pthread_attr_setschedparam)
                  0101450c    00000014     drivers_cc32xx.aem4 : UARTCC32XX.oem4 (.text:releasePowerConstraint)
                  01014520    00000014     rtsv7M4_T_le_eabi.lib : strcpy.c.obj (.text:strcpy)
                  01014534    00000014                           : strlen.c.obj (.text:strlen)
                  01014548    00000014     release_pem4.oem4 (.text:ti_sysbios_family_arm_m3_Hwi_Object__get__S)
                  0101455c    00000004     --HOLE-- [fill = 0]
                  01014560    00000014     sysbios.aem4 : BIOS.obj (.text:ti_sysbios_family_arm_m3_Hwi_switchFromBootStack__E)
                  01014574    00000014                  : m3_TaskSupport_asm.obj (.text:ti_sysbios_family_arm_m3_TaskSupport_swap__E)
                  01014588    00000014     release_pem4.oem4 (.text:ti_sysbios_heaps_HeapMem_Object__get__S)
                  0101459c    00000004     --HOLE-- [fill = 0]
                  010145a0    00000014     sysbios.aem4 : BIOS.obj (.text:ti_sysbios_knl_Clock_tickReconfig__E)
                  010145b4    00000014     release_pem4.oem4 (.text:ti_sysbios_knl_Swi_Object__get__S)
                  010145c8    00000012     drivers_cc32xx.aem4 : RingBuf.oem4 (.text:RingBuf_construct)
                  010145da    00000012     dpl_cc32xx.aem4 : SemaphoreP_tirtos.oem4 (.text:SemaphoreP_pend)
                  010145ec    00000004     --HOLE-- [fill = 0]
                  010145f0    00000012     sysbios.aem4 : BIOS.obj (.text:_pthread_runStub$41)
                  01014602    00000006     --HOLE-- [fill = 0]
                  01014608    00000012                  : BIOS.obj (.text:ti_sysbios_hal_Hwi_Module_startup__E)
                  0101461a    00000012     rtsv7M4_T_le_eabi.lib : wcslen.c.obj (.text:wcslen)
                  0101462c    00000012     release_pem4.oem4 (.text:xdc_runtime_Startup_exec__I)
                  0101463e    00000010     dpl_cc32xx.aem4 : HwiP_tirtos.oem4 (.text:HwiP_Params_init)
                  0101464e    00000010     simplelink.a : sl_socket.obj (.text:SL_SOCKET_FD_ZERO)
                  0101465e    00000010                  : driver.obj (.text:_SlDrvDispatchHttpServerEvents)
                  0101466e    00000010                  : driver.obj (.text:_SlDrvDispatchNetAppRequestEvents)
                  0101467e    00000010                  : driver.obj (.text:_SlDrvIsSpawnOwnGlobalLock)
                  0101468e    00000010     CC3220SF_LAUNCHXL.obj (.text:dmaErrorFxn)
                  0101469e    00000002     --HOLE-- [fill = 0]
                  010146a0    00000010     rtsv7M4_T_le_eabi.lib : isspace.c.obj (.text:isspace)
                  010146b0    00000010                           : isxdigit.c.obj (.text:isxdigit)
                  010146c0    00000010     sysbios.aem4 : BIOS.obj (.text:pthread_mutexattr_init)
                  010146d0    00000010                  : BIOS.obj (.text:pthread_mutexattr_settype)
                  010146e0    00000010     drivers_cc32xx.aem4 : UARTCC32XX.oem4 (.text:readBlockingTimeout)
                  010146f0    00000010     sysbios.aem4 : BIOS.obj (.text:ti_sysbios_BIOS_getCpuFreq__E)
                  01014700    00000010                  : BIOS.obj (.text:ti_sysbios_BIOS_setThreadType__E)
                  01014710    00000010                  : BIOS.obj (.text:ti_sysbios_BIOS_start__E)
                  01014720    00000010                  : m3_TaskSupport_asm.obj (.text:ti_sysbios_family_arm_m3_TaskSupport_glue)
                  01014730    00000010                  : BIOS.obj (.text:ti_sysbios_gates_GateMutex_Instance_finalize__E)
                  01014740    00000010     release_pem4.oem4 (.text:ti_sysbios_knl_Mailbox_Object__get__S)
                  01014750    00000010     sysbios.aem4 : BIOS.obj (.text:ti_sysbios_knl_Semaphore_Instance_finalize__E)
                  01014760    00000010                  : BIOS.obj (.text:ti_sysbios_knl_Swi_disable__E)
                  01014770    00000010     release_pem4.oem4 (.text:ti_sysbios_knl_Task_Object__get__S)
                  01014780    00000010     sysbios.aem4 : BIOS.obj (.text:ti_sysbios_knl_Task_disable__E)
                  01014790    00000010     rtsv7M4_T_le_eabi.lib : tolower.c.obj (.text:tolower)
                  010147a0    00000010                           : toupper.c.obj (.text:toupper)
                  010147b0    00000010     sysbios.aem4 : BIOS.obj (.text:xdc_runtime_Memory_free__E)
                  010147c0    00000010                  : BIOS.obj (.text:xdc_runtime_SysCallback_abort__E)
                  010147d0    00000010                  : BIOS.obj (.text:xdc_runtime_SysCallback_exit__E)
                  010147e0    0000000e     drivers_cc32xx.aem4 : RingBuf.oem4 (.text:RingBuf_isFull)
                  010147ee    0000000e     simplelink.a : driver.obj (.text:_SlDrvResetCmdExt)
                  010147fc    0000000e     rtsv7M4_T_le_eabi.lib : copy_decompress_none.c.obj (.text:decompress:none:__TI_decompress_none)
                  0101480a    0000000e     drivers_cc32xx.aem4 : SPICC32XXDMA.oem4 (.text:postNotifyFxn)
                  01014818    0000000e     sysbios.aem4 : BIOS.obj (.text:sem_wait)
                  01014826    0000000e     simplelink.a : cc_pal.obj (.text:spi_Close)
                  01014834    00000004     --HOLE-- [fill = 0]
                  01014838    0000000e     sysbios.aem4 : BIOS.obj (.text:ti_sysbios_knl_Idle_loop__E)
                  01014846    00000002     --HOLE-- [fill = 0]
                  01014848    0000000e                  : BIOS.obj (.text:ti_sysbios_knl_Queue_empty__E)
                  01014856    0000000c     CC3220SF_LAUNCHXL.obj (.text:CC3220SF_LAUNCHXL_initGeneral)
                  01014862    0000000c     dpl_cc32xx.aem4 : ClockP_tirtos.oem4 (.text:ClockP_delete)
                  0101486e    0000000c                     : HwiP_tirtos.oem4 (.text:HwiP_delete)
                  0101487a    00000002     --HOLE-- [fill = 0]
                  0101487c    0000000c     network_handler.obj (.text:Network_IF_ResetMCUStateMachine)
                  01014888    0000000c     simplelink.a : cc_pal.obj (.text:NwpMaskInterrupt)
                  01014894    0000000c                  : cc_pal.obj (.text:NwpUnMaskInterrupt)
                  010148a0    0000000c     drivers_cc32xx.aem4 : PowerCC32XX.oem4 (.text:Power_getConstraintMask)
                  010148ac    0000000c     dpl_cc32xx.aem4 : SemaphoreP_tirtos.oem4 (.text:SemaphoreP_delete)
                  010148b8    0000000c     network_handler.obj (.text:SimpleLinkHttpServerEventHandler)
                  010148c4    0000000c     network_handler.obj (.text:SimpleLinkNetAppRequestEventHandler)
                  010148d0    0000000c     spi_handler_temp.obj (.text:SlaveHandleTask)
                  010148dc    0000000c     simplelink.a : device.obj (.text:_SlDeviceResetRequestInitCompletedCB)
                  010148e8    0000000c     rtsv7M4_T_le_eabi.lib : _lock.c.obj (.text:_register_lock)
                  010148f4    0000000c                           : _lock.c.obj (.text:_register_unlock)
                  01014900    0000000c                           : copy_zero_init.c.obj (.text:decompress:ZI:__TI_zero_init)
                  0101490c    0000000c     drivers_cc32xx.aem4 : UARTCC32XX.oem4 (.text:postNotifyFxn)
                  01014918    0000000c     sysbios.aem4 : BIOS.obj (.text:pthread_self)
                  01014924    0000000c     release_pem4.oem4 (.text:ti_sysbios_family_arm_m3_Hwi_Params__init__S)
                  01014930    0000000c     sysbios.aem4 : BIOS.obj (.text:ti_sysbios_family_arm_m3_Hwi_disableFxn__E)
                  0101493c    00000004     --HOLE-- [fill = 0]
                  01014940    0000000c                  : BIOS.obj (.text:ti_sysbios_family_arm_m3_TaskSupport_getStackAlignment__E)
                  0101494c    00000004     --HOLE-- [fill = 0]
                  01014950    0000000c                  : BIOS.obj (.text:ti_sysbios_gates_GateHwi_enter__E)
                  0101495c    0000000c     release_pem4.oem4 (.text:ti_sysbios_knl_Clock_Params__init__S)
                  01014968    0000000c     sysbios.aem4 : BIOS.obj (.text:ti_sysbios_knl_Clock_getTicks__E)
                  01014974    00000004     --HOLE-- [fill = 0]
                  01014978    0000000c                  : BIOS.obj (.text:ti_sysbios_knl_Clock_setTicks__E)
                  01014984    00000004     --HOLE-- [fill = 0]
                  01014988    0000000c                  : BIOS.obj (.text:ti_sysbios_knl_Clock_tickStart__E)
                  01014994    00000004     --HOLE-- [fill = 0]
                  01014998    0000000c                  : BIOS.obj (.text:ti_sysbios_knl_Clock_tickStop__E)
                  010149a4    0000000c     release_pem4.oem4 (.text:ti_sysbios_knl_Queue_Object__get__S)
                  010149b0    0000000c     release_pem4.oem4 (.text:ti_sysbios_knl_Semaphore_Params__init__S)
                  010149bc    0000000c     release_pem4.oem4 (.text:ti_sysbios_knl_Task_Params__init__S)
                  010149c8    0000000c     sysbios.aem4 : BIOS.obj (.text:ti_sysbios_knl_Task_self__E)
                  010149d4    00000004     --HOLE-- [fill = 0]
                  010149d8    0000000c                  : BIOS.obj (.text:ti_sysbios_rts_ti_ReentSupport_taskRegHook__I)
                  010149e4    0000000c     driverlib.a : udma.obj (.text:uDMAErrorStatusClear)
                  010149f0    0000000c                 : udma.obj (.text:uDMAErrorStatusGet)
                  010149fc    00000004     --HOLE-- [fill = 0]
                  01014a00    0000000c     sysbios.aem4 : BIOS.obj (.text:xdc_runtime_Startup_rtsDone__E)
                  01014a0c    0000000a     dpl_cc32xx.aem4 : ClockP_tirtos.oem4 (.text:ClockP_Params_init)
                  01014a16    0000000a     drivers_cc32xx.aem4 : SPI.oem4 (.text:SPI_close)
                  01014a20    0000000a                         : SPI.oem4 (.text:SPI_transfer)
                  01014a2a    0000000a     network_handler.obj (.text:SimpleLinkNetAppRequestMemFreeEventHandler)
                  01014a34    0000000a     drivers_cc32xx.aem4 : UART.oem4 (.text:UART_control)
                  01014a3e    0000000a                         : UART.oem4 (.text:UART_readPolling)
                  01014a48    0000000a                         : UART.oem4 (.text:UART_writePolling)
                  01014a52    0000000a     rtsv7M4_T_le_eabi.lib : sprintf.c.obj (.text:_outc)
                  01014a5c    00000004     --HOLE-- [fill = 0]
                  01014a60    0000000a     sysbios.aem4 : BIOS.obj (.text:sem_destroy)
                  01014a6a    00000006     --HOLE-- [fill = 0]
                  01014a70    0000000a                  : BIOS.obj (.text:sem_post)
                  01014a7a    0000000a     simplelink.a : device.obj (.text:sl_Task)
                  01014a84    0000000a     release_pem4.oem4 (.text:xdc_runtime_IHeap_alloc)
                  01014a8e    0000000a     release_pem4.oem4 (.text:xdc_runtime_IHeap_free)
                  01014a98    00000008     dpl_cc32xx.aem4 : SemaphoreP_tirtos.oem4 (.text:SemaphoreP_Params_init)
                  01014aa0    00000008     simplelink.a : cc_pal.obj (.text:TimerGetCurrentTimestamp)
                  01014aa8    00000008     drivers_cc32xx.aem4 : SPICC32XXDMA.oem4 (.text:blockingTransferCallback)
                  01014ab0    00000008     rtsv7M4_T_le_eabi.lib : s_copysign.c.obj (.text:copysign)
                  01014ab8    00000008     userconfig.obj (.text:get_userconfig_pointer)
                  01014ac0    00000008     sysbios.aem4 : BIOS.obj (.text:pthread_attr_setstacksize)
                  01014ac8    00000008                  : BIOS.obj (.text:pthread_mutex_lock)
                  01014ad0    00000008     drivers_cc32xx.aem4 : UARTCC32XX.oem4 (.text:readSemCallback)
                  01014ad8    00000008     sysbios.aem4 : BIOS.obj (.text:ti_sysbios_family_arm_m3_Hwi_doSwiRestore__I)
                  01014ae0    00000008                  : BIOS.obj (.text:ti_sysbios_family_arm_m3_Hwi_startup__E)
                  01014ae8    00000008     drivers_cc32xx.aem4 : UARTCC32XX.oem4 (.text:writeSemCallback)
                  01014af0    00000006     sysbios.aem4 : BIOS.obj (.text:ti_sysbios_family_arm_m3_Hwi_doTaskRestore__I)
                  01014af6    00000002     --HOLE-- [fill = 0]
                  01014af8    00000006                  : BIOS.obj (.text:ti_sysbios_family_arm_m3_Hwi_restoreFxn__E)
                  01014afe    00000002     --HOLE-- [fill = 0]
                  01014b00    00000006                  : BIOS.obj (.text:ti_sysbios_gates_GateHwi_leave__E)
                  01014b06    00000002     --HOLE-- [fill = 0]
                  01014b08    00000006                  : BIOS.obj (.text:ti_sysbios_heaps_HeapMem_isBlocking__E)
                  01014b0e    00000002     --HOLE-- [fill = 0]
                  01014b10    00000006                  : BIOS.obj (.text:ti_sysbios_knl_Clock_stop__E)
                  01014b16    00000002     --HOLE-- [fill = 0]
                  01014b18    00000006                  : BIOS.obj (.text:ti_sysbios_knl_Queue_Instance_init__E)
                  01014b1e    00000002     --HOLE-- [fill = 0]
                  01014b20    00000006                  : BIOS.obj (.text:ti_sysbios_knl_Swi_startup__E)
                  01014b26    00000002     --HOLE-- [fill = 0]
                  01014b28    00000006                  : BIOS.obj (.text:xdc_runtime_System_Module_startup__E)
                  01014b2e    00000002     --HOLE-- [fill = 0]
                  01014b30    00000004                  : BIOS.obj (.text:__aeabi_errno_addr)
                  01014b34    00000004     --HOLE-- [fill = 0]
                  01014b38    00000004                  : BIOS.obj (.text:ti_sysbios_family_arm_m3_Timer_getMaxTicks__E)
                  01014b3c    00000004     --HOLE-- [fill = 0]
                  01014b40    00000004                  : BIOS.obj (.text:ti_sysbios_gates_GateHwi_query__E)
                  01014b44    00000004     --HOLE-- [fill = 0]
                  01014b48    00000004                  : BIOS.obj (.text:ti_sysbios_gates_GateMutex_query__E)
                  01014b4c    00000004     --HOLE-- [fill = 0]
                  01014b50    00000004                  : BIOS.obj (.text:ti_sysbios_knl_Clock_setTimeout__E)
                  01014b54    00000004     --HOLE-- [fill = 0]
                  01014b58    00000004                  : BIOS.obj (.text:ti_sysbios_knl_Task_startup__E)
                  01014b5c    00000004     --HOLE-- [fill = 0]
                  01014b60    00000002                  : BIOS.obj (.text:ti_sysbios_BIOS_linkedWithIncorrectBootLibrary__E)
                  01014b62    00000006     --HOLE-- [fill = 0]
                  01014b68    00000002                  : BIOS.obj (.text:ti_sysbios_gates_GateHwi_Instance_init__E)
                  01014b6a    00000006     --HOLE-- [fill = 0]
                  01014b70    00000002                  : BIOS.obj (.text:ti_sysbios_knl_Clock_logTick__E)
                  01014b72    00000006     --HOLE-- [fill = 0]
                  01014b78    00000002                  : BIOS.obj (.text:xdc_runtime_SysCallback_defaultAbort)
                  01014b7a    00000006     --HOLE-- [fill = 0]
                  01014b80    00000002                  : BIOS.obj (.text:xdc_runtime_SysCallback_defaultExit)
                  01014b82    00000006     --HOLE-- [fill = 0]
                  01014b88    00000002                  : BIOS.obj (.text:xdc_runtime_System_abortSpin__E)
                  01014b8a    00000006     --HOLE-- [fill = 0]
                  01014b90    00000002                  : BIOS.obj (.text:xdc_runtime_System_exitSpin__E)

.const     0    01014b94    00000eea     
                  01014b94    00000101     rtsv7M4_T_le_eabi.lib : ctype.c.obj (.const:.string:_ctypes_)
                  01014c95    00000001     release_pem4.oem4 (.const:ti_sysbios_knl_Clock_tickMode__C)
                  01014c96    00000002     release_pem4.oem4 (.const:ti_sysbios_family_arm_m3_Hwi_Module__id__C)
                  01014c98    00000100     driverlib.a : pin.obj (.const:g_ulPinToPadMap)
                  01014d98    000000c8     network_handler.obj (.const:.string:$P$T12$13)
                  01014e60    000000a8     driverlib.a : prcm.obj (.const:PRCM_PeriphRegsList)
                  01014f08    00000078     CC3220SF_LAUNCHXL.obj (.const:spiCC3220SDMAHWAttrs)
                  01014f80    00000070     simplelink.a : driver.obj (.const:OpcodeTranslateTable)
                  01014ff0    00000064     network_handler.obj (.const:.string:$P$T13$14)
                  01015054    00000058     release_pem4.oem4 (.const:.string)
                  010150ac    00000058     simplelink.a : driver.obj (.const:_SlActionLookupTable)
                  01015104    00000048     CC3220SF_LAUNCHXL.obj (.const:uartCC3220SHWAttrs)
                  0101514c    00000044     release_pem4.oem4 (.const:ti_sysbios_knl_Task_Object__PARAMS__C)
                  01015190    00000040     system.obj (.const:.string:$P$T3$4)
                  010151d0    00000040     CC3220SF_LAUNCHXL.obj (.const:PowerCC32XX_config)
                  01015210    00000030     release_pem4.oem4 (.const:ti_sysbios_family_arm_m3_Hwi_Object__PARAMS__C)
                  01015240    00000028     drivers_cc32xx.aem4 : UARTCC32XX.oem4 (.const:UARTCC32XX_fxnTable)
                  01015268    00000028     release_pem4.oem4 (.const:ti_sysbios_heaps_HeapMem_Module__FXNS__C)
                  01015290    00000024     drivers_cc32xx.aem4 : UART.oem4 (.const:UART_defaultParams)
                  010152b4    00000024     release_pem4.oem4 (.const:ti_sysbios_gates_GateHwi_Module__FXNS__C)
                  010152d8    00000024     release_pem4.oem4 (.const:ti_sysbios_gates_GateMutex_Module__FXNS__C)
                  010152fc    00000024     release_pem4.oem4 (.const:ti_sysbios_heaps_HeapMem_Object__PARAMS__C)
                  01015320    00000024     release_pem4.oem4 (.const:ti_sysbios_knl_Clock_Object__PARAMS__C)
                  01015344    00000024     release_pem4.oem4 (.const:ti_sysbios_knl_Semaphore_Object__PARAMS__C)
                  01015368    00000022     network_handler.obj (.const:.string:$P$T9$10)
                  0101538a    00000021     drivers_cc32xx.aem4 : GPIOCC32XX.oem4 (.const:.string:pinTable)
                  010153ab    00000020     system.obj (.const:.string:$P$T2$3)
                  010153cb    00000001     release_pem4.oem4 (.const:ti_sysbios_knl_Clock_tickSource__C)
                  010153cc    00000020     simplelink.a : fs.obj (.const:FlagsTranslate)
                  010153ec    00000020                  : driver.obj (.const:RxMsgClassLUT)
                  0101540c    00000020     drivers_cc32xx.aem4 : SPI.oem4 (.const:SPI_defaultParams)
                  0101542c    00000020     simplelink.a : device.obj (.const:StartResponseLUT)
                  0101544c    00000020     drivers_cc32xx.aem4 : UARTCC32XX.oem4 (.const:staticFxnTable)
                  0101546c    00000020     release_pem4.oem4 (.const:ti_sysbios_family_arm_m3_Hwi_Object__DESC__C)
                  0101548c    00000020     release_pem4.oem4 (.const:ti_sysbios_gates_GateHwi_Object__DESC__C)
                  010154ac    00000020     release_pem4.oem4 (.const:ti_sysbios_gates_GateMutex_Object__DESC__C)
                  010154cc    00000020     release_pem4.oem4 (.const:ti_sysbios_heaps_HeapMem_Object__DESC__C)
                  010154ec    00000020     release_pem4.oem4 (.const:ti_sysbios_knl_Clock_Object__DESC__C)
                  0101550c    00000020     release_pem4.oem4 (.const:ti_sysbios_knl_Queue_Object__DESC__C)
                  0101552c    00000020     release_pem4.oem4 (.const:ti_sysbios_knl_Semaphore_Object__DESC__C)
                  0101554c    00000020     release_pem4.oem4 (.const:ti_sysbios_knl_Task_Object__DESC__C)
                  0101556c    00000020     release_pem4.oem4 (.const:xdc_runtime_Startup_sfxnTab__A)
                  0101558c    00000018     drivers_cc32xx.aem4 : SPICC32XXDMA.oem4 (.const:SPICC32XXDMA_fxnTable)
                  010155a4    00000018     CC3220SF_LAUNCHXL.obj (.const:SPI_config)
                  010155bc    00000018     CC3220SF_LAUNCHXL.obj (.const:UART_config)
[...]
01014b59  ti_sysbios_knl_Task_startup__E                                  
01014b61  ti_sysbios_BIOS_linkedWithIncorrectBootLibrary__E               
01014b69  ti_sysbios_gates_GateHwi_Instance_init__E                       
01014b71  ti_sysbios_knl_Clock_logTick__E                                 
01014b79  xdc_runtime_SysCallback_defaultAbort                            
01014b81  xdc_runtime_SysCallback_defaultExit                             
01014b89  xdc_runtime_System_abortSpin__E                                 
01014b91  xdc_runtime_System_exitSpin__E                                  
01014b94  _ctypes_                                                        
01014c95  ti_sysbios_knl_Clock_tickMode__C                                
01014c96  ti_sysbios_family_arm_m3_Hwi_Module__id__C                      
01014f08  spiCC3220SDMAHWAttrs                                            
01014f80  OpcodeTranslateTable                                            
010150ac  _SlActionLookupTable                                            
01015104  uartCC3220SHWAttrs                                              
0101514c  ti_sysbios_knl_Task_Object__PARAMS__C                           
010151d0  PowerCC32XX_config                                              
01015210  ti_sysbios_family_arm_m3_Hwi_Object__PARAMS__C                  
01015240  UARTCC32XX_fxnTable                                             
01015268  ti_sysbios_heaps_HeapMem_Module__FXNS__C                        
01015290  UART_defaultParams                                              
010152b4  ti_sysbios_gates_GateHwi_Module__FXNS__C                        
010152d8  ti_sysbios_gates_GateMutex_Module__FXNS__C                      
010152fc  ti_sysbios_heaps_HeapMem_Object__PARAMS__C                      
01015320  ti_sysbios_knl_Clock_Object__PARAMS__C                          
01015344  ti_sysbios_knl_Semaphore_Object__PARAMS__C                      
010153cb  ti_sysbios_knl_Clock_tickSource__C                              
010153cc  FlagsTranslate                                                  
0101540c  SPI_defaultParams                                               
0101546c  ti_sysbios_family_arm_m3_Hwi_Object__DESC__C                    
0101548c  ti_sysbios_gates_GateHwi_Object__DESC__C                        
010154ac  ti_sysbios_gates_GateMutex_Object__DESC__C                      
010154cc  ti_sysbios_heaps_HeapMem_Object__DESC__C                        
010154ec  ti_sysbios_knl_Clock_Object__DESC__C                            
0101550c  ti_sysbios_knl_Queue_Object__DESC__C                            
0101552c  ti_sysbios_knl_Semaphore_Object__DESC__C                        
0101554c  ti_sysbios_knl_Task_Object__DESC__C                             
0101556c  xdc_runtime_Startup_sfxnTab__A                                  
0101558c  SPICC32XXDMA_fxnTable                                           
010155a4  SPI_config                                                      
010155bc  UART_config                                                     
010155d4  ti_sysbios_gates_GateHwi_Object__PARAMS__C                      
010155ec  ti_sysbios_gates_GateMutex_Object__PARAMS__C                    
01015604  ti_sysbios_knl_Queue_Object__PARAMS__C                          
0101561c  ti_sysbios_knl_Task_hooks__A                                    
0101568d  xdc_runtime_Error_policy__C                                     
0101568e  ti_sysbios_family_arm_m3_Timer_Module__id__C                    
01015730  GPIOCC32XX_config                                               
010157a5  xdc_runtime_Text_charTab__A                                     
010157a6  ti_sysbios_heaps_HeapMem_Module__id__C                          
010157f8  xdc_runtime_Startup_sfxnRts__A                                  
01015815  ADC_count                                                       
01015816  Capture_count                                                   
01015817  CryptoCC32XX_count                                              
01015818  Display_count                                                   
01015819  I2C_count                                                       
0101581a  I2S_count                                                       
0101581b  PWM_count                                                       
0101581c  SDFatFS_count                                                   
0101581d  SD_count                                                        
0101581e  SPI_count                                                       
0101581f  Timer_count                                                     
01015820  UART_count                                                      
01015821  Watchdog_count                                                  
01015822  xdc_runtime_Memory_Module__id__C                                
01015860  udmaCC3220SHWAttrs                                              
0101586c  xdc_runtime_Startup_firstFxns__A                                
01015896  xdc_runtime_Text_charCnt__C                                     
010158b0  UDMACC32XX_config                                               
010158d0  outPinTypes                                                     
010158e0  ti_sysbios_knl_Idle_funcList__A                                 
010158e8  ti_sysbios_knl_Idle_funcList__C                                 
010158f0  ti_sysbios_knl_Task_hooks__C                                    
010158f8  xdc_runtime_Startup_firstFxns__C                                
01015900  xdc_runtime_Startup_lastFxns__C                                 
01015916  inPinTypes                                                      
0101591c  outPinStrengths                                                 
0101595c  _SlNetAppSendResponseCmdCtrl                                    
01015960  _SlNetAppSendTokenValueCmdCtrl                                  
01015974  _SlProvisioningCmdCtrl                                          
010159a8  ti_sysbios_family_arm_m3_Hwi_E_alreadyDefined__C                
010159ac  ti_sysbios_family_arm_m3_Hwi_NUM_INTERRUPTS__C                  
010159b0  ti_sysbios_family_arm_m3_Hwi_Object__count__C                   
010159b4  ti_sysbios_family_arm_m3_Hwi_ccr__C                             
010159b8  ti_sysbios_family_arm_m3_Hwi_excHandlerFunc__C                  
010159bc  ti_sysbios_family_arm_m3_Hwi_nullIsrFunc__C                     
010159c0  ti_sysbios_family_arm_m3_Hwi_priGroup__C                        
010159c4  ti_sysbios_family_arm_m3_Hwi_swiDisable__C                      
010159c8  ti_sysbios_family_arm_m3_Hwi_swiRestoreHwi__C                   
010159cc  ti_sysbios_family_arm_m3_TaskSupport_stackAlignment__C          
010159d0  ti_sysbios_family_arm_m3_Timer_E_cannotSupport__C               
010159d4  ti_sysbios_family_arm_m3_Timer_startupNeeded__C                 
010159d8  ti_sysbios_gates_GateMutex_Instance_State_sem__O                
010159dc  ti_sysbios_heaps_HeapMem_E_memory__C                            
010159e0  ti_sysbios_heaps_HeapMem_Module__gateObj__C                     
010159e4  ti_sysbios_heaps_HeapMem_Object__count__C                       
010159e8  ti_sysbios_heaps_HeapMem_primaryHeapBaseAddr__C                 
010159ec  ti_sysbios_heaps_HeapMem_primaryHeapEndAddr__C                  
010159f0  ti_sysbios_heaps_HeapMem_reqAlign__C                            
010159f4  ti_sysbios_knl_Clock_Module_State_clockQ__O                     
010159f8  ti_sysbios_knl_Clock_tickPeriod__C                              
010159fc  ti_sysbios_knl_Mailbox_Instance_State_freeQue__O                
01015a00  ti_sysbios_knl_Mailbox_Object__count__C                         
01015a04  ti_sysbios_knl_Mailbox_maxTypeAlign__C                          
01015a08  ti_sysbios_knl_Semaphore_Instance_State_pendQ__O                
01015a0c  ti_sysbios_knl_Swi_Object__count__C                             
01015a10  ti_sysbios_knl_Task_Module_State_inactiveQ__O                   
01015a14  ti_sysbios_knl_Task_Object__count__C                            
01015a18  ti_sysbios_knl_Task_Object__heap__C                             
01015a1c  ti_sysbios_knl_Task_allBlockedFunc__C                           
01015a20  ti_sysbios_knl_Task_defaultStackHeap__C                         
01015a24  ti_sysbios_knl_Task_defaultStackSize__C                         
01015a28  ti_sysbios_knl_Task_numConstructedTasks__C                      
01015a2c  xdc_runtime_Error_E_memory__C                                   
01015a30  xdc_runtime_Error_policyFxn__C                                  
01015a34  xdc_runtime_IGateProvider_Interface__BASE__C                    
01015a38  xdc_runtime_IHeap_Interface__BASE__C                            
01015a3c  xdc_runtime_IModule_Interface__BASE__C                          
01015a40  xdc_runtime_Memory_defaultHeapInstance__C                       
01015a44  xdc_runtime_Startup_execImpl__C                                 
01015a48  xdc_runtime_Startup_maxPasses__C                                
01015a4c  xdc_runtime_Startup_sfxnRts__C                                  
01015a50  xdc_runtime_Startup_sfxnTab__C                                  
01015a54  xdc_runtime_SysCallback_abortFxn__C                             
01015a58  xdc_runtime_SysCallback_exitFxn__C                              
01015a5c  xdc_runtime_System_Module__gateObj__C                           
01015a60  xdc_runtime_System_abortFxn__C                                  
01015a64  xdc_runtime_System_exitFxn__C                                   
01015a68  xdc_runtime_System_maxAtexitHandlers__C                         
01015a6c  xdc_runtime_Text_charTab__C                                     
01015a70  xdc_runtime_Text_nameEmpty__C                                   
01015a74  xdc_runtime_Text_nameStatic__C                                  
01015a78  xdc_runtime_Text_nameUnknown__C                                 
01015a7c  xdc_runtime_Text_isLoaded__C                                    
01015a80  __TI_static_base__                                              
01015cf4  __TI_Handler_Table_Base                                         
01015d00  __TI_Handler_Table_Limit                                        
01015d08  __TI_CINIT_Base                                                 
01015d18  __TI_CINIT_Limit                                                
20000000  ti_sysbios_family_arm_m3_Hwi_ramVectors                         
20000310  __primary_heap_start__                                          
20008310  __primary_heap_end__                                            
20008310  router_list                                                     
20008b10  gBuff_rx                                                        
20008e40  gBuff_tx                                                        
20009170  rx_buffer_spi                                                   
200094a0  tx_buffer_spi                                                   
200097d0  PowerCC32XX_module                                              
2000993c  parkInfo                                                        
20009abc  ti_sysbios_knl_Swi_Module_State_0_readyQ__A                     
20009b3c  ti_sysbios_knl_Task_Module_State_0_readyQ__A                    
20009bbc  ti_sysbios_knl_Task_Object__table__V                            
20009c18  ti_sysbios_gates_GateMutex_Object__table__V                     
20009c6c  ti_sysbios_knl_Task_Module__state__V                            
20009cb4  ap_pass                                                         
20009cf4  ti_sysbios_family_arm_m3_Hwi_Module__state__V                   
20009d28  ti_sysbios_family_arm_m3_Timer_Object__table__V                 
20009d58  ti_sysbios_knl_Swi_Object__table__V                             
20009d88  ti_sysbios_knl_Clock_Module__state__V                           
20009db4  g_LibsEvents                                                    
20009dd8  g_UserEvents                                                    
20009dfc  ti_sysbios_BIOS_Module__state__V                                
20009e20  ap_ssid                                                         
20009e40  gpioPinConfigs                                                  
20009e60  xdc_runtime_Error_IgnoreBlock                                   
20009e80  uip1                                                            
20009e84  gMode                                                           
20009e88  g_pos_read                                                      
20009e8c  g_pos_write                                                     
20009e90  connectserver                                                   
20009e94  iStatus_tcp_done                                                
20009e98  iStatus_init_client                                             
20009e9c  ti_sysbios_knl_Swi_Module__state__V                             
20009eb8  ti_sysbios_family_arm_m3_Hwi_Object__table__V                   
20009ed0  ti_sysbios_heaps_HeapMem_Object__table__V                       
20009ee8  grecv_pos_write                                                 
20009eec  grecv_pos_read                                                  
20009ef0  gsend_pos_write                                                 
20009ef4  gsend_pos_read                                                  
20009ef8  spi_slave_init                                                  
20009efc  g_uiPortNum                                                     
20009f00  g_ulPacketCount                                                 
20009f04  g_ucConnectionStatus                                            
20009f05  g_ucSimplelinkstarted                                           
20009f08  g_ulIpAddr                                                      
20009f0c  audio_mode                                                      
20009f10  gpioCallbackFunctions                                           
20009f20  thread_tcp                                                      
20009f24  thread_spi                                                      
20009f28  thread_cli                                                      
20009f2c  spawnThread                                                     
20009f3d  lineBreak                                                       
20009f40  g_ulStaIp                                                       
20009f44  g_ulGatewayIP                                                   
20009f48  g_ulStatus                                                      
20009f4c  gGlobalLockCntRequested                                         
20009f4d  gGlobalLockCntReleased                                          
20009f4e  g_SlDeviceStatus                                                
20009f50  g_pCB                                                           
20009f54  pPingCallBackFunc                                               
20009f58  ti_sysbios_family_arm_m3_Timer_Module__state__V                 
20009f70  _lock                                                           
20009f74  _unlock                                                         
20009f78  ap_sec                                                          
20009f88  ti_sysbios_family_arm_cc32xx_Seconds_Module__state__V           
20009f90  ti_sysbios_family_arm_m3_Hwi_Module__root__V                    
20009f98  ti_sysbios_gates_GateHwi_Module__root__V                        
20009fa0  ti_sysbios_gates_GateMutex_Module__root__V                      
20009fa8  ti_sysbios_heaps_HeapMem_Module__root__V                        
20009fb0  ti_sysbios_knl_Clock_Module__root__V                            
20009fb8  ti_sysbios_knl_Queue_Module__root__V                            
20009fc0  ti_sysbios_knl_Semaphore_Module__root__V                        
20009fc8  ti_sysbios_knl_Task_Module__root__V                             
20009fd0  xdc_runtime_Startup_Module__state__V                            
20009fd8  xdc_runtime_System_Module_State_0_atexitHandlers__A             
20009fe0  xdc_runtime_System_Module__state__V                             
20009fe8  main_func_sp                                                    
20009ff0  g_intHandle                                                     
20009ff4  ti_sysbios_family_arm_m3_Hwi_Module_State_0_excContext__A       
20009ff8  ti_sysbios_family_arm_m3_Hwi_Module_State_0_excStack__A         
20009ffc  ti_sysbios_gates_GateHwi_Object__table__V                       
2000a000  ti_sysbios_knl_Task_Module_State_0_idleTask__A                  
2000a004  ti_sysbios_rts_ti_ReentSupport_Module__state__V                 
2000a008  xdc_runtime_Memory_Module__state__V                             
2000a00c  ti_sysbios_family_arm_m3_Hwi_Module_State_0_excActive__A        
2000a400  app_CB                                                          
2000b000  g_CB                                                            
2000b3fc  ti_sysbios_family_arm_m3_Hwi_dispatchTable                      
2000b708  g_NetEntries                                                    
2000b9c8  ti_sysbios_knl_Task_Instance_State_0_stack__A                   
2000bbc8  PowerCC32XX_contextSave                                         
2000bcf4  uartCC3220SObjects                                              
2000bdfc  spiCC3220SDMAObjects                                            
2000be84  USERCONFIG                                                      
2000bef0  uartCC3220SRingBuffer                                           
2000bf30  GlobalLockObj                                                   
2000bf5c  clientMutex                                                     
2000bf88  g_SlInternalSpawnCB                                             
2000bfb0  g_ucConnectionSSID                                              
2000bff4  wifi_name                                                       
2000c014  clientsem                                                       
2000c030  guserconfig_init                                                
2000c04c  slave                                                           
2000c090  DeviceCB                                                        
2000c09c  Msg                                                             
2000c0b0  g_ucConnectionBSSID                                             
2000c0b8  udmaCC3220SObject                                               
2000c0c0  spiCC3220SDMAscratchBuf                                         
2000c0cc  ClockP_tickPeriod                                               
2000c0d0  iSockID                                                         
2000c0d4  iSockIDServer                                                   
2000c0d8  slaveSpi1                                                       
2000c0dc  ti_sysbios_knl_Task_Instance_State_0_hookEnv__A                 
2000c0e0  g_usConnectIndex                                                
2000c0e2  RxIrqCnt                                                        
2003fc00  __stack                                                         
20040000  __STACK_END                                                     
e000e000  ti_sysbios_family_arm_m3_Hwi_nvic                               
ffffffff  __TI_pprof_out_hndl                                             
ffffffff  __TI_prof_data_size                                             
ffffffff  __TI_prof_data_start                                            
ffffffff  __binit__                                                       
ffffffff  __c_args__                                                      
ffffffff  binit                                                           
UNDEFED   SHT$$INIT_ARRAY$$Base                                           
UNDEFED   SHT$$INIT_ARRAY$$Limit                                          

[911 symbols]
