******************************************************************************
                  TI ARM Linker Unix v18.1.3                   
******************************************************************************
>> Linked Wed Oct 24 10:38:51 2018

OUTPUT FILE NAME:   <tcp.out>
ENTRY POINT SYMBOL: "_c_int00"  address: 01011fe1


MEMORY CONFIGURATION

         name            origin    length      used     unused   attr    fill
----------------------  --------  ---------  --------  --------  ----  --------
  FLASH_HDR             01000000   000007ff  00000000  000007ff  R  X
  FLASH                 01000800   000ff800  00015070  000ea790  R  X
  SRAM                  20000000   00040000  0000cc0a  000333f6  RW X


SEGMENT ALLOCATION MAP

run origin  load origin   length   init length attrs members
----------  ----------- ---------- ----------- ----- -------
01000800    01000800    00015078   00015078    r-x
  01000800    01000800    0000003c   0000003c    r-- .resetVecs
  01000840    01000840    00013eb2   00013eb2    r-x .text
  010146f4    010146f4    00000ee2   00000ee2    r-- .const
  010155d8    010155d8    000002a0   000002a0    r-- .cinit
20000310    20000310    00008000   00000000    r--
  20000310    20000310    00008000   00000000    r-- .priheap
20008310    20008310    00002843   00000000    rw-
  20008310    20008310    00002843   00000000    rw- .data
2000ac00    2000ac00    00001cbb   00000000    rw-
  2000ac00    2000ac00    00001cbb   00000000    rw- .bss
2003fc00    2003fc00    00000400   00000000    rw-
  2003fc00    2003fc00    00000400   00000000    rw- .stack


SECTION ALLOCATION MAP

 output                                  attributes/
section   page    origin      length       input sections
--------  ----  ----------  ----------   ----------------
.bootVecs 
*          0    00000000    00000008     DSECT
                  00000000    00000008     boot.aem4 : boot.oem4 (.bootVecs)

.resetVecs 
*          0    01000800    0000003c     
                  01000800    0000003c     release_pem4.oem4 (.resetVecs)

.vecs      0    20000000    0000030c     NOLOAD SECTION
                  20000000    0000030c     release_pem4.oem4 (.vecs)

xdc.meta   0    00000000    0000010e     COPY SECTION
                  00000000    0000010e     release_pem4.oem4 (xdc.meta)

xdc.noload 
*          0    00000000    00000000     COPY SECTION

.text      0    01000840    00013eb2     
                  01000840    00000a4a     rtsv7M4_T_le_eabi.lib : _printfi.c.obj (.text:__TI_printfi)
                  0100128a    00000002     drivers_cc32xx.aem4 : UARTCC32XX.oem4 (.text:UARTCC32XX_init)
                  0100128c    00000914     simplelink.a : driver.obj (.text:_SlDrvMsgRead)
                  01001ba0    000004b0                  : sl_socket.obj (.text:_SlSocketHandleAsync_Select)
                  01002050    00000494     network_handler.obj (.text:ConfigureSimpleLinkToDefaultState)
                  010024e4    0000042c     driverlib.a : prcm.obj (.text:PRCMCC3200MCUInit)
                  01002910    000003d6     shelltask.obj (.text:ParseNProcessCmd)
                  01002ce6    00000002     rtsv7M4_T_le_eabi.lib : _lock.c.obj (.text:_nop)
                  01002ce8    000003cb     system.obj (.text:TcpServer_cp)
                  010030b3    00000001     --HOLE-- [fill = 0]
                  010030b4    000003b4     network_handler.obj (.text:Network_IF_ConnectAP)
                  01003468    00000384     simplelink.a : driver.obj (.text:_SlDrvMsgWrite)
                  010037ec    00000378     network_handler.obj (.text:Network_IF_WifiSetMode)
                  01003b64    00000328     main_tirtos.obj (.text:main)
                  01003e8c    000002fc     network_handler.obj (.text:Network_IF_provisionAP)
                  01004188    000002e0     simplelink.a : driver.obj (.text:_SlDrvWaitForPoolObj)
                  01004468    000002d8                  : driver.obj (.text:_SlDrvRxHdrRead)
                  01004740    000002b4     network_handler.obj (.text:Network_IF_InitDriver)
                  010049f4    000002b4     simplelink.a : sl_socket.obj (.text:sl_Select)
                  01004ca8    000002b0                  : wlan.obj (.text:sl_WlanProfileAdd)
                  01004f58    00000294                  : driver.obj (.text:_SlDrvReleasePoolObj)
                  010051ec    0000028d     network_handler.obj (.text:SimpleLinkSockEventHandler)
                  01005479    00000001     --HOLE-- [fill = 0]
                  0100547a    00000002     rtsv7M4_T_le_eabi.lib : div0.asm.obj (.text)
                  0100547c    0000027c     simplelink.a : wlan.obj (.text:sl_WlanConnect)
                  010056f8    00000278     drivers_cc32xx.aem4 : UARTCC32XX.oem4 (.text:UARTCC32XX_open)
                  01005970    00000274     simplelink.a : driver.obj (.text:_SlDrvDataReadOp)
                  01005be4    00000268     rtsv7M4_T_le_eabi.lib : _printfi.c.obj (.text:_pconv_a)
                  01005e4c    00000240     system.obj (.text:system_registration)
                  0100608c    00000224     simplelink.a : driver.obj (.text:_SlDrvDriverCBInit)
                  010062b0    00000218                  : driver.obj (.text:_SlDrvDataWriteOp)
                  010064c8    000001f4                  : driver.obj (.text:_SlDrvMsgReadCmdCtx)
                  010066bc    000001f2                  : netapp.obj (.text:_SlNetAppEventHandler)
                  010068ae    00000002     release_pem4.oem4 (.text:ti_sysbios_BIOS_nullFunc__I)
                  010068b0    000001e1     network_handler.obj (.text:SimpleLinkFatalErrorEventHandler)
                  01006a91    00000001     --HOLE-- [fill = 0]
                  01006a92    00000002     release_pem4.oem4 (.text:xdc_runtime_Startup_reset__I)
                  01006a94    000001d8     network_handler.obj (.text:SimpleLinkWlanEventHandler)
                  01006c6c    000001d0     drivers_cc32xx.aem4 : SPICC32XXDMA.oem4 (.text:SPICC32XXDMA_transfer)
                  01006e3c    000001cc     rtsv7M4_T_le_eabi.lib : _printfi.c.obj (.text:_pconv_g)
                  01007008    000001c9     shelltask.obj (.text:cmd_set_tcp)
                  010071d1    00000003     --HOLE-- [fill = 0]
                  010071d4    000001c8     drivers_cc32xx.aem4 : GPIOCC32XX.oem4 (.text:GPIO_setConfig)
                  0100739c    000001bc     simplelink.a : device.obj (.text:sl_Stop)
                  01007558    000001b8     drivers_cc32xx.aem4 : SPICC32XXDMA.oem4 (.text:configDMA)
                  01007710    000001b6     rtsv7M4_T_le_eabi.lib : fd_add_t2.asm.obj (.text)
                  010078c6    00000002     --HOLE-- [fill = 0]
                  010078c8    000001b4     simplelink.a : driver.obj (.text:_SlDrvReleaseAllActivePendingPoolObj)
                  01007a7c    000001b4                  : sl_socket.obj (.text:sl_Accept)
                  01007c30    000001b4     spi_handler_temp.obj (.text:spi_slave_init_handler)
                  01007de4    00000190     system.obj (.text:DisplayUsage)
                  01007f74    0000018c     simplelink.a : sl_socket.obj (.text:_SlDrvRegisterForSelectAsync)
                  01008100    00000188     sflash.obj (.text:InitFile)
                  01008288    00000184     simplelink.a : driver.obj (.text:_SlDrvFindAndSetActiveObj)
                  0100840c    00000184                  : sl_socket.obj (.text:sl_Connect)
                  01008590    00000178     system.obj (.text:TcpClient_cp)
                  01008708    00000158     dpl_cc32xx.aem4 : PowerCC32XX_tirtos.oem4 (.text:PowerCC32XX_sleepPolicy)
                  01008860    00000158     drivers_cc32xx.aem4 : SPICC32XXDMA.oem4 (.text:SPICC32XXDMA_open)
                  010089b8    00000150     network_handler.obj (.text:SimpleLinkNetAppEventHandler)
                  01008b08    00000150     drivers_cc32xx.aem4 : PowerCC32XX.oem4 (.text:parkPins)
                  01008c58    00000140     simplelink.a : driver.obj (.text:_SlDrvMsgReadSpawnCtx)
                  01008d98    0000013c                  : driver.obj (.text:_SlDrvDriverCBDeinit)
                  01008ed4    0000013c     rtsv7M4_T_le_eabi.lib : _printfi.c.obj (.text:_pconv_e)
                  01009010    00000136                           : fd_div_t2.asm.obj (.text)
                  01009146    00000002     --HOLE-- [fill = 0]
                  01009148    00000130     simplelink.a : sl_socket.obj (.text:_SlDrvGetNextTimeoutValue)
                  01009278    00000130     shelltask.obj (.text:cmd_get_tcp)
                  010093a8    00000130     sysbios.aem4 : BIOS.obj (.text:ti_sysbios_knl_Semaphore_pend__E)
                  010094d8    00000128     simplelink.a : driver.obj (.text:_SlDrvClassifyRxMsg)
                  01009600    00000124                  : fs.obj (.text:sl_FsOpen)
                  01009724    00000122     shelltask.obj (.text:cmd_send_server)
                  01009846    00000002     --HOLE-- [fill = 0]
                  01009848    00000121     shelltask.obj (.text:cmd_set_tcp_file)
                  01009969    00000003     --HOLE-- [fill = 0]
                  0100996c    00000120     drivers_cc32xx.aem4 : UARTCC32XX.oem4 (.text:UARTCC32XX_close)
                  01009a8c    00000120     simplelink.a : driver.obj (.text:_SlDrvAsyncEventGenericHandler)
                  01009bac    00000120     shelltask.obj (.text:cmd_set_wifi)
                  01009ccc    00000120     rtsv7M4_T_le_eabi.lib : _printfi.c.obj (.text:fcvt)
                  01009dec    0000011c     simplelink.a : device.obj (.text:sl_Start)
                  01009f08    0000011c     sysbios.aem4 : BIOS.obj (.text:xdc_runtime_Startup_startMods__I)
                  0100a024    00000118     drivers_cc32xx.aem4 : PowerCC32XX.oem4 (.text:Power_sleep)
                  0100a13c    00000118     simplelink.a : netapp.obj (.text:_SlNetAppHandleAsync_DnsGetHostByService)
                  0100a254    00000114     tcp.obj (.text:TcpThread)
                  0100a368    00000110     shelltask.obj (.text:get_ip)
                  0100a478    00000110     rtsv7M4_T_le_eabi.lib : strtoul.c.obj (.text:strtoul)
                  0100a588    00000110     sysbios.aem4 : BIOS.obj (.text:ti_sysbios_knl_Task_postInit__I)
                  0100a698    00000108     network_handler.obj (.text:Network_IF_GetScanRTResult)
                  0100a7a0    00000104     simplelink.a : device.obj (.text:_SlDeviceEventHandler)
                  0100a8a4    00000104                  : driver.obj (.text:_SlDrvCmdOp)
                  0100a9a8    00000104                  : fs.obj (.text:sl_FsRead)
                  0100aaac    00000004     dpl_cc32xx.aem4 : ClockP_tirtos.oem4 (.text:ClockP_getCpuFreq)
                  0100aab0    00000104     sysbios.aem4 : BIOS.obj (.text:ti_sysbios_knl_Task_Instance_finalize__E)
                  0100abb4    00000100     sflash.obj (.text:ReadFileFromDevice)
                  0100acb4    00000100     simplelink.a : driver.obj (.text:_SlDrvObjGlobalLockWaitForever)
                  0100adb4    00000100                  : sl_socket.obj (.text:sl_Close)
                  0100aeb4    00000100                  : fs.obj (.text:sl_FsWrite)
                  0100afb4    000000fc     rtsv7M4_T_le_eabi.lib : fd_mul_t2.asm.obj (.text)
                  0100b0b0    000000fc     sysbios.aem4 : BIOS.obj (.text:ti_sysbios_knl_Task_Instance_init__E)
                  0100b1ac    000000f8     sflash.obj (.text:WriteFileToDevice)
                  0100b2a4    000000f8     simplelink.a : fs.obj (.text:sl_FsGetInfo)
                  0100b39c    000000f4     system.obj (.text:ParseString)
                  0100b490    000000f4     simplelink.a : sl_socket.obj (.text:sl_SendTo)
                  0100b584    000000f2     drivers_cc32xx.aem4 : SPICC32XXDMA.oem4 (.text:SPICC32XXDMA_transferCancel)
                  0100b676    000000f2                         : UARTCC32XX.oem4 (.text:UARTCC32XX_control)
                  0100b768    000000ec     network_handler.obj (.text:Network_IF_IpConfigGet)
                  0100b854    00000004     dpl_cc32xx.aem4 : ClockP_tirtos.oem4 (.text:ClockP_setTimeout)
                  0100b858    000000ec     sysbios.aem4 : BIOS.obj (.text:pthread_create)
                  0100b944    000000e0     simplelink.a : driver.obj (.text:_SlSpawnMsgListInsert)
                  0100ba24    000000e0     apconfig.obj (.text:ap_setname)
                  0100bb04    00000004     dpl_cc32xx.aem4 : ClockP_tirtos.oem4 (.text:ClockP_start)
                  0100bb08    000000e0     sysbios.aem4 : BIOS.obj (.text:clock_gettime)
                  0100bbe8    000000dc     network_handler.obj (.text:Network_IF_Connect2AP)
                  0100bcc4    000000da     userconfig.obj (.text:userconfig_get)
                  0100bd9e    00000002     --HOLE-- [fill = 0]
                  0100bda0    000000d8     uart_terminal.obj (.text:GetCmd)
                  0100be78    000000d8     drivers_cc32xx.aem4 : SPICC32XXDMA.oem4 (.text:SPICC32XXDMA_close)
                  0100bf50    000000d8     simplelink.a : device.obj (.text:_SlDeviceHandleAsync_InitComplete)
                  0100c028    000000d8                  : driver.obj (.text:_SlDrvWaitForInternalAsyncEvent)
                  0100c100    000000d8                  : netapp.obj (.text:_SlNetAppHandleAsync_NetAppReceive)
                  0100c1d8    000000d0                  : driver.obj (.text:_SlDrvRemoveFromList)
                  0100c2a8    000000d0                  : netapp.obj (.text:_SlNetAppMDNSRegisterUnregisterService)
                  0100c378    000000d0     rtsv7M4_T_le_eabi.lib : s_scalbn.c.obj (.text:scalbn)
                  0100c448    000000d0     sysbios.aem4 : m3_Hwi_asm.obj (.text:ti_sysbios_family_arm_m3_Hwi_dispatch__I)
                  0100c518    000000d0                  : BIOS.obj (.text:ti_sysbios_heaps_HeapMem_alloc__E)
                  0100c5e8    000000c8     simplelink.a : sl_socket.obj (.text:_SlSocketHandleAsync_StartTLS)
                  0100c6b0    000000c8     system.obj (.text:get_wireless_config)
                  0100c778    000000c8     drivers_cc32xx.aem4 : SPICC32XXDMA.oem4 (.text:spiHwiFxn)
                  0100c840    000000c4                         : GPIOCC32XX.oem4 (.text:GPIO_init)
                  0100c904    000000c4     network_handler.obj (.text:Network_IF_Connect2AP_static_ip)
                  0100c9c8    000000c4     system.obj (.text:system_IsRegistered)
                  0100ca8c    00000004     dpl_cc32xx.aem4 : ClockP_tirtos.oem4 (.text:ClockP_stop)
                  0100ca90    000000c4     sysbios.aem4 : BIOS.obj (.text:ti_sysbios_knl_Task_sleep__E)
                  0100cb54    000000c2     drivers_cc32xx.aem4 : UARTCC32XX.oem4 (.text:UARTCC32XX_write)
                  0100cc16    00000002     --HOLE-- [fill = 0]
                  0100cc18    000000c0     simplelink.a : cc_pal.obj (.text:NwpPowerOff)
                  0100ccd8    000000c0                  : netcfg.obj (.text:sl_NetCfgGet)
                  0100cd98    000000c0     system.obj (.text:system_init)
                  0100ce58    000000bc     simplelink.a : netapp.obj (.text:_SlNetAppSendResponse)
                  0100cf14    000000bc                  : wlan.obj (.text:sl_WlanProvisioning)
                  0100cfd0    000000bc     sysbios.aem4 : BIOS.obj (.text:xdc_runtime_Core_createObject__I)
                  0100d08c    000000ba     drivers_cc32xx.aem4 : UARTCC32XX.oem4 (.text:UARTCC32XX_readPolling)
                  0100d146    00000002     --HOLE-- [fill = 0]
                  0100d148    000000b8     simplelink.a : netapp.obj (.text:_SlNetAppHandleAsync_DnsGetHostByName)
                  0100d200    000000b8                  : netapp.obj (.text:_SlNetAppHandleAsync_PingResponse)
                  0100d2b8    000000b8     drivers_cc32xx.aem4 : UARTCC32XX.oem4 (.text:initHw)
                  0100d370    000000b6                         : UARTCC32XX.oem4 (.text:readTaskCallback)
                  0100d426    00000002     --HOLE-- [fill = 0]
                  0100d428    000000b4     simplelink.a : driver.obj (.text:_SlDrvHandleFatalError)
                  0100d4dc    000000b4                  : netutil.obj (.text:_SlNetUtilHandleAsync_Cmd)
                  0100d590    000000b4     drivers_cc32xx.aem4 : PowerCC32XX.oem4 (.text:restoreParkedPins)
                  0100d644    000000b1     rtsv7M4_T_le_eabi.lib : _printfi.c.obj (.text:_ltostr)
                  0100d6f5    00000003     --HOLE-- [fill = 0]
                  0100d6f8    000000b1     shelltask.obj (.text:cmd_get_tcp_file)
                  0100d7a9    00000001     --HOLE-- [fill = 0]
                  0100d7aa    000000ae     drivers_cc32xx.aem4 : UARTCC32XX.oem4 (.text:readIsrTextBlocking)
                  0100d858    000000ac     simplelink.a : sl_socket.obj (.text:_SlSocketHandleAsync_Close)
                  0100d904    000000ac                  : sl_socket.obj (.text:_SlSocketHandleAsync_Connect)
                  0100d9b0    000000ac     cc3220_system.obj (.text:get_mac_address)
                  0100da5c    000000aa     uart_terminal.obj (.text:Report)
                  0100db06    000000aa     userconfig.obj (.text:userconfig_set)
                  0100dbb0    000000a8     driverlib.a : prcm.obj (.text:PRCMPeripheralClockGet)
                  0100dc58    000000a8     drivers_cc32xx.aem4 : PowerCC32XX.oem4 (.text:PowerCC32XX_configureWakeup)
                  0100dd00    000000a8                         : UARTCC32XX.oem4 (.text:readTaskBlocking)
                  0100dda8    000000a8     system.obj (.text:set_wireless_config)
                  0100de50    000000a8     simplelink.a : fs.obj (.text:sl_FsClose)
                  0100def8    000000a4                  : sl_socket.obj (.text:sl_Bind)
                  0100df9c    00000004     dpl_cc32xx.aem4 : HwiP_tirtos.oem4 (.text:HwiP_clearInterrupt)
                  0100dfa0    000000a4     sysbios.aem4 : BIOS.obj (.text:ti_sysbios_knl_Task_setPri__E)
                  0100e044    000000a2     drivers_cc32xx.aem4 : UARTCC32XX.oem4 (.text:readIsrTextCallback)
                  0100e0e6    000000a2                         : UARTCC32XX.oem4 (.text:writeData)
                  0100e188    000000a0     simplelink.a : fs.obj (.text:FsGetCreateFsMode)
                  0100e228    000000a0                  : sl_socket.obj (.text:_SlDrvUnRegisterForSelectAsync)
                  0100e2c8    000000a0                  : driver.obj (.text:_SlSpawnMsgListProcess)
                  0100e368    000000a0     auto_init.aem4 : auto_init.oem4 (.text)
                  0100e408    0000009e     simplelink.a : cc_pal.obj (.text:spi_Read)
                  0100e4a6    0000009e                  : cc_pal.obj (.text:spi_Write)
                  0100e544    00000004     dpl_cc32xx.aem4 : HwiP_tirtos.oem4 (.text:HwiP_disable)
                  0100e548    0000009c     sysbios.aem4 : BIOS.obj (.text:_pthread_removeThreadKeys)
                  0100e5e4    0000009c     rtsv7M4_T_le_eabi.lib : memcpy_t2.asm.obj (.text)
                  0100e680    0000009a     shelltask.obj (.text:ShellThread)
                  0100e71a    00000098     uart_terminal.obj (.text:TrimSpace)
                  0100e7b2    00000002     --HOLE-- [fill = 0]
                  0100e7b4    00000098     drivers_cc32xx.aem4 : GPIOCC32XX.oem4 (.text:powerNotifyFxn)
                  0100e84c    00000004     dpl_cc32xx.aem4 : HwiP_tirtos.oem4 (.text:HwiP_disableInterrupt)
                  0100e850    00000098     sysbios.aem4 : BIOS.obj (.text:ti_sysbios_family_arm_m3_Hwi_Instance_init__E)
                  0100e8e8    00000096     system.obj (.text:ipv4AddressParse)
                  0100e97e    00000096     rtsv7M4_T_le_eabi.lib : ull_div_t2.asm.obj (.text)
                  0100ea14    00000094     simplelink.a : cc_pal.obj (.text:Semaphore_pend_handle)
                  0100eaa8    00000094     drivers_cc32xx.aem4 : SPICC32XXDMA.oem4 (.text:initHw)
                  0100eb3c    00000094     simplelink.a : wlan.obj (.text:sl_WlanGetNetworkList)
                  0100ebd0    00000094     sysbios.aem4 : BIOS.obj (.text:ti_sysbios_knl_Task_exit__E)
                  0100ec64    00000090     simplelink.a : device.obj (.text:_SlDeviceHandleAsync_Stop)
                  0100ecf4    00000090                  : sl_socket.obj (.text:_SlSocketHandleAsync_Accept)
                  0100ed84    00000090     drivers_cc32xx.aem4 : PowerCC32XX.oem4 (.text:restoreNVICRegs)
                  0100ee14    00000090     system.obj (.text:sec_string_to_num)
                  0100eea4    00000004     dpl_cc32xx.aem4 : HwiP_tirtos.oem4 (.text:HwiP_enableInterrupt)
                  0100eea8    00000090     sysbios.aem4 : BIOS.obj (.text:ti_sysbios_knl_Task_Module_startup__E)
                  0100ef38    0000008c     simplelink.a : driver.obj (.text:_SlDrvDriverIsApiAllowed)
                  0100efc4    0000008c                  : sl_socket.obj (.text:sl_Recv)
                  0100f050    0000008c     sysbios.aem4 : BIOS.obj (.text:xdc_runtime_Memory_alloc__E)
                  0100f0dc    00000088     driverlib.a : pin.obj (.text:PinConfigSet)
                  0100f164    00000088     simplelink.a : driver.obj (.text:_SlDrvProtectAsyncRespSetting)
                  0100f1ec    00000004     drivers_cc32xx.aem4 : SPICC32XXDMA.oem4 (.text:SPICC32XXDMA_init)
                  0100f1f0    00000088     sysbios.aem4 : BIOS.obj (.text:ti_sysbios_family_arm_m3_Hwi_initNVIC__E)
                  0100f278    00000088                  : BIOS.obj (.text:ti_sysbios_family_arm_m3_TaskSupport_start__E)
                  0100f300    00000086     simplelink.a : driver.obj (.text:_SlDrvIsTimeoutExpired)
                  0100f386    00000086     rtsv7M4_T_le_eabi.lib : fd_cmp_t2.asm.obj (.text:__aeabi_cdcmple)
                  0100f40c    00000086                           : fd_cmp_t2.asm.obj (.text:__aeabi_cdrcmple)
                  0100f492    00000006     drivers_cc32xx.aem4 : SPICC32XXDMA.oem4 (.text:SPICC32XXDMA_control)
                  0100f498    00000086     sysbios.aem4 : BIOS.obj (.text:xdc_runtime_Core_constructObject__I)
                  0100f51e    00000002     --HOLE-- [fill = 0]
                  0100f520    00000084     driverlib.a : prcm.obj (.text:PRCMHibernateIntervalSet)
                  0100f5a4    00000084     drivers_cc32xx.aem4 : PowerCC32XX.oem4 (.text:Power_init)
                  0100f628    00000084                         : PowerCC32XX.oem4 (.text:saveNVICRegs)
                  0100f6ac    00000084     simplelink.a : netcfg.obj (.text:sl_NetCfgSet)
                  0100f730    00000084                  : wlan.obj (.text:sl_WlanSet)
                  0100f7b4    00000004     dpl_cc32xx.aem4 : SemaphoreP_tirtos.oem4 (.text:SemaphoreP_post)
                  0100f7b8    00000084     sysbios.aem4 : BIOS.obj (.text:ti_sysbios_family_arm_m3_Hwi_postInit__I)
                  0100f83c    00000004     userconfig.obj (.text:get_userconfig_size)
                  0100f840    00000084     sysbios.aem4 : BIOS.obj (.text:ti_sysbios_heaps_HeapMem_free__E)
                  0100f8c4    00000082     xmlcreate.obj (.text:write_xml_string)
                  0100f946    00000002     --HOLE-- [fill = 0]
                  0100f948    00000080     drivers_cc32xx.aem4 : PowerCC32XX.oem4 (.text:Power_setDependency)
                  0100f9c8    00000080     sysbios.aem4 : BIOS.obj (.text:ti_sysbios_knl_Clock_workFunc__E)
                  0100fa48    0000007c     drivers_cc32xx.aem4 : UDMACC32XX.oem4 (.text:UDMACC32XX_open)
                  0100fac4    00000004     release_pem4.oem4 (.text:ti_sysbios_BIOS_RtsGateProxy_enter__E)
                  0100fac8    0000007c     sysbios.aem4 : BIOS.obj (.text:_pthread_abstime2ticks)
                  0100fb44    0000007c     drivers_cc32xx.aem4 : UARTCC32XX.oem4 (.text:readIsrBinaryBlocking)
                  0100fbc0    0000007c     simplelink.a : wlan.obj (.text:sl_WlanPolicySet)
                  0100fc3c    0000007a     rtsv7M4_T_le_eabi.lib : memset_t2.asm.obj (.text)
                  0100fcb6    00000002     --HOLE-- [fill = 0]
                  0100fcb8    00000078     drivers_cc32xx.aem4 : GPIOCC32XX.oem4 (.text:GPIO_hwiIntFxn)
                  0100fd30    00000078                         : UARTCC32XX.oem4 (.text:readIsrBinaryCallback)
                  0100fda8    00000078     simplelink.a : sl_socket.obj (.text:sl_Socket)
                  0100fe20    00000074     drivers_cc32xx.aem4 : UARTCC32XX.oem4 (.text:UARTCC32XX_hwiIntFxn)
                  0100fe94    00000004     release_pem4.oem4 (.text:ti_sysbios_BIOS_RtsGateProxy_leave__E)
                  0100fe98    00000074     sysbios.aem4 : BIOS.obj (.text:xdc_runtime_Core_deleteObject__I)
                  0100ff0c    00000070     simplelink.a : driver.obj (.text:_SlDrvCmdSend_noLock)
                  0100ff7c    00000004     release_pem4.oem4 (.text:ti_sysbios_family_arm_m3_Hwi_delete)
                  0100ff80    00000070     sysbios.aem4 : BIOS.obj (.text:acquireMutexNone$45)
                  0100fff0    00000070     userconfig.obj (.text:assign_information)
                  01010060    00000070     sysbios.aem4 : BIOS.obj (.text:ti_sysbios_heaps_HeapMem_initPrimary__I)
                  010100d0    0000006e     rtsv7M4_T_le_eabi.lib : _printfi.c.obj (.text:_mcpy)
                  0101013e    00000002     --HOLE-- [fill = 0]
                  01010140    0000006c     simplelink.a : device.obj (.text:_SlDeviceHandleResetRequestInternally)
                  010101ac    0000006c                  : sl_socket.obj (.text:_SlDrvOpenCtrlSocket)
                  01010218    0000006c                  : netapp.obj (.text:_SlNetAppSendTokenValue)
                  01010284    00000004     release_pem4.oem4 (.text:ti_sysbios_family_arm_m3_TaskSupport_Module__startupDone__S)
                  01010288    0000006c     sysbios.aem4 : BIOS.obj (.text:ti_sysbios_knl_Swi_restoreHwi__E)
                  010102f4    00000068     simplelink.a : driver.obj (.text:_SlSpawnMsgListGetCount)
                  0101035c    00000068     rtsv7M4_T_le_eabi.lib : copy_decompress_lzss.c.obj (.text:decompress:lzss:__TI_decompress_lzss)
                  010103c4    00000004     release_pem4.oem4 (.text:ti_sysbios_heaps_HeapMem_Module_GateProxy_enter__E)
                  010103c8    00000068     sysbios.aem4 : BIOS.obj (.text:pthread_exit)
                  01010430    00000068     simplelink.a : cc_pal.obj (.text:spi_Open)
                  01010498    00000066     drivers_cc32xx.aem4 : UARTCC32XX.oem4 (.text:UARTCC32XX_writeCancel)
                  010104fe    00000002     --HOLE-- [fill = 0]
                  01010500    00000064                         : GPIOCC32XX.oem4 (.text:GPIO_toggle)
                  01010564    00000064                         : PowerCC32XX.oem4 (.text:PowerCC32XX_setParkState)
                  010105c8    00000064     sysbios.aem4 : BIOS.obj (.text:ti_sysbios_family_arm_m3_Hwi_dispatchC__I)
                  0101062c    00000062     drivers_cc32xx.aem4 : UARTCC32XX.oem4 (.text:UARTCC32XX_writePolling)
                  0101068e    00000002     --HOLE-- [fill = 0]
                  01010690    00000060     driverlib.a : prcm.obj (.text:PRCMSysResetCauseGet)
                  010106f0    00000060     sysbios.aem4 : BIOS.obj (.text:ti_sysbios_knl_Semaphore_post__E)
                  01010750    00000060                  : BIOS.obj (.text:ti_sysbios_knl_Swi_run__I)
                  010107b0    0000005c     simplelink.a : spawn.obj (.text:_SlInternalSpawn)
                  0101080c    0000005c     rtsv7M4_T_le_eabi.lib : s_frexp.c.obj (.text:frexp)
                  01010868    0000005c     sysbios.aem4 : BIOS.obj (.text:ti_sysbios_family_arm_m3_Timer_start__E)
                  010108c4    00000004     release_pem4.oem4 (.text:ti_sysbios_heaps_HeapMem_Module_GateProxy_leave__E)
                  010108c8    0000005c     sysbios.aem4 : BIOS.obj (.text:ti_sysbios_knl_Swi_schedule__I)
                  01010924    00000004     release_pem4.oem4 (.text:ti_sysbios_knl_Clock_TimerProxy_getMaxTicks__E)
                  01010928    0000005c     sysbios.aem4 : BIOS.obj (.text:ti_sysbios_knl_Task_startCore__E)
                  01010984    00000004     release_pem4.oem4 (.text:ti_sysbios_knl_Clock_TimerProxy_setPeriodMicroSecs__E)
                  01010988    0000005c     sysbios.aem4 : BIOS.obj (.text:xdc_runtime_Startup_exec__E)
                  010109e4    0000005a     apconfig.obj (.text:ap_config)
                  01010a3e    00000002     --HOLE-- [fill = 0]
                  01010a40    00000058     drivers_cc32xx.aem4 : GPIOCC32XX.oem4 (.text:GPIO_setCallback)
                  01010a98    00000058                         : GPIOCC32XX.oem4 (.text:GPIO_write)
                  01010af0    00000058     driverlib.a : prcm.obj (.text:PRCMPeripheralReset)
                  01010b48    00000058     drivers_cc32xx.aem4 : PowerCC32XX.oem4 (.text:Power_releaseDependency)
                  01010ba0    00000058     simplelink.a : sl_socket.obj (.text:_SlDrvClearCtrlSocket)
                  01010bf8    00000058                  : sl_socket.obj (.text:sl_Listen)
                  01010c50    00000058     sysbios.aem4 : BIOS.obj (.text:ti_sysbios_family_arm_cc32xx_Seconds_getCount__I)
                  01010ca8    00000056     rtsv7M4_T_le_eabi.lib : _printfi.c.obj (.text:_pconv_f)
                  01010cfe    00000002     --HOLE-- [fill = 0]
                  01010d00    00000056     xmlcreate.obj (.text:mxmlEntityGetName)
                  01010d56    00000002     --HOLE-- [fill = 0]
                  01010d58    00000054     uart_terminal.obj (.text:InitTerm)
                  01010dac    00000054     simplelink.a : driver.obj (.text:_SlDrvRxIrqHandler)
                  01010e00    00000054     rtsv7M4_T_le_eabi.lib : ltoa.c.obj (.text:ltoa)
                  01010e54    00000054     drivers_cc32xx.aem4 : UARTCC32XX.oem4 (.text:ringBufGet)
                  01010ea8    00000054     release_pem4.oem4 (.text:ti_sysbios_family_arm_m3_Hwi_create)
                  01010efc    00000004     release_pem4.oem4 (.text:ti_sysbios_knl_Clock_TimerProxy_start__E)
                  01010f00    00000054     sysbios.aem4 : BIOS.obj (.text:ti_sysbios_family_arm_m3_Timer_setPeriod__E)
                  01010f54    00000004     release_pem4.oem4 (.text:ti_sysbios_knl_Clock_TimerProxy_stop__E)
                  01010f58    00000054     sysbios.aem4 : BIOS.obj (.text:xdc_runtime_Core_assignLabel__I)
                  01010fac    00000052     drivers_cc32xx.aem4 : PowerCC32XX.oem4 (.text:PowerCC32XX_parkPin)
                  01010ffe    00000052                         : PowerCC32XX_asm.oem4 (.text:PowerCC32XX_resumeLPDS)
                  01011050    00000052     rtsv7M4_T_le_eabi.lib : _printfi.c.obj (.text:_ecpy)
                  010110a2    00000002     --HOLE-- [fill = 0]
                  010110a4    00000050     dpl_cc32xx.aem4 : ClockP_tirtos.oem4 (.text:ClockP_create)
                  010110f4    00000050     simplelink.a : cc_pal.obj (.text:NwpRegisterInterruptHandler)
                  01011144    00000050                  : sl_socket.obj (.text:_SlDrvCloseCtrlSocket)
                  01011194    00000050                  : driver.obj (.text:_SlDrvCmdSend_noWait)
                  010111e4    00000050                  : driver.obj (.text:_SlDrvUpdateApiInProgress)
                  01011234    00000050                  : spawn.obj (.text:_SlInternalSpawnTaskEntry)
                  01011284    00000050                  : eventreg.obj (.text:_SlNetAppHttpServerHdlr)
                  010112d4    00000050                  : eventreg.obj (.text:_SlNetAppRequestHdlr)
                  01011324    00000004     release_pem4.oem4 (.text:ti_sysbios_knl_Clock_delete)
                  01011328    00000050     sysbios.aem4 : BIOS.obj (.text:ti_sysbios_family_arm_cc32xx_Seconds_getTime__E)
                  01011378    00000050                  : BIOS.obj (.text:ti_sysbios_family_arm_m3_Hwi_Module_startup__E)
                  010113c8    00000050     release_pem4.oem4 (.text:ti_sysbios_knl_Task_create)
                  01011418    0000004e     system.obj (.text:fw_version_format)
                  01011466    00000002     --HOLE-- [fill = 0]
                  01011468    0000004c     drivers_cc32xx.aem4 : GPIOCC32XX.oem4 (.text:GPIO_enableInt)
                  010114b4    0000004c     simplelink.a : cc_pal.obj (.text:NwpWaitForShutDownInd)
                  01011500    0000004c     rtsv7M4_T_le_eabi.lib : atoi.c.obj (.text:atoi)
                  0101154c    0000004c                           : cpy_tbl.c.obj (.text:copy_in)
                  01011598    0000004c     drivers_cc32xx.aem4 : PowerCC32XX.oem4 (.text:restorePeriphClocks)
                  010115e4    0000004c     simplelink.a : netapp.obj (.text:sl_NetAppMDNSUnRegisterService)
                  01011630    0000004c                  : wlan.obj (.text:sl_WlanProfileDel)
                  0101167c    0000004c                  : wlan.obj (.text:sl_WlanSetMode)
                  010116c8    0000004c     rtsv7M4_T_le_eabi.lib : snprintf.c.obj (.text:snprintf)
                  01011714    00000004     release_pem4.oem4 (.text:ti_sysbios_knl_Semaphore_delete)
                  01011718    0000004c     sysbios.aem4 : BIOS.obj (.text:ti_sysbios_heaps_HeapMem_getStats__E)
                  01011764    00000004     release_pem4.oem4 (.text:ti_sysbios_knl_Task_delete)
                  01011768    0000004c     sysbios.aem4 : BIOS.obj (.text:ti_sysbios_knl_Swi_runLoop__I)
                  010117b4    00000004     release_pem4.oem4 (.text:xdc_runtime_System_Module_GateProxy_enter__E)
                  010117b8    0000004c     sysbios.aem4 : BIOS.obj (.text:ti_sysbios_knl_Task_allBlockedFunction__I)
                  01011804    00000004     release_pem4.oem4 (.text:xdc_runtime_System_Module_GateProxy_leave__E)
                  01011808    0000004c     sysbios.aem4 : BIOS.obj (.text:ti_sysbios_knl_Task_schedule__I)
                  01011854    0000004b     spi_handler_temp.obj (.text:print_buffer_data)
                  0101189f    00000001     --HOLE-- [fill = 0]
                  010118a0    00000048     driverlib.a : flash.obj (.text:FlashDisable)
                  010118e8    00000048                 : prcm.obj (.text:PRCMHibernateWakeupSourceEnable)
                  01011930    00000048                 : prcm.obj (.text:PRCMLPDSEnter)
                  01011978    00000048                 : prcm.obj (.text:PRCMPeripheralClkEnable)
                  010119c0    00000048     drivers_cc32xx.aem4 : PowerCC32XX.oem4 (.text:Power_releaseConstraint)
                  01011a08    00000048     simplelink.a : eventreg.obj (.text:_SlDeviceFatalErrorEvtHdlr)
                  01011a50    00000048                  : eventreg.obj (.text:_SlDeviceGeneralEvtHdlr)
                  01011a98    00000048                  : driver.obj (.text:_SlDrvBasicCmd)
                  01011ae0    00000048                  : driver.obj (.text:_SlDrvSyncObjWaitTimeout)
                  01011b28    00000048                  : eventreg.obj (.text:_SlNetAppEvtHdlr)
                  01011b70    00000048                  : eventreg.obj (.text:_SlNetAppRequestMemFree)
                  01011bb8    00000048                  : eventreg.obj (.text:_SlSockEvtHdlr)
                  01011c00    00000048                  : eventreg.obj (.text:_SlWlanEvtHdlr)
                  01011c48    00000048     sysbios.aem4 : BIOS.obj (.text:pthread_mutex_init)
                  01011c90    00000048     rtsv7M4_T_le_eabi.lib : fd_toi_t2.asm.obj (.text)
                  01011cd8    00000048     sysbios.aem4 : BIOS.obj (.text:ti_sysbios_family_arm_m3_Hwi_disableInterrupt__E)
                  01011d20    00000048                  : BIOS.obj (.text:ti_sysbios_family_arm_m3_Hwi_enableInterrupt__E)
                  01011d68    00000048                  : m3_Hwi_asm_switch.obj (.text:ti_sysbios_family_arm_m3_Hwi_initStacks__E)
                  01011db0    00000048                  : BIOS.obj (.text:ti_sysbios_family_arm_m3_Timer_initDevice__I)
                  01011df8    00000048                  : BIOS.obj (.text:ti_sysbios_knl_Mailbox_Module_startup__E)
                  01011e40    00000048                  : BIOS.obj (.text:xdc_runtime_Core_assignParams__I)
                  01011e88    00000046     drivers_cc32xx.aem4 : RingBuf.oem4 (.text:RingBuf_put)
                  01011ece    00000002     --HOLE-- [fill = 0]
                  01011ed0    00000044     driverlib.a : prcm.obj (.text:PRCMLPDSRestoreInfoSet)
                  01011f14    00000044     drivers_cc32xx.aem4 : PowerCC32XX_asm.oem4 (.text:PowerCC32XX_enterLPDS)
                  01011f58    00000044                         : SPI.oem4 (.text:SPI_init)
                  01011f9c    00000044                         : UART.oem4 (.text:UART_init)
                  01011fe0    00000044     boot.aem4 : boot.oem4 (.text)
                  01012024    00000004     --HOLE-- [fill = 0]
                  01012028    00000044     sysbios.aem4 : BIOS.obj (.text:ti_sysbios_family_arm_m3_Hwi_getStackInfo__E)
                  0101206c    00000004     --HOLE-- [fill = 0]
                  01012070    00000044                  : BIOS.obj (.text:ti_sysbios_knl_Mailbox_postInit__I)
                  010120b4    00000004     --HOLE-- [fill = 0]
                  010120b8    00000044                  : BIOS.obj (.text:ti_sysbios_knl_Swi_post__E)
                  010120fc    00000004     --HOLE-- [fill = 0]
                  01012100    00000044                  : BIOS.obj (.text:xdc_runtime_System_atexit__E)
                  01012144    00000042     userconfig.obj (.text:simple_cksum)
                  01012186    00000042     simplelink.a : sl_socket.obj (.text:sl_Htonl)
                  010121c8    00000040                  : sl_socket.obj (.text:CountSetBits)
                  01012208    00000040     dpl_cc32xx.aem4 : HwiP_tirtos.oem4 (.text:HwiP_create)
                  01012248    00000040     network_handler.obj (.text:InitializeAppVariables)
                  01012288    00000040     driverlib.a : pin.obj (.text:PinModeSet)
                  010122c8    00000040     drivers_cc32xx.aem4 : RingBuf.oem4 (.text:RingBuf_get)
                  01012308    00000040     network_handler.obj (.text:SimpleLinkGeneralEventHandler)
                  01012348    00000040     drivers_cc32xx.aem4 : UARTCC32XX.oem4 (.text:UARTCC32XX_read)
                  01012388    00000040                         : UDMACC32XX.oem4 (.text:UDMACC32XX_init)
                  010123c8    00000040     simplelink.a : driver.obj (.text:_SlDrvGlobalObjUnLock)
                  01012408    00000040                  : driver.obj (.text:_SlFindAndReleasePendingCmd)
                  01012448    00000040                  : spawn.obj (.text:_SlInternalSpawnWaitForEvent)
                  01012488    00000040                  : eventreg.obj (.text:_SlIsEventRegistered)
                  010124c8    00000040     rtsv7M4_T_le_eabi.lib : sprintf.c.obj (.text:sprintf)
                  01012508    00000040                           : strtok.c.obj (.text:strtok)
                  01012548    00000040     sysbios.aem4 : BIOS.obj (.text:ti_sysbios_family_arm_cc32xx_Seconds_set__E)
                  01012588    00000040                  : BIOS.obj (.text:ti_sysbios_heaps_HeapMem_Instance_init__E)
                  010125c8    00000040                  : BIOS.obj (.text:ti_sysbios_knl_Clock_Instance_init__E)
                  01012608    00000040     rtsv7M4_T_le_eabi.lib : vsnprintf.c.obj (.text:vsnprintf)
                  01012648    0000003e     simplelink.a : sl_socket.obj (.text:_SlSocketBuildAddress)
                  01012686    0000003e     rtsv7M4_T_le_eabi.lib : _printfi.c.obj (.text:_fcpy)
                  010126c4    0000003e     release_pem4.oem4 (.text:realloc)
                  01012702    00000006     driverlib.a : utils.obj (.text:UtilsDelay)
                  01012708    0000003e     sysbios.aem4 : BIOS.obj (.text:sem_timedwait)
                  01012746    00000002     --HOLE-- [fill = 0]
                  01012748    0000003c     network_handler.obj (.text:Network_IF_DisconnectFromAP)
                  01012784    0000003c     drivers_cc32xx.aem4 : PowerCC32XX.oem4 (.text:Power_setConstraint)
                  010127c0    0000003c                         : SPI.oem4 (.text:SPI_open)
                  010127fc    0000003c     dpl_cc32xx.aem4 : SemaphoreP_tirtos.oem4 (.text:SemaphoreP_create)
                  01012838    0000003c     drivers_cc32xx.aem4 : UART.oem4 (.text:UART_open)
                  01012874    0000003c     simplelink.a : netapp.obj (.text:_SlNetAppCopyPingResultsToReport)
                  010128b0    0000003c     dpl_cc32xx.aem4 : PowerCC32XX_tirtos.oem4 (.text:getCountsRTC)
                  010128ec    00000004     --HOLE-- [fill = 0]
                  010128f0    0000003c     sysbios.aem4 : BIOS.obj (.text:pthread_mutex_unlock)
                  0101292c    0000003c     simplelink.a : sl_socket.obj (.text:sl_Htons)
                  01012968    0000003c     sysbios.aem4 : BIOS.obj (.text:ti_sysbios_family_arm_m3_Hwi_Instance_finalize__E)
                  010129a4    00000004     --HOLE-- [fill = 0]
                  010129a8    0000003c                  : BIOS.obj (.text:ti_sysbios_family_arm_m3_Timer_setPeriodMicroSecs__E)
                  010129e4    0000003c     release_pem4.oem4 (.text:ti_sysbios_knl_Clock_create)
                  01012a20    0000003c     sysbios.aem4 : BIOS.obj (.text:ti_sysbios_knl_Clock_walkQueuePeriodic__E)
                  01012a5c    00000004     --HOLE-- [fill = 0]
                  01012a60    0000003c                  : BIOS.obj (.text:ti_sysbios_knl_Swi_restore__E)
                  01012a9c    00000004     --HOLE-- [fill = 0]
                  01012aa0    0000003c                  : BIOS.obj (.text:xdc_runtime_System_processAtExit__E)
                  01012adc    00000038     driverlib.a : prcm.obj (.text:PRCMLPDSEnterKeepDebugIf)
                  01012b14    00000004     --HOLE-- [fill = 0]
                  01012b18    00000038     sysbios.aem4 : BIOS.obj (.text:clock_settime)
                  01012b50    00000038     drivers_cc32xx.aem4 : PowerCC32XX.oem4 (.text:notify)
                  01012b88    00000038     sysbios.aem4 : BIOS.obj (.text:ti_sysbios_knl_Task_processVitalTaskFlag__I)
                  01012bc0    00000038                  : BIOS.obj (.text:usleep)
                  01012bf8    00000037     network_handler.obj (.text:Network_IF_DeInitDriver)
                  01012c2f    00000001     --HOLE-- [fill = 0]
                  01012c30    00000036     drivers_cc32xx.aem4 : PowerCC32XX.oem4 (.text:PowerCC32XX_restoreParkedPin)
                  01012c66    00000036                         : UARTCC32XX.oem4 (.text:UARTCC32XX_readCancel)
                  01012c9c    00000036     rtsv7M4_T_le_eabi.lib : strncpy.c.obj (.text:strncpy)
                  01012cd2    00000002     --HOLE-- [fill = 0]
                  01012cd4    00000034     driverlib.a : pin.obj (.text:PinModeGet)
                  01012d08    00000034     drivers_cc32xx.aem4 : PowerCC32XX.oem4 (.text:PowerCC32XX_restoreParkState)
                  01012d3c    00000034                         : UDMACC32XX.oem4 (.text:UDMACC32XX_close)
                  01012d70    00000034     rtsv7M4_T_le_eabi.lib : strstr.c.obj (.text:strstr)
                  01012da4    00000004     --HOLE-- [fill = 0]
                  01012da8    00000034     sysbios.aem4 : BIOS.obj (.text:ti_sysbios_family_arm_m3_Timer_periodicStub__I)
                  01012ddc    00000034     release_pem4.oem4 (.text:ti_sysbios_knl_Semaphore_create)
                  01012e10    00000032     sysbios.aem4 : BIOS.obj (.text:ti_sysbios_hal_Hwi_initStack)
                  01012e42    00000030     simplelink.a : fs.obj (.text:_SlFsStrlen)
                  01012e72    00000030     rtsv7M4_T_le_eabi.lib : snprintf.c.obj (.text:_outs)
                  01012ea2    00000030                           : vsnprintf.c.obj (.text:_outs)
                  01012ed2    00000030     userconfig.obj (.text:feed_data)
                  01012f02    00000030     system.obj (.text:printBorder)
                  01012f32    00000002     --HOLE-- [fill = 0]
                  01012f34    00000030     system.obj (.text:system_reboot)
                  01012f64    00000030     release_pem4.oem4 (.text:ti_sysbios_BIOS_atExitFunc__I)
                  01012f94    00000030     release_pem4.oem4 (.text:ti_sysbios_BIOS_startFunc__I)
                  01012fc4    00000030     release_pem4.oem4 (.text:ti_sysbios_gates_GateHwi_Object__create__S)
                  01012ff4    00000030     release_pem4.oem4 (.text:ti_sysbios_gates_GateMutex_Object__create__S)
                  01013024    00000004     --HOLE-- [fill = 0]
                  01013028    00000030     sysbios.aem4 : BIOS.obj (.text:ti_sysbios_gates_GateMutex_enter__E)
                  01013058    00000030     release_pem4.oem4 (.text:ti_sysbios_heaps_HeapMem_Object__create__S)
                  01013088    00000030     release_pem4.oem4 (.text:ti_sysbios_knl_Semaphore_construct)
                  010130b8    00000030     sysbios.aem4 : BIOS.obj (.text:ti_sysbios_knl_Semaphore_pendTimeout__I)
                  010130e8    00000030                  : BIOS.obj (.text:ti_sysbios_knl_Task_restore__E)
                  01013118    00000030                  : BIOS.obj (.text:ti_sysbios_knl_Task_unblockI__E)
                  01013148    00000030     simplelink.a : sl_socket.obj (.text:to_mSec)
                  01013178    0000002e                  : cc_pal.obj (.text:Mutex_create_handle)
                  010131a6    0000002e     rtsv7M4_T_le_eabi.lib : i_tofd_t2.asm.obj (.text)
                  010131d4    0000002e     release_pem4.oem4 (.text:ti_sysbios_rts_MemAlloc_alloc)
                  01013202    00000002     --HOLE-- [fill = 0]
                  01013204    0000002c     simplelink.a : cc_pal.obj (.text:NwpPowerOn)
                  01013230    0000002c     drivers_cc32xx.aem4 : PowerCC32XX.oem4 (.text:PowerCC32XX_getParkState)
                  0101325c    0000002c     dpl_cc32xx.aem4 : SemaphoreP_tirtos.oem4 (.text:SemaphoreP_createBinary)
                  01013288    0000002c     simplelink.a : driver.obj (.text:_SlDrvSyncObjWaitForever)
                  010132b4    00000004     --HOLE-- [fill = 0]
                  010132b8    0000002c     sysbios.aem4 : BIOS.obj (.text:_pthread_cleanupFxn)
                  010132e4    00000004     --HOLE-- [fill = 0]
                  010132e8    0000002c                  : BIOS.obj (.text:_pthread_delete$41)
                  01013314    00000004     --HOLE-- [fill = 0]
                  01013318    0000002c                  : BIOS.obj (.text:clockFxn$39)
                  01013344    0000002c     release_pem4.oem4 (.text:ti_sysbios_knl_Clock_doTick__I)
                  01013370    0000002c     release_pem4.oem4 (.text:ti_sysbios_knl_Queue_construct)
                  0101339c    00000004     --HOLE-- [fill = 0]
                  010133a0    0000002a     sysbios.aem4 : BIOS.obj (.text:sem_init)
                  010133ca    0000002a     rtsv7M4_T_le_eabi.lib : strspn.c.obj (.text:strspn)
                  010133f4    00000028     driverlib.a : prcm.obj (.text:PRCMPeripheralClkDisable)
                  0101341c    00000028     dpl_cc32xx.aem4 : PowerCC32XX_tirtos.oem4 (.text:PowerCC32XX_initPolicy)
                  01013444    00000028     drivers_cc32xx.aem4 : PowerCC32XX.oem4 (.text:Power_registerNotify)
                  0101346c    00000028     simplelink.a : sl_socket.obj (.text:SL_SOCKET_FD_ISSET)
                  01013494    00000028     spi_handler_temp.obj (.text:SlaveHandleTask)
                  010134bc    00000028     simplelink.a : driver.obj (.text:_SlDrvProtectionObjLockWaitForever)
                  010134e4    00000028                  : driver.obj (.text:_SlDrvProtectionObjUnLock)
                  0101350c    00000028                  : flowcont.obj (.text:_SlFlowContSet)
                  01013534    00000004     --HOLE-- [fill = 0]
                  01013538    00000028     sysbios.aem4 : BIOS.obj (.text:ti_sysbios_knl_Clock_addI__E)
                  01013560    00000028                  : BIOS.obj (.text:ti_sysbios_knl_Swi_Module_startup__E)
                  01013588    00000028     userconfig.obj (.text:userconfig_init)
                  010135b0    00000026     drivers_cc32xx.aem4 : List.oem4 (.text:List_put)
                  010135d6    00000026                         : List.oem4 (.text:List_remove)
                  010135fc    00000024     simplelink.a : driver.obj (.text:_SlDrvIsApiInProgress)
                  01013620    00000024                  : driver.obj (.text:_SlDrvStartMeasureTimeout)
                  01013644    00000024     rtsv7M4_T_le_eabi.lib : memmov.c.obj (.text:memmove)
                  01013668    00000024     sysbios.aem4 : BIOS.obj (.text:pthread_attr_init)
                  0101368c    00000024     simplelink.a : wlan.obj (.text:sl_WlanDisconnect)
                  010136b0    00000024     rtsv7M4_T_le_eabi.lib : strcspn.c.obj (.text:strcspn)
                  010136d4    00000024     release_pem4.oem4 (.text:ti_sysbios_BIOS_registerRTSLock__I)
                  010136f8    00000024     release_pem4.oem4 (.text:ti_sysbios_BIOS_removeRTSLock__I)
                  0101371c    00000004     --HOLE-- [fill = 0]
                  01013720    00000024     sysbios.aem4 : BIOS.obj (.text:ti_sysbios_family_arm_m3_Timer_postInit__I)
                  01013744    00000004     --HOLE-- [fill = 0]
                  01013748    00000024                  : BIOS.obj (.text:ti_sysbios_family_arm_m3_Timer_startup__E)
                  0101376c    00000024     release_pem4.oem4 (.text:ti_sysbios_gates_GateMutex_Object__delete__S)
                  01013790    00000024     sysbios.aem4 : BIOS.obj (.text:ti_sysbios_knl_Clock_Module_startup__E)
                  010137b4    00000024     release_pem4.oem4 (.text:ti_sysbios_knl_Clock_Object__delete__S)
                  010137d8    00000024     sysbios.aem4 : BIOS.obj (.text:ti_sysbios_knl_Clock_start__E)
                  010137fc    00000004     --HOLE-- [fill = 0]
                  01013800    00000024                  : BIOS.obj (.text:ti_sysbios_knl_Semaphore_Instance_init__E)
                  01013824    00000024     release_pem4.oem4 (.text:ti_sysbios_knl_Semaphore_Object__delete__S)
                  01013848    00000024     sysbios.aem4 : BIOS.obj (.text:ti_sysbios_knl_Task_restoreHwi__E)
                  0101386c    00000024     userconfig.obj (.text:userconfig_flash_read)
                  01013890    00000024     sysbios.aem4 : BIOS.obj (.text:xdc_runtime_Error_policyMin__E)
                  010138b4    00000022     simplelink.a : sl_socket.obj (.text:SL_SOCKET_FD_SET)
                  010138d6    00000002     --HOLE-- [fill = 0]
                  010138d8    00000020     drivers_cc32xx.aem4 : PowerCC32XX.oem4 (.text:Power_unregisterNotify)
                  010138f8    00000020                         : RingBuf.oem4 (.text:RingBuf_peek)
                  01013918    00000020                         : SPICC32XXDMA.oem4 (.text:getPowerMgrId)
                  01013938    00000020                         : UARTCC32XX.oem4 (.text:getPowerMgrId)
                  01013958    00000020     sysbios.aem4 : BIOS.obj (.text:sleep)
                  01013978    00000020     release_pem4.oem4 (.text:ti_sysbios_BIOS_rtsLock__I)
                  01013998    00000020     release_pem4.oem4 (.text:ti_sysbios_family_arm_m3_Hwi_Object__delete__S)
                  010139b8    00000020     sysbios.aem4 : BIOS.obj (.text:ti_sysbios_family_arm_m3_Hwi_clearInterrupt__E)
                  010139d8    00000020                  : m3_Hwi_asm.obj (.text:ti_sysbios_family_arm_m3_Hwi_excHandlerAsm__I)
                  010139f8    00000020                  : BIOS.obj (.text:ti_sysbios_family_arm_m3_Hwi_excHandler__I)
                  01013a18    00000020     release_pem4.oem4 (.text:ti_sysbios_gates_GateHwi_Object__delete__S)
                  01013a38    00000020     release_pem4.oem4 (.text:ti_sysbios_heaps_HeapMem_Object__delete__S)
                  01013a58    00000020     sysbios.aem4 : BIOS.obj (.text:ti_sysbios_knl_Idle_run__E)
                  01013a78    00000020     release_pem4.oem4 (.text:ti_sysbios_knl_Semaphore_destruct)
                  01013a98    00000020     release_pem4.oem4 (.text:ti_sysbios_knl_Task_Object__delete__S)
                  01013ab8    00000020     userconfig.obj (.text:userconfig_flash_write)
                  01013ad8    0000001e     simplelink.a : driver.obj (.text:_SlDrvObjLockWaitForever)
                  01013af6    0000001e                  : driver.obj (.text:_SlDrvObjUnLock)
                  01013b14    0000001e                  : driver.obj (.text:_SlDrvSyncObjSignal)
                  01013b32    0000001e     userconfig.obj (.text:feed_len)
                  01013b50    0000001e     drivers_cc32xx.aem4 : UDMACC32XX.oem4 (.text:postNotifyFxn)
                  01013b6e    0000001e     sysbios.aem4 : m3_Hwi_asm_switch.obj (.text:ti_sysbios_family_xxx_Hwi_switchAndRunFunc)
                  01013b8c    0000001c     uart_terminal.obj (.text:Message)
                  01013ba8    0000001c     driverlib.a : pin.obj (.text:PinToPadGet)
                  01013bc4    0000001c     simplelink.a : device.obj (.text:_SlDeviceGetStartResponseConvert)
                  01013be0    0000001c                  : spawn.obj (.text:_SlInternalIsItSpawnThread)
                  01013bfc    0000001c     rtsv7M4_T_le_eabi.lib : memccpy.c.obj (.text:memccpy)
                  01013c18    0000001c     userconfig.obj (.text:need_checksum)
                  01013c34    00000004     --HOLE-- [fill = 0]
                  01013c38    0000001c     sysbios.aem4 : BIOS.obj (.text:ti_sysbios_family_arm_m3_Timer_Module_startup__E)
                  01013c54    00000004     --HOLE-- [fill = 0]
                  01013c58    0000001c                  : BIOS.obj (.text:ti_sysbios_family_arm_m3_Timer_stop__E)
                  01013c74    00000004     --HOLE-- [fill = 0]
                  01013c78    0000001c                  : BIOS.obj (.text:ti_sysbios_gates_GateMutex_Instance_init__E)
                  01013c94    00000004     --HOLE-- [fill = 0]
                  01013c98    0000001c                  : BIOS.obj (.text:ti_sysbios_knl_Clock_Instance_finalize__E)
                  01013cb4    0000001c     release_pem4.oem4 (.text:ti_sysbios_knl_Queue_destruct)
                  01013cd0    0000001c     sysbios.aem4 : BIOS.obj (.text:ti_sysbios_knl_Queue_put__E)
                  01013cec    00000004     --HOLE-- [fill = 0]
                  01013cf0    0000001c                  : BIOS.obj (.text:ti_sysbios_knl_Task_enter__I)
                  01013d0c    0000001a     release_pem4.oem4 (.text:free)
                  01013d26    0000001a     sysbios.aem4 : m3_Hwi_asm.obj (.text:ti_sysbios_family_arm_m3_Hwi_pendSV__I)
                  01013d40    00000018     drivers_cc32xx.aem4 : PowerCC32XX.oem4 (.text:Power_idleFunc)
                  01013d58    00000018     driverlib.a : uart.obj (.text:UARTBusy)
                  01013d70    00000018                 : uart.obj (.text:UARTIntEnable)
                  01013d88    00000018     drivers_cc32xx.aem4 : UART.oem4 (.text:UART_Params_init)
                  01013da0    00000018     rtsv7M4_T_le_eabi.lib : args_main.c.obj (.text:_args_main)
                  01013db8    00000018                           : snprintf.c.obj (.text:_outc)
                  01013dd0    00000018                           : vsnprintf.c.obj (.text:_outc)
                  01013de8    00000018                           : sprintf.c.obj (.text:_outs)
                  01013e00    00000018     cc3220_system.obj (.text:get_version)
                  01013e18    00000018     uart_terminal.obj (.text:putch)
                  01013e30    00000018     rtsv7M4_T_le_eabi.lib : ll_mul_t2.asm.obj (.text)
                  01013e48    00000018                           : strcmp.c.obj (.text:strcmp)
                  01013e60    00000018     release_pem4.oem4 (.text:ti_sysbios_BIOS_rtsUnlock__I)
                  01013e78    00000018     release_pem4.oem4 (.text:ti_sysbios_family_arm_m3_Hwi_Module__startupDone__F)
                  01013e90    00000018     release_pem4.oem4 (.text:ti_sysbios_family_arm_m3_Timer_Module__startupDone__F)
                  01013ea8    00000018     release_pem4.oem4 (.text:ti_sysbios_gates_GateHwi_Handle__label__S)
                  01013ec0    00000018     release_pem4.oem4 (.text:ti_sysbios_gates_GateMutex_Handle__label__S)
                  01013ed8    00000018     sysbios.aem4 : BIOS.obj (.text:ti_sysbios_gates_GateMutex_leave__E)
                  01013ef0    00000018     release_pem4.oem4 (.text:ti_sysbios_heaps_HeapMem_Handle__label__S)
                  01013f08    00000018     sysbios.aem4 : BIOS.obj (.text:ti_sysbios_knl_Task_sleepTimeout__I)
                  01013f20    00000018                  : BIOS.obj (.text:ti_sysbios_rts_ti_ReentSupport_getReent__F)
                  01013f38    00000018     release_pem4.oem4 (.text:ti_sysbios_rts_ti_ReentSupport_getTlsAddr__I)
                  01013f50    00000018     sysbios.aem4 : BIOS.obj (.text:xdc_runtime_Error_init__E)
                  01013f68    00000018                  : BIOS.obj (.text:xdc_runtime_System_exit__E)
                  01013f80    00000016     driverlib.a : prcm.obj (.text:PRCMHIBRegRead)
                  01013f96    00000016                 : prcm.obj (.text:PRCMHIBRegWrite)
                  01013fac    00000016     simplelink.a : driver.obj (.text:_SlDrvMemZero)
                  01013fc2    00000006     --HOLE-- [fill = 0]
                  01013fc8    00000016     sysbios.aem4 : BIOS.obj (.text:pthread_mutex_destroy)
                  01013fde    00000016     rtsv7M4_T_le_eabi.lib : strchr.c.obj (.text:strchr)
                  01013ff4    00000016     release_pem4.oem4 (.text:ti_sysbios_BIOS_exitFunc__I)
                  0101400a    00000002     --HOLE-- [fill = 0]
                  0101400c    00000014     uart_terminal.obj (.text:ClearTerm)
                  01014020    00000014     driverlib.a : prcm.obj (.text:PRCMHibernateEnter)
                  01014034    00000014     drivers_cc32xx.aem4 : PowerCC32XX.oem4 (.text:Power_getDependencyCount)
                  01014048    00000014                         : SPI.oem4 (.text:SPI_Params_init)
                  0101405c    00000004     --HOLE-- [fill = 0]
                  01014060    00000014     sysbios.aem4 : BIOS.obj (.text:pthread_attr_setschedparam)
                  01014074    00000014     drivers_cc32xx.aem4 : UARTCC32XX.oem4 (.text:releasePowerConstraint)
                  01014088    00000014     rtsv7M4_T_le_eabi.lib : strcpy.c.obj (.text:strcpy)
                  0101409c    00000014                           : strlen.c.obj (.text:strlen)
                  010140b0    00000014     release_pem4.oem4 (.text:ti_sysbios_family_arm_m3_Hwi_Object__get__S)
                  010140c4    00000004     --HOLE-- [fill = 0]
                  010140c8    00000014     sysbios.aem4 : BIOS.obj (.text:ti_sysbios_family_arm_m3_Hwi_switchFromBootStack__E)
                  010140dc    00000014                  : m3_TaskSupport_asm.obj (.text:ti_sysbios_family_arm_m3_TaskSupport_swap__E)
                  010140f0    00000014     release_pem4.oem4 (.text:ti_sysbios_heaps_HeapMem_Object__get__S)
                  01014104    00000004     --HOLE-- [fill = 0]
                  01014108    00000014     sysbios.aem4 : BIOS.obj (.text:ti_sysbios_knl_Clock_tickReconfig__E)
                  0101411c    00000014     release_pem4.oem4 (.text:ti_sysbios_knl_Swi_Object__get__S)
                  01014130    00000012     drivers_cc32xx.aem4 : RingBuf.oem4 (.text:RingBuf_construct)
                  01014142    00000012     dpl_cc32xx.aem4 : SemaphoreP_tirtos.oem4 (.text:SemaphoreP_pend)
                  01014154    00000004     --HOLE-- [fill = 0]
                  01014158    00000012     sysbios.aem4 : BIOS.obj (.text:_pthread_runStub$41)
                  0101416a    00000006     --HOLE-- [fill = 0]
                  01014170    00000012                  : BIOS.obj (.text:ti_sysbios_hal_Hwi_Module_startup__E)
                  01014182    00000012     rtsv7M4_T_le_eabi.lib : wcslen.c.obj (.text:wcslen)
                  01014194    00000012     release_pem4.oem4 (.text:xdc_runtime_Startup_exec__I)
                  010141a6    00000010     dpl_cc32xx.aem4 : HwiP_tirtos.oem4 (.text:HwiP_Params_init)
                  010141b6    00000010     simplelink.a : sl_socket.obj (.text:SL_SOCKET_FD_ZERO)
                  010141c6    00000010                  : driver.obj (.text:_SlDrvDispatchHttpServerEvents)
                  010141d6    00000010                  : driver.obj (.text:_SlDrvDispatchNetAppRequestEvents)
                  010141e6    00000010                  : driver.obj (.text:_SlDrvIsSpawnOwnGlobalLock)
                  010141f6    00000010     CC3220SF_LAUNCHXL.obj (.text:dmaErrorFxn)
                  01014206    00000002     --HOLE-- [fill = 0]
                  01014208    00000010     rtsv7M4_T_le_eabi.lib : isspace.c.obj (.text:isspace)
                  01014218    00000010                           : isxdigit.c.obj (.text:isxdigit)
                  01014228    00000010     sysbios.aem4 : BIOS.obj (.text:pthread_mutexattr_init)
                  01014238    00000010                  : BIOS.obj (.text:pthread_mutexattr_settype)
                  01014248    00000010     drivers_cc32xx.aem4 : UARTCC32XX.oem4 (.text:readBlockingTimeout)
                  01014258    00000010     sysbios.aem4 : BIOS.obj (.text:ti_sysbios_BIOS_getCpuFreq__E)
                  01014268    00000010                  : BIOS.obj (.text:ti_sysbios_BIOS_setThreadType__E)
                  01014278    00000010                  : BIOS.obj (.text:ti_sysbios_BIOS_start__E)
                  01014288    00000010                  : m3_TaskSupport_asm.obj (.text:ti_sysbios_family_arm_m3_TaskSupport_glue)
                  01014298    00000010                  : BIOS.obj (.text:ti_sysbios_gates_GateMutex_Instance_finalize__E)
                  010142a8    00000010     release_pem4.oem4 (.text:ti_sysbios_knl_Mailbox_Object__get__S)
                  010142b8    00000010     sysbios.aem4 : BIOS.obj (.text:ti_sysbios_knl_Semaphore_Instance_finalize__E)
                  010142c8    00000010                  : BIOS.obj (.text:ti_sysbios_knl_Swi_disable__E)
                  010142d8    00000010     release_pem4.oem4 (.text:ti_sysbios_knl_Task_Object__get__S)
                  010142e8    00000010     sysbios.aem4 : BIOS.obj (.text:ti_sysbios_knl_Task_disable__E)
                  010142f8    00000010     rtsv7M4_T_le_eabi.lib : tolower.c.obj (.text:tolower)
                  01014308    00000010                           : toupper.c.obj (.text:toupper)
                  01014318    00000010     sysbios.aem4 : BIOS.obj (.text:xdc_runtime_Memory_free__E)
                  01014328    00000010                  : BIOS.obj (.text:xdc_runtime_SysCallback_abort__E)
                  01014338    00000010                  : BIOS.obj (.text:xdc_runtime_SysCallback_exit__E)
                  01014348    0000000e     drivers_cc32xx.aem4 : RingBuf.oem4 (.text:RingBuf_isFull)
                  01014356    0000000e     simplelink.a : driver.obj (.text:_SlDrvResetCmdExt)
                  01014364    0000000e     rtsv7M4_T_le_eabi.lib : copy_decompress_none.c.obj (.text:decompress:none:__TI_decompress_none)
                  01014372    0000000e     drivers_cc32xx.aem4 : SPICC32XXDMA.oem4 (.text:postNotifyFxn)
                  01014380    0000000e     sysbios.aem4 : BIOS.obj (.text:sem_wait)
                  0101438e    0000000e     simplelink.a : cc_pal.obj (.text:spi_Close)
                  0101439c    00000004     --HOLE-- [fill = 0]
                  010143a0    0000000e     sysbios.aem4 : BIOS.obj (.text:ti_sysbios_knl_Idle_loop__E)
                  010143ae    00000002     --HOLE-- [fill = 0]
                  010143b0    0000000e                  : BIOS.obj (.text:ti_sysbios_knl_Queue_empty__E)
                  010143be    0000000c     CC3220SF_LAUNCHXL.obj (.text:CC3220SF_LAUNCHXL_initGeneral)
                  010143ca    0000000c     dpl_cc32xx.aem4 : ClockP_tirtos.oem4 (.text:ClockP_delete)
                  010143d6    0000000c                     : HwiP_tirtos.oem4 (.text:HwiP_delete)
                  010143e2    00000002     --HOLE-- [fill = 0]
                  010143e4    0000000c     network_handler.obj (.text:Network_IF_ResetMCUStateMachine)
                  010143f0    0000000c     simplelink.a : cc_pal.obj (.text:NwpMaskInterrupt)
                  010143fc    0000000c                  : cc_pal.obj (.text:NwpUnMaskInterrupt)
                  01014408    0000000c     drivers_cc32xx.aem4 : PowerCC32XX.oem4 (.text:Power_getConstraintMask)
                  01014414    0000000c     dpl_cc32xx.aem4 : SemaphoreP_tirtos.oem4 (.text:SemaphoreP_delete)
                  01014420    0000000c     network_handler.obj (.text:SimpleLinkHttpServerEventHandler)
                  0101442c    0000000c     network_handler.obj (.text:SimpleLinkNetAppRequestEventHandler)
                  01014438    0000000c     simplelink.a : device.obj (.text:_SlDeviceResetRequestInitCompletedCB)
                  01014444    0000000c     rtsv7M4_T_le_eabi.lib : _lock.c.obj (.text:_register_lock)
                  01014450    0000000c                           : _lock.c.obj (.text:_register_unlock)
                  0101445c    0000000c                           : copy_zero_init.c.obj (.text:decompress:ZI:__TI_zero_init)
                  01014468    0000000c     drivers_cc32xx.aem4 : UARTCC32XX.oem4 (.text:postNotifyFxn)
                  01014474    00000004     --HOLE-- [fill = 0]
                  01014478    0000000c     sysbios.aem4 : BIOS.obj (.text:pthread_self)
                  01014484    0000000c     release_pem4.oem4 (.text:ti_sysbios_family_arm_m3_Hwi_Params__init__S)
                  01014490    0000000c     sysbios.aem4 : BIOS.obj (.text:ti_sysbios_family_arm_m3_Hwi_disableFxn__E)
                  0101449c    00000004     --HOLE-- [fill = 0]
                  010144a0    0000000c                  : BIOS.obj (.text:ti_sysbios_family_arm_m3_TaskSupport_getStackAlignment__E)
                  010144ac    00000004     --HOLE-- [fill = 0]
                  010144b0    0000000c                  : BIOS.obj (.text:ti_sysbios_gates_GateHwi_enter__E)
                  010144bc    0000000c     release_pem4.oem4 (.text:ti_sysbios_knl_Clock_Params__init__S)
                  010144c8    0000000c     sysbios.aem4 : BIOS.obj (.text:ti_sysbios_knl_Clock_getTicks__E)
                  010144d4    00000004     --HOLE-- [fill = 0]
                  010144d8    0000000c                  : BIOS.obj (.text:ti_sysbios_knl_Clock_setTicks__E)
                  010144e4    00000004     --HOLE-- [fill = 0]
                  010144e8    0000000c                  : BIOS.obj (.text:ti_sysbios_knl_Clock_tickStart__E)
                  010144f4    00000004     --HOLE-- [fill = 0]
                  010144f8    0000000c                  : BIOS.obj (.text:ti_sysbios_knl_Clock_tickStop__E)
                  01014504    0000000c     release_pem4.oem4 (.text:ti_sysbios_knl_Queue_Object__get__S)
                  01014510    0000000c     release_pem4.oem4 (.text:ti_sysbios_knl_Semaphore_Params__init__S)
                  0101451c    0000000c     release_pem4.oem4 (.text:ti_sysbios_knl_Task_Params__init__S)
                  01014528    0000000c     sysbios.aem4 : BIOS.obj (.text:ti_sysbios_knl_Task_self__E)
                  01014534    00000004     --HOLE-- [fill = 0]
                  01014538    0000000c                  : BIOS.obj (.text:ti_sysbios_rts_ti_ReentSupport_taskRegHook__I)
                  01014544    0000000c     driverlib.a : udma.obj (.text:uDMAErrorStatusClear)
                  01014550    0000000c                 : udma.obj (.text:uDMAErrorStatusGet)
                  0101455c    00000004     --HOLE-- [fill = 0]
                  01014560    0000000c     sysbios.aem4 : BIOS.obj (.text:xdc_runtime_Startup_rtsDone__E)
                  0101456c    0000000a     dpl_cc32xx.aem4 : ClockP_tirtos.oem4 (.text:ClockP_Params_init)
                  01014576    0000000a     drivers_cc32xx.aem4 : SPI.oem4 (.text:SPI_close)
                  01014580    0000000a                         : SPI.oem4 (.text:SPI_transfer)
                  0101458a    0000000a     network_handler.obj (.text:SimpleLinkNetAppRequestMemFreeEventHandler)
                  01014594    0000000a     drivers_cc32xx.aem4 : UART.oem4 (.text:UART_control)
                  0101459e    0000000a                         : UART.oem4 (.text:UART_readPolling)
                  010145a8    0000000a                         : UART.oem4 (.text:UART_writePolling)
                  010145b2    0000000a     rtsv7M4_T_le_eabi.lib : sprintf.c.obj (.text:_outc)
                  010145bc    00000004     --HOLE-- [fill = 0]
                  010145c0    0000000a     sysbios.aem4 : BIOS.obj (.text:sem_destroy)
                  010145ca    00000006     --HOLE-- [fill = 0]
                  010145d0    0000000a                  : BIOS.obj (.text:sem_post)
                  010145da    0000000a     simplelink.a : device.obj (.text:sl_Task)
                  010145e4    0000000a     release_pem4.oem4 (.text:xdc_runtime_IHeap_alloc)
                  010145ee    0000000a     release_pem4.oem4 (.text:xdc_runtime_IHeap_free)
                  010145f8    00000008     dpl_cc32xx.aem4 : SemaphoreP_tirtos.oem4 (.text:SemaphoreP_Params_init)
                  01014600    00000008     simplelink.a : cc_pal.obj (.text:TimerGetCurrentTimestamp)
                  01014608    00000008     drivers_cc32xx.aem4 : SPICC32XXDMA.oem4 (.text:blockingTransferCallback)
                  01014610    00000008     rtsv7M4_T_le_eabi.lib : s_copysign.c.obj (.text:copysign)
                  01014618    00000008     userconfig.obj (.text:get_userconfig_pointer)
                  01014620    00000008     sysbios.aem4 : BIOS.obj (.text:pthread_attr_setstacksize)
                  01014628    00000008                  : BIOS.obj (.text:pthread_mutex_lock)
                  01014630    00000008     drivers_cc32xx.aem4 : UARTCC32XX.oem4 (.text:readSemCallback)
                  01014638    00000008     sysbios.aem4 : BIOS.obj (.text:ti_sysbios_family_arm_m3_Hwi_doSwiRestore__I)
                  01014640    00000008                  : BIOS.obj (.text:ti_sysbios_family_arm_m3_Hwi_startup__E)
                  01014648    00000008     drivers_cc32xx.aem4 : UARTCC32XX.oem4 (.text:writeSemCallback)
                  01014650    00000006     sysbios.aem4 : BIOS.obj (.text:ti_sysbios_family_arm_m3_Hwi_doTaskRestore__I)
                  01014656    00000002     --HOLE-- [fill = 0]
                  01014658    00000006                  : BIOS.obj (.text:ti_sysbios_family_arm_m3_Hwi_restoreFxn__E)
                  0101465e    00000002     --HOLE-- [fill = 0]
                  01014660    00000006                  : BIOS.obj (.text:ti_sysbios_gates_GateHwi_leave__E)
                  01014666    00000002     --HOLE-- [fill = 0]
                  01014668    00000006                  : BIOS.obj (.text:ti_sysbios_heaps_HeapMem_isBlocking__E)
                  0101466e    00000002     --HOLE-- [fill = 0]
                  01014670    00000006                  : BIOS.obj (.text:ti_sysbios_knl_Clock_stop__E)
                  01014676    00000002     --HOLE-- [fill = 0]
                  01014678    00000006                  : BIOS.obj (.text:ti_sysbios_knl_Queue_Instance_init__E)
                  0101467e    00000002     --HOLE-- [fill = 0]
                  01014680    00000006                  : BIOS.obj (.text:ti_sysbios_knl_Swi_startup__E)
                  01014686    00000002     --HOLE-- [fill = 0]
                  01014688    00000006                  : BIOS.obj (.text:xdc_runtime_System_Module_startup__E)
                  0101468e    00000002     --HOLE-- [fill = 0]
                  01014690    00000004                  : BIOS.obj (.text:__aeabi_errno_addr)
                  01014694    00000004     --HOLE-- [fill = 0]
                  01014698    00000004                  : BIOS.obj (.text:ti_sysbios_family_arm_m3_Timer_getMaxTicks__E)
                  0101469c    00000004     --HOLE-- [fill = 0]
                  010146a0    00000004                  : BIOS.obj (.text:ti_sysbios_gates_GateHwi_query__E)
                  010146a4    00000004     --HOLE-- [fill = 0]
                  010146a8    00000004                  : BIOS.obj (.text:ti_sysbios_gates_GateMutex_query__E)
                  010146ac    00000004     --HOLE-- [fill = 0]
                  010146b0    00000004                  : BIOS.obj (.text:ti_sysbios_knl_Clock_setTimeout__E)
                  010146b4    00000004     --HOLE-- [fill = 0]
                  010146b8    00000004                  : BIOS.obj (.text:ti_sysbios_knl_Task_startup__E)
                  010146bc    00000004     --HOLE-- [fill = 0]
                  010146c0    00000002                  : BIOS.obj (.text:ti_sysbios_BIOS_linkedWithIncorrectBootLibrary__E)
                  010146c2    00000006     --HOLE-- [fill = 0]
                  010146c8    00000002                  : BIOS.obj (.text:ti_sysbios_gates_GateHwi_Instance_init__E)
                  010146ca    00000006     --HOLE-- [fill = 0]
                  010146d0    00000002                  : BIOS.obj (.text:ti_sysbios_knl_Clock_logTick__E)
                  010146d2    00000006     --HOLE-- [fill = 0]
                  010146d8    00000002                  : BIOS.obj (.text:xdc_runtime_SysCallback_defaultAbort)
                  010146da    00000006     --HOLE-- [fill = 0]
                  010146e0    00000002                  : BIOS.obj (.text:xdc_runtime_SysCallback_defaultExit)
                  010146e2    00000006     --HOLE-- [fill = 0]
                  010146e8    00000002                  : BIOS.obj (.text:xdc_runtime_System_abortSpin__E)
                  010146ea    00000006     --HOLE-- [fill = 0]
                  010146f0    00000002                  : BIOS.obj (.text:xdc_runtime_System_exitSpin__E)

.const     0    010146f4    00000ee2     
                  010146f4    00000101     rtsv7M4_T_le_eabi.lib : ctype.c.obj (.const:.string:_ctypes_)
                  010147f5    00000001     release_pem4.oem4 (.const:ti_sysbios_knl_Clock_tickMode__C)
                  010147f6    00000002     release_pem4.oem4 (.const:ti_sysbios_family_arm_m3_Hwi_Module__id__C)
                  010147f8    00000100     driverlib.a : pin.obj (.const:g_ulPinToPadMap)
                  010148f8    000000c8     network_handler.obj (.const:.string:$P$T12$13)
                  010149c0    000000a8     driverlib.a : prcm.obj (.const:PRCM_PeriphRegsList)
                  01014a68    00000078     CC3220SF_LAUNCHXL.obj (.const:spiCC3220SDMAHWAttrs)
                  01014ae0    00000070     simplelink.a : driver.obj (.const:OpcodeTranslateTable)
                  01014b50    00000064     network_handler.obj (.const:.string:$P$T13$14)
                  01014bb4    00000058     release_pem4.oem4 (.const:.string)
                  01014c0c    00000058     simplelink.a : driver.obj (.const:_SlActionLookupTable)
                  01014c64    00000048     CC3220SF_LAUNCHXL.obj (.const:uartCC3220SHWAttrs)
                  01014cac    00000044     release_pem4.oem4 (.const:ti_sysbios_knl_Task_Object__PARAMS__C)
                  01014cf0    00000040     system.obj (.const:.string:$P$T3$4)
                  01014d30    00000040     CC3220SF_LAUNCHXL.obj (.const:PowerCC32XX_config)
                  01014d70    00000030     release_pem4.oem4 (.const:ti_sysbios_family_arm_m3_Hwi_Object__PARAMS__C)
                  01014da0    00000028     drivers_cc32xx.aem4 : UARTCC32XX.oem4 (.const:UARTCC32XX_fxnTable)
                  01014dc8    00000028     release_pem4.oem4 (.const:ti_sysbios_heaps_HeapMem_Module__FXNS__C)
                  01014df0    00000024     drivers_cc32xx.aem4 : UART.oem4 (.const:UART_defaultParams)
                  01014e14    00000024     release_pem4.oem4 (.const:ti_sysbios_gates_GateHwi_Module__FXNS__C)
                  01014e38    00000024     release_pem4.oem4 (.const:ti_sysbios_gates_GateMutex_Module__FXNS__C)
                  01014e5c    00000024     release_pem4.oem4 (.const:ti_sysbios_heaps_HeapMem_Object__PARAMS__C)
                  01014e80    00000024     release_pem4.oem4 (.const:ti_sysbios_knl_Clock_Object__PARAMS__C)
                  01014ea4    00000024     release_pem4.oem4 (.const:ti_sysbios_knl_Semaphore_Object__PARAMS__C)
                  01014ec8    00000022     network_handler.obj (.const:.string:$P$T9$10)
                  01014eea    00000021     drivers_cc32xx.aem4 : GPIOCC32XX.oem4 (.const:.string:pinTable)
                  01014f0b    00000020     system.obj (.const:.string:$P$T2$3)
                  01014f2b    00000001     release_pem4.oem4 (.const:ti_sysbios_knl_Clock_tickSource__C)
                  01014f2c    00000020     simplelink.a : fs.obj (.const:FlagsTranslate)
                  01014f4c    00000020                  : driver.obj (.const:RxMsgClassLUT)
                  01014f6c    00000020     drivers_cc32xx.aem4 : SPI.oem4 (.const:SPI_defaultParams)
                  01014f8c    00000020     simplelink.a : device.obj (.const:StartResponseLUT)
                  01014fac    00000020     drivers_cc32xx.aem4 : UARTCC32XX.oem4 (.const:staticFxnTable)
                  01014fcc    00000020     release_pem4.oem4 (.const:ti_sysbios_family_arm_m3_Hwi_Object__DESC__C)
                  01014fec    00000020     release_pem4.oem4 (.const:ti_sysbios_gates_GateHwi_Object__DESC__C)
                  0101500c    00000020     release_pem4.oem4 (.const:ti_sysbios_gates_GateMutex_Object__DESC__C)
                  0101502c    00000020     release_pem4.oem4 (.const:ti_sysbios_heaps_HeapMem_Object__DESC__C)
                  0101504c    00000020     release_pem4.oem4 (.const:ti_sysbios_knl_Clock_Object__DESC__C)
                  0101506c    00000020     release_pem4.oem4 (.const:ti_sysbios_knl_Queue_Object__DESC__C)
                  0101508c    00000020     release_pem4.oem4 (.const:ti_sysbios_knl_Semaphore_Object__DESC__C)
                  010150ac    00000020     release_pem4.oem4 (.const:ti_sysbios_knl_Task_Object__DESC__C)
                  010150cc    00000020     release_pem4.oem4 (.const:xdc_runtime_Startup_sfxnTab__A)
                  010150ec    00000018     drivers_cc32xx.aem4 : SPICC32XXDMA.oem4 (.const:SPICC32XXDMA_fxnTable)
                  01015104    00000018     CC3220SF_LAUNCHXL.obj (.const:SPI_config)
                  0101511c    00000018     CC3220SF_LAUNCHXL.obj (.const:UART_config)
                  01015134    00000018     release_pem4.oem4 (.const:ti_sysbios_gates_GateHwi_Object__PARAMS__C)
                  0101514c    00000018     release_pem4.oem4 (.const:ti_sysbios_gates_GateMutex_Object__PARAMS__C)
                  01015164    00000018     release_pem4.oem4 (.const:ti_sysbios_knl_Queue_Object__PARAMS__C)
[...]
010146a1  xdc_runtime_System_Module_GateProxy_query__E                    
010146a9  ti_sysbios_BIOS_RtsGateProxy_query__E                           
010146a9  ti_sysbios_gates_GateMutex_query__E                             
010146a9  ti_sysbios_heaps_HeapMem_Module_GateProxy_query__E              
010146b1  ti_sysbios_knl_Clock_setTimeout__E                              
010146b9  ti_sysbios_knl_Task_startup__E                                  
010146c1  ti_sysbios_BIOS_linkedWithIncorrectBootLibrary__E               
010146c9  ti_sysbios_gates_GateHwi_Instance_init__E                       
010146d1  ti_sysbios_knl_Clock_logTick__E                                 
010146d9  xdc_runtime_SysCallback_defaultAbort                            
010146e1  xdc_runtime_SysCallback_defaultExit                             
010146e9  xdc_runtime_System_abortSpin__E                                 
010146f1  xdc_runtime_System_exitSpin__E                                  
010146f4  _ctypes_                                                        
010147f5  ti_sysbios_knl_Clock_tickMode__C                                
010147f6  ti_sysbios_family_arm_m3_Hwi_Module__id__C                      
01014a68  spiCC3220SDMAHWAttrs                                            
01014ae0  OpcodeTranslateTable                                            
01014c0c  _SlActionLookupTable                                            
01014c64  uartCC3220SHWAttrs                                              
01014cac  ti_sysbios_knl_Task_Object__PARAMS__C                           
01014d30  PowerCC32XX_config                                              
01014d70  ti_sysbios_family_arm_m3_Hwi_Object__PARAMS__C                  
01014da0  UARTCC32XX_fxnTable                                             
01014dc8  ti_sysbios_heaps_HeapMem_Module__FXNS__C                        
01014df0  UART_defaultParams                                              
01014e14  ti_sysbios_gates_GateHwi_Module__FXNS__C                        
01014e38  ti_sysbios_gates_GateMutex_Module__FXNS__C                      
01014e5c  ti_sysbios_heaps_HeapMem_Object__PARAMS__C                      
01014e80  ti_sysbios_knl_Clock_Object__PARAMS__C                          
01014ea4  ti_sysbios_knl_Semaphore_Object__PARAMS__C                      
01014f2b  ti_sysbios_knl_Clock_tickSource__C                              
01014f2c  FlagsTranslate                                                  
01014f6c  SPI_defaultParams                                               
01014fcc  ti_sysbios_family_arm_m3_Hwi_Object__DESC__C                    
01014fec  ti_sysbios_gates_GateHwi_Object__DESC__C                        
0101500c  ti_sysbios_gates_GateMutex_Object__DESC__C                      
0101502c  ti_sysbios_heaps_HeapMem_Object__DESC__C                        
0101504c  ti_sysbios_knl_Clock_Object__DESC__C                            
0101506c  ti_sysbios_knl_Queue_Object__DESC__C                            
0101508c  ti_sysbios_knl_Semaphore_Object__DESC__C                        
010150ac  ti_sysbios_knl_Task_Object__DESC__C                             
010150cc  xdc_runtime_Startup_sfxnTab__A                                  
010150ec  SPICC32XXDMA_fxnTable                                           
01015104  SPI_config                                                      
0101511c  UART_config                                                     
01015134  ti_sysbios_gates_GateHwi_Object__PARAMS__C                      
0101514c  ti_sysbios_gates_GateMutex_Object__PARAMS__C                    
01015164  ti_sysbios_knl_Queue_Object__PARAMS__C                          
0101517c  ti_sysbios_knl_Task_hooks__A                                    
010151ed  xdc_runtime_Error_policy__C                                     
010151ee  ti_sysbios_family_arm_m3_Timer_Module__id__C                    
01015290  GPIOCC32XX_config                                               
01015305  xdc_runtime_Text_charTab__A                                     
01015306  ti_sysbios_heaps_HeapMem_Module__id__C                          
01015348  xdc_runtime_Startup_sfxnRts__A                                  
0101537f  ADC_count                                                       
01015380  Capture_count                                                   
01015381  CryptoCC32XX_count                                              
01015382  Display_count                                                   
01015383  I2C_count                                                       
01015384  I2S_count                                                       
01015385  PWM_count                                                       
01015386  SDFatFS_count                                                   
01015387  SD_count                                                        
01015388  SPI_count                                                       
01015389  Timer_count                                                     
0101538a  UART_count                                                      
0101538b  Watchdog_count                                                  
010153c8  udmaCC3220SHWAttrs                                              
010153d4  xdc_runtime_Startup_firstFxns__A                                
0101540c  UDMACC32XX_config                                               
0101542c  outPinTypes                                                     
0101543c  ti_sysbios_knl_Idle_funcList__A                                 
01015444  ti_sysbios_knl_Idle_funcList__C                                 
0101544c  ti_sysbios_knl_Task_hooks__C                                    
01015454  xdc_runtime_Startup_firstFxns__C                                
0101545c  xdc_runtime_Startup_lastFxns__C                                 
01015472  inPinTypes                                                      
01015478  outPinStrengths                                                 
010154b8  _SlNetAppSendResponseCmdCtrl                                    
010154bc  _SlNetAppSendTokenValueCmdCtrl                                  
010154d0  _SlProvisioningCmdCtrl                                          
010154fc  ti_sysbios_family_arm_m3_Hwi_E_alreadyDefined__C                
01015500  ti_sysbios_family_arm_m3_Hwi_NUM_INTERRUPTS__C                  
01015504  ti_sysbios_family_arm_m3_Hwi_Object__count__C                   
01015508  ti_sysbios_family_arm_m3_Hwi_ccr__C                             
0101550c  ti_sysbios_family_arm_m3_Hwi_excHandlerFunc__C                  
01015510  ti_sysbios_family_arm_m3_Hwi_nullIsrFunc__C                     
01015514  ti_sysbios_family_arm_m3_Hwi_priGroup__C                        
01015518  ti_sysbios_family_arm_m3_Hwi_swiDisable__C                      
0101551c  ti_sysbios_family_arm_m3_Hwi_swiRestoreHwi__C                   
01015520  ti_sysbios_family_arm_m3_TaskSupport_stackAlignment__C          
01015524  ti_sysbios_family_arm_m3_Timer_E_cannotSupport__C               
01015528  ti_sysbios_family_arm_m3_Timer_startupNeeded__C                 
0101552c  ti_sysbios_gates_GateMutex_Instance_State_sem__O                
01015530  ti_sysbios_heaps_HeapMem_E_memory__C                            
01015534  ti_sysbios_heaps_HeapMem_Module__gateObj__C                     
01015538  ti_sysbios_heaps_HeapMem_Object__count__C                       
0101553c  ti_sysbios_heaps_HeapMem_primaryHeapBaseAddr__C                 
01015540  ti_sysbios_heaps_HeapMem_primaryHeapEndAddr__C                  
01015544  ti_sysbios_heaps_HeapMem_reqAlign__C                            
01015548  ti_sysbios_knl_Clock_Module_State_clockQ__O                     
0101554c  ti_sysbios_knl_Clock_tickPeriod__C                              
01015550  ti_sysbios_knl_Mailbox_Instance_State_freeQue__O                
01015554  ti_sysbios_knl_Mailbox_Object__count__C                         
01015558  ti_sysbios_knl_Mailbox_maxTypeAlign__C                          
0101555c  ti_sysbios_knl_Semaphore_Instance_State_pendQ__O                
01015560  ti_sysbios_knl_Swi_Object__count__C                             
01015564  ti_sysbios_knl_Task_Module_State_inactiveQ__O                   
01015568  ti_sysbios_knl_Task_Object__count__C                            
0101556c  ti_sysbios_knl_Task_Object__heap__C                             
01015570  ti_sysbios_knl_Task_allBlockedFunc__C                           
01015574  ti_sysbios_knl_Task_defaultStackHeap__C                         
01015578  ti_sysbios_knl_Task_defaultStackSize__C                         
0101557c  ti_sysbios_knl_Task_numConstructedTasks__C                      
01015580  xdc_runtime_Error_E_memory__C                                   
01015584  xdc_runtime_Error_policyFxn__C                                  
01015588  xdc_runtime_IGateProvider_Interface__BASE__C                    
0101558c  xdc_runtime_IHeap_Interface__BASE__C                            
01015590  xdc_runtime_IModule_Interface__BASE__C                          
01015594  xdc_runtime_Memory_defaultHeapInstance__C                       
01015598  xdc_runtime_Startup_execImpl__C                                 
0101559c  xdc_runtime_Startup_maxPasses__C                                
010155a0  xdc_runtime_Startup_sfxnRts__C                                  
010155a4  xdc_runtime_Startup_sfxnTab__C                                  
010155a8  xdc_runtime_SysCallback_abortFxn__C                             
010155ac  xdc_runtime_SysCallback_exitFxn__C                              
010155b0  xdc_runtime_System_Module__gateObj__C                           
010155b4  xdc_runtime_System_abortFxn__C                                  
010155b8  xdc_runtime_System_exitFxn__C                                   
010155bc  xdc_runtime_System_maxAtexitHandlers__C                         
010155c0  xdc_runtime_Text_charTab__C                                     
010155c4  xdc_runtime_Text_nameEmpty__C                                   
010155c8  xdc_runtime_Text_nameStatic__C                                  
010155cc  xdc_runtime_Text_nameUnknown__C                                 
010155d0  xdc_runtime_Memory_Module__id__C                                
010155d2  xdc_runtime_Text_charCnt__C                                     
010155d4  xdc_runtime_Text_isLoaded__C                                    
010155d8  __TI_static_base__                                              
01015850  __TI_Handler_Table_Base                                         
0101585c  __TI_Handler_Table_Limit                                        
01015868  __TI_CINIT_Base                                                 
01015878  __TI_CINIT_Limit                                                
20000000  ti_sysbios_family_arm_m3_Hwi_ramVectors                         
20000310  __primary_heap_start__                                          
20008310  __primary_heap_end__                                            
20008310  gBuff_tx                                                        
20009310  router_list                                                     
2000a310  PowerCC32XX_module                                              
2000a47c  parkInfo                                                        
2000a5fc  ti_sysbios_knl_Swi_Module_State_0_readyQ__A                     
2000a67c  ti_sysbios_knl_Task_Module_State_0_readyQ__A                    
2000a6fc  ti_sysbios_knl_Task_Object__table__V                            
2000a758  ti_sysbios_gates_GateMutex_Object__table__V                     
2000a7ac  ti_sysbios_knl_Task_Module__state__V                            
2000a7f4  ap_pass                                                         
2000a834  ti_sysbios_family_arm_m3_Hwi_Module__state__V                   
2000a868  ti_sysbios_family_arm_m3_Timer_Object__table__V                 
2000a898  ti_sysbios_knl_Swi_Object__table__V                             
2000a8c8  ti_sysbios_knl_Clock_Module__state__V                           
2000a8f4  g_LibsEvents                                                    
2000a918  g_UserEvents                                                    
2000a93c  uip1                                                            
2000a940  g_ulDestinationIp                                               
2000a944  g_uiPortNum                                                     
2000a948  g_ulPacketCount                                                 
2000a94c  g_ucConnectionStatus                                            
2000a94d  g_ucSimplelinkstarted                                           
2000a950  g_ulIpAddr                                                      
2000a954  audio_mode                                                      
2000a958  flag                                                            
2000a95c  reader                                                          
2000a960  ti_sysbios_BIOS_Module__state__V                                
2000a984  ap_ssid                                                         
2000a9a4  gpioPinConfigs                                                  
2000a9c4  grecv_pos_write                                                 
2000a9c6  grecv_pos_read                                                  
2000a9c8  ginit_buff_status                                               
2000a9cc  ginit                                                           
2000a9d0  bootmem                                                         
2000a9d4  send_ptr                                                        
2000a9d8  gsend_pos_write                                                 
2000a9dc  gsend_pos_read                                                  
2000a9e0  count                                                           
2000a9e4  xdc_runtime_Error_IgnoreBlock                                   
2000aa04  ti_sysbios_knl_Swi_Module__state__V                             
2000aa20  ti_sysbios_family_arm_m3_Hwi_Object__table__V                   
2000aa38  ti_sysbios_heaps_HeapMem_Object__table__V                       
2000aa50  gpioCallbackFunctions                                           
2000aa60  thread_tcp                                                      
2000aa64  thread_spi                                                      
2000aa68  thread_cli                                                      
2000aa6c  spawnThread                                                     
2000aa7d  lineBreak                                                       
2000aa80  g_ulStaIp                                                       
2000aa84  g_ulGatewayIP                                                   
2000aa88  g_ulStatus                                                      
2000aa8c  gGlobalLockCntRequested                                         
2000aa8d  gGlobalLockCntReleased                                          
2000aa8e  g_SlDeviceStatus                                                
2000aa90  g_pCB                                                           
2000aa94  pPingCallBackFunc                                               
2000aa98  ti_sysbios_family_arm_m3_Timer_Module__state__V                 
2000aab0  _lock                                                           
2000aab4  _unlock                                                         
2000aab8  ap_sec                                                          
2000aac8  ti_sysbios_family_arm_cc32xx_Seconds_Module__state__V           
2000aad0  ti_sysbios_family_arm_m3_Hwi_Module__root__V                    
2000aad8  ti_sysbios_gates_GateHwi_Module__root__V                        
2000aae0  ti_sysbios_gates_GateMutex_Module__root__V                      
2000aae8  ti_sysbios_heaps_HeapMem_Module__root__V                        
2000aaf0  ti_sysbios_knl_Clock_Module__root__V                            
2000aaf8  ti_sysbios_knl_Queue_Module__root__V                            
2000ab00  ti_sysbios_knl_Semaphore_Module__root__V                        
2000ab08  ti_sysbios_knl_Task_Module__root__V                             
2000ab10  xdc_runtime_Startup_Module__state__V                            
2000ab18  xdc_runtime_System_Module_State_0_atexitHandlers__A             
2000ab20  xdc_runtime_System_Module__state__V                             
2000ab28  main_func_sp                                                    
2000ab30  g_intHandle                                                     
2000ab34  gMode                                                           
2000ab38  ti_sysbios_family_arm_m3_Hwi_Module_State_0_excContext__A       
2000ab3c  ti_sysbios_family_arm_m3_Hwi_Module_State_0_excStack__A         
2000ab40  ti_sysbios_gates_GateHwi_Object__table__V                       
2000ab44  ti_sysbios_knl_Task_Module_State_0_idleTask__A                  
2000ab48  ti_sysbios_rts_ti_ReentSupport_Module__state__V                 
2000ab4c  xdc_runtime_Memory_Module__state__V                             
2000ab50  ti_sysbios_family_arm_m3_Hwi_Module_State_0_excActive__A        
2000ac00  app_CB                                                          
2000b800  g_CB                                                            
2000bbfc  ti_sysbios_family_arm_m3_Hwi_dispatchTable                      
2000bf08  g_NetEntries                                                    
2000c1c8  ti_sysbios_knl_Task_Instance_State_0_stack__A                   
2000c3c8  PowerCC32XX_contextSave                                         
2000c4f4  uartCC3220SObjects                                              
2000c5fc  spiCC3220SDMAObjects                                            
2000c684  USERCONFIG                                                      
2000c6f0  uartCC3220SRingBuffer                                           
2000c730  GlobalLockObj                                                   
2000c75c  clientMutex                                                     
2000c788  g_SlInternalSpawnCB                                             
2000c7b0  g_ucConnectionSSID                                              
2000c7f4  wifi_name                                                       
2000c814  guserconfig_init                                                
2000c830  slave                                                           
2000c874  DeviceCB                                                        
2000c880  Msg                                                             
2000c894  g_ucConnectionBSSID                                             
2000c8a0  spiCC3220SDMAscratchBuf                                         
2000c8a8  udmaCC3220SObject                                               
2000c8b0  ClockP_tickPeriod                                               
2000c8b4  ti_sysbios_knl_Task_Instance_State_0_hookEnv__A                 
2000c8b8  g_usConnectIndex                                                
2000c8ba  RxIrqCnt                                                        
2003fc00  __stack                                                         
20040000  __STACK_END                                                     
e000e000  ti_sysbios_family_arm_m3_Hwi_nvic                               
ffffffff  __TI_pprof_out_hndl                                             
ffffffff  __TI_prof_data_size                                             
ffffffff  __TI_prof_data_start                                            
ffffffff  __binit__                                                       
ffffffff  __c_args__                                                      
ffffffff  binit                                                           
UNDEFED   SHT$$INIT_ARRAY$$Base                                           
UNDEFED   SHT$$INIT_ARRAY$$Limit                                          

[901 symbols]
